Product: MDK-ARM Professional 5.10
Component: ARM Compiler 5.04 update 1 (build 49)
Tool: armlink [5040049]

==============================================================================

Section Cross References

    main.o(.text) refers to four_motor.o(.text) for Can_get_encoder
    main.o(.text) refers to delay.o(.text) for delay_us
    main.o(.text) refers to stm32f4xx_usart.o(.text) for USART_GetFlagStatus
    main.o(.text) refers to usart3.o(.text) for USART3_SendChar
    main.o(.text) refers to rt_memclr_w.o(.text) for __aeabi_memclr4
    main.o(.text) refers to bsp.o(.text) for BSP_Init
    main.o(.text) refers to queue.o(.text) for queue_init
    main.o(.text) refers to main.o(.data) for noselect
    main.o(.text) refers to main.o(.bss) for System
    main.o(.text) refers to can2_imu.o(.data) for Gypo_Offset
    main.o(.text) refers to rt_memcpy_w.o(.text) for __aeabi_memcpy4
    system_stm32f4xx.o(.text) refers to system_stm32f4xx.o(.data) for SystemCoreClock
    can.o(.text) refers to stm32f4xx_rcc.o(.text) for RCC_AHB1PeriphClockCmd
    can.o(.text) refers to stm32f4xx_gpio.o(.text) for GPIO_Init
    can.o(.text) refers to stm32f4xx_can.o(.text) for CAN_Init
    can.o(.text) refers to misc.o(.text) for NVIC_Init
    led.o(.text) refers to stm32f4xx_rcc.o(.text) for RCC_AHB1PeriphClockCmd
    led.o(.text) refers to stm32f4xx_gpio.o(.text) for GPIO_Init
    queue.o(.text) refers to rt_memclr_w.o(.text) for __aeabi_memclr4
    four_motor.o(.text) refers to stm32f4xx_can.o(.text) for CAN_Transmit
    four_motor.o(.text) refers to tracks_gui.o(.text) for Robot_Speed_Set
    four_motor.o(.text) refers to delay.o(.text) for delay_us
    four_motor.o(.text) refers to tf.o(.text) for Motor_To_Global_tf
    four_motor.o(.text) refers to four_motor.o(.data) for motor_cnt
    four_motor.o(.text) refers to main.o(.bss) for System
    four_motor.o(.text) refers to can2_imu.o(.data) for Gypo_Offset
    four_motor.o(.text) refers to four_motor.o(.bss) for Len_M
    tracks_gui.o(.text) refers to tf.o(.text) for Robot_To_Motor_tf
    tracks_gui.o(.text) refers to f2d.o(x$fpl$f2d) for __aeabi_f2d
    tracks_gui.o(.text) refers to cos.o(i.__hardfp_cos) for __hardfp_cos
    tracks_gui.o(.text) refers to dmul.o(x$fpl$dmul) for __aeabi_dmul
    tracks_gui.o(.text) refers to d2f.o(x$fpl$d2f) for __aeabi_d2f
    tracks_gui.o(.text) refers to pow.o(i.__hardfp_pow) for __hardfp_pow
    tracks_gui.o(.text) refers to daddsub_clz.o(x$fpl$dadd) for __aeabi_dadd
    tracks_gui.o(.text) refers to sqrt.o(i.__hardfp_sqrt) for __hardfp_sqrt
    tracks_gui.o(.text) refers to ddiv.o(x$fpl$ddiv) for __aeabi_ddiv
    tracks_gui.o(.text) refers to tracks_gui.o(.bss) for Local
    tracks_gui.o(.text) refers to main.o(.bss) for Ke
    tracks_gui.o(.text) refers to tracks_gui.o(.data) for dy
    tf.o(.text) refers to f2d.o(x$fpl$f2d) for __aeabi_f2d
    tf.o(.text) refers to sin.o(i.__hardfp_sin) for __hardfp_sin
    tf.o(.text) refers to dmul.o(x$fpl$dmul) for __aeabi_dmul
    tf.o(.text) refers to cos.o(i.__hardfp_cos) for __hardfp_cos
    tf.o(.text) refers to daddsub_clz.o(x$fpl$dadd) for __aeabi_dadd
    tf.o(.text) refers to d2f.o(x$fpl$d2f) for __aeabi_d2f
    tf.o(.text) refers to basic.o(x$fpl$basic) for __aeabi_dneg
    tf.o(.text) refers to daddsub_clz.o(x$fpl$dsub) for __aeabi_dsub
    bsp.o(.text) refers to stm32f4xx_rcc.o(.text) for RCC_AHB1PeriphClockCmd
    bsp.o(.text) refers to stm32f4xx_tim.o(.text) for TIM_TimeBaseInit
    bsp.o(.text) refers to delay.o(.text) for GET_microstime
    bsp.o(.text) refers to four_motor.o(.text) for Chassis_control
    bsp.o(.text) refers to misc.o(.text) for NVIC_PriorityGroupConfig
    bsp.o(.text) refers to led.o(.text) for LED_Init
    bsp.o(.text) refers to usart3.o(.text) for USART3_Configuration
    bsp.o(.text) refers to can.o(.text) for CAN1_Mode_Init
    bsp.o(.text) refers to can2_imu.o(.text) for CAN2_Mode_Init
    bsp.o(.text) refers to bsp.o(.bss) for tim
    bsp.o(.text) refers to main.o(.bss) for System
    bsp.o(.text) refers to bsp.o(.data) for led_hz
    usart3.o(.text) refers to stm32f4xx_rcc.o(.text) for RCC_AHB1PeriphClockCmd
    usart3.o(.text) refers to stm32f4xx_gpio.o(.text) for GPIO_PinAFConfig
    usart3.o(.text) refers to stm32f4xx_usart.o(.text) for USART_Init
    usart3.o(.text) refers to rt_memcpy_w.o(.text) for __aeabi_memcpy4
    usart3.o(.text) refers to queue.o(.text) for queue_full
    usart3.o(.text) refers to main.o(.bss) for rx_queue
    delay.o(.text) refers to misc.o(.text) for NVIC_PriorityGroupConfig
    delay.o(.text) refers to stm32f4xx_rcc.o(.text) for RCC_APB1PeriphClockCmd
    delay.o(.text) refers to stm32f4xx_tim.o(.text) for TIM_DeInit
    delay.o(.text) refers to delay.o(.data) for time
    usart1_imu.o(.text) refers to stm32f4xx_usart.o(.text) for USART_GetFlagStatus
    usart1_imu.o(.text) refers to stm32f4xx_rcc.o(.text) for RCC_AHB1PeriphClockCmd
[...]
    .text                                    0x0800266c   Section        0  bsp.o(.text)
    .text                                    0x08002824   Section        0  usart3.o(.text)
    .text                                    0x08002958   Section        0  delay.o(.text)
    .text                                    0x08002aa8   Section        0  usart1_imu.o(.text)
    .text                                    0x08002f64   Section        0  can2_imu.o(.text)
    .text                                    0x080032e4   Section       64  startup_stm32f40_41xxx.o(.text)
    $v0                                      0x080032e4   Number         0  startup_stm32f40_41xxx.o(.text)
    .text                                    0x08003324   Section        0  misc.o(.text)
    .text                                    0x08003404   Section        0  stm32f4xx_gpio.o(.text)
    .text                                    0x08003698   Section        0  stm32f4xx_rcc.o(.text)
    .text                                    0x08003cf4   Section        0  stm32f4xx_usart.o(.text)
    .text                                    0x08004148   Section        0  stm32f4xx_can.o(.text)
    CheckITStatus                            0x0800494b   Thumb Code    18  stm32f4xx_can.o(.text)
    .text                                    0x08004b38   Section        0  stm32f4xx_tim.o(.text)
    TI4_Config                               0x080052d7   Thumb Code    80  stm32f4xx_tim.o(.text)
    TI3_Config                               0x08005339   Thumb Code    72  stm32f4xx_tim.o(.text)
    TI2_Config                               0x0800539b   Thumb Code    90  stm32f4xx_tim.o(.text)
    TI1_Config                               0x08005407   Thumb Code    58  stm32f4xx_tim.o(.text)
    .text                                    0x080057da   Section      100  rt_memcpy_w.o(.text)
    .text                                    0x0800583e   Section       78  rt_memclr_w.o(.text)
    .text                                    0x0800588c   Section        0  heapauxi.o(.text)
    .text                                    0x08005892   Section        0  _rserrno.o(.text)
    .text                                    0x080058a8   Section        8  rt_errno_addr_intlibspace.o(.text)
    .text                                    0x080058b0   Section        8  libspace.o(.text)
    .text                                    0x080058b8   Section       74  sys_stackheap_outer.o(.text)
    .text                                    0x08005902   Section        0  exit.o(.text)
    .text                                    0x08005910   Section        0  sys_exit.o(.text)
    .text                                    0x0800591c   Section        2  use_no_semi.o(.text)
    .text                                    0x0800591e   Section        0  indicate_semi.o(.text)
    i.__ARM_fpclassify                       0x0800591e   Section        0  fpclassify.o(i.__ARM_fpclassify)
    i.__hardfp_cos                           0x08005950   Section        0  cos.o(i.__hardfp_cos)
    i.__hardfp_pow                           0x08005a28   Section        0  pow.o(i.__hardfp_pow)
    i.__hardfp_sin                           0x08006660   Section        0  sin.o(i.__hardfp_sin)
    i.__hardfp_sqrt                          0x08006738   Section        0  sqrt.o(i.__hardfp_sqrt)
    i.__ieee754_rem_pio2                     0x080067b8   Section        0  rred.o(i.__ieee754_rem_pio2)
    i.__kernel_cos                           0x08006bf0   Section        0  cos_i.o(i.__kernel_cos)
    i.__kernel_poly                          0x08006d60   Section        0  poly.o(i.__kernel_poly)
    i.__kernel_sin                           0x08006e58   Section        0  sin_i.o(i.__kernel_sin)
    i.__mathlib_dbl_underflow                0x08006f88   Section        0  dunder.o(i.__mathlib_dbl_underflow)
    i.fabs                                   0x08006fa8   Section        0  fabs.o(i.fabs)
    i.sqrt                                   0x08006fc0   Section        0  sqrt.o(i.sqrt)
    x$fpl$basic                              0x0800702e   Section       24  basic.o(x$fpl$basic)
    $v0                                      0x0800702e   Number         0  basic.o(x$fpl$basic)
    x$fpl$d2f                                0x08007048   Section       98  d2f.o(x$fpl$d2f)
    $v0                                      0x08007048   Number         0  d2f.o(x$fpl$d2f)
    x$fpl$dadd                               0x080070ac   Section      336  daddsub_clz.o(x$fpl$dadd)
    $v0                                      0x080070ac   Number         0  daddsub_clz.o(x$fpl$dadd)
    _dadd1                                   0x080070bd   Thumb Code     0  daddsub_clz.o(x$fpl$dadd)
    x$fpl$dcheck1                            0x080071fc   Section       16  dcheck1.o(x$fpl$dcheck1)
    $v0                                      0x080071fc   Number         0  dcheck1.o(x$fpl$dcheck1)
    x$fpl$dcmpinf                            0x0800720c   Section       24  dcmpi.o(x$fpl$dcmpinf)
    $v0                                      0x0800720c   Number         0  dcmpi.o(x$fpl$dcmpinf)
    x$fpl$ddiv                               0x08007224   Section      688  ddiv.o(x$fpl$ddiv)
    $v0                                      0x08007224   Number         0  ddiv.o(x$fpl$ddiv)
    ddiv_entry                               0x0800722b   Thumb Code     0  ddiv.o(x$fpl$ddiv)
    x$fpl$dfix                               0x080074d4   Section       94  dfix.o(x$fpl$dfix)
    $v0                                      0x080074d4   Number         0  dfix.o(x$fpl$dfix)
    x$fpl$dflt                               0x08007532   Section       46  dflt_clz.o(x$fpl$dflt)
    $v0                                      0x08007532   Number         0  dflt_clz.o(x$fpl$dflt)
    x$fpl$dfltu                              0x08007560   Section       38  dflt_clz.o(x$fpl$dfltu)
    $v0                                      0x08007560   Number         0  dflt_clz.o(x$fpl$dfltu)
    x$fpl$dleqf                              0x08007588   Section      120  dleqf.o(x$fpl$dleqf)
    $v0                                      0x08007588   Number         0  dleqf.o(x$fpl$dleqf)
    x$fpl$dmul                               0x08007600   Section      340  dmul.o(x$fpl$dmul)
    $v0                                      0x08007600   Number         0  dmul.o(x$fpl$dmul)
    x$fpl$dnaninf                            0x08007754   Section      156  dnaninf.o(x$fpl$dnaninf)
    $v0                                      0x08007754   Number         0  dnaninf.o(x$fpl$dnaninf)
    x$fpl$dretinf                            0x080077f0   Section       12  dretinf.o(x$fpl$dretinf)
    $v0                                      0x080077f0   Number         0  dretinf.o(x$fpl$dretinf)
    x$fpl$drleqf                             0x080077fc   Section      108  drleqf.o(x$fpl$drleqf)
    $v0                                      0x080077fc   Number         0  drleqf.o(x$fpl$drleqf)
    x$fpl$drsb                               0x08007868   Section       22  daddsub_clz.o(x$fpl$drsb)
    $v0                                      0x08007868   Number         0  daddsub_clz.o(x$fpl$drsb)
    x$fpl$dsqrt                              0x08007880   Section      408  dsqrt_umaal.o(x$fpl$dsqrt)
    $v0                                      0x08007880   Number         0  dsqrt_umaal.o(x$fpl$dsqrt)
    x$fpl$dsub                               0x08007a18   Section      468  daddsub_clz.o(x$fpl$dsub)
    $v0                                      0x08007a18   Number         0  daddsub_clz.o(x$fpl$dsub)
    _dsub1                                   0x08007a29   Thumb Code     0  daddsub_clz.o(x$fpl$dsub)
    x$fpl$f2d                                0x08007bec   Section       86  f2d.o(x$fpl$f2d)
    $v0                                      0x08007bec   Number         0  f2d.o(x$fpl$f2d)
    x$fpl$fnaninf                            0x08007c42   Section      140  fnaninf.o(x$fpl$fnaninf)
    $v0                                      0x08007c42   Number         0  fnaninf.o(x$fpl$fnaninf)
    x$fpl$fpinit                             0x08007cce   Section       10  fpinit.o(x$fpl$fpinit)
    $v0                                      0x08007cce   Number         0  fpinit.o(x$fpl$fpinit)
    x$fpl$fretinf                            0x08007cd8   Section       10  fretinf.o(x$fpl$fretinf)
    $v0                                      0x08007cd8   Number         0  fretinf.o(x$fpl$fretinf)
    x$fpl$retnan                             0x08007ce2   Section      100  retnan.o(x$fpl$retnan)
    $v0                                      0x08007ce2   Number         0  retnan.o(x$fpl$retnan)
    x$fpl$scalbn                             0x08007d46   Section       92  scalbn.o(x$fpl$scalbn)
    $v0                                      0x08007d46   Number         0  scalbn.o(x$fpl$scalbn)
    x$fpl$trapveneer                         0x08007da2   Section       48  trapv.o(x$fpl$trapveneer)
    $v0                                      0x08007da2   Number         0  trapv.o(x$fpl$trapveneer)
    x$fpl$usenofp                            0x08007dd2   Section        0  usenofp.o(x$fpl$usenofp)
    .constdata                               0x08007dd8   Section      136  pow.o(.constdata)
    bp                                       0x08007dd8   Data          16  pow.o(.constdata)
    dp_h                                     0x08007de8   Data          16  pow.o(.constdata)
    dp_l                                     0x08007df8   Data          16  pow.o(.constdata)
    L                                        0x08007e08   Data          48  pow.o(.constdata)
    P                                        0x08007e38   Data          40  pow.o(.constdata)
    .constdata                               0x08007e60   Section       48  cos_i.o(.constdata)
    C                                        0x08007e60   Data          48  cos_i.o(.constdata)
    .constdata                               0x08007e90   Section        8  qnan.o(.constdata)
    .constdata                               0x08007e98   Section      200  rred.o(.constdata)
    pio2s                                    0x08007e98   Data          48  rred.o(.constdata)
    twooverpi                                0x08007ec8   Data         152  rred.o(.constdata)
    .constdata                               0x08007f60   Section       40  sin_i.o(.constdata)
    S                                        0x08007f60   Data          40  sin_i.o(.constdata)
    .data                                    0x20000000   Section        6  main.o(.data)
    checksum                                 0x20000004   Data           2  main.o(.data)
    .data                                    0x20000008   Section       20  system_stm32f4xx.o(.data)
    .data                                    0x2000001c   Section        6  four_motor.o(.data)
    Motor_cnt                                0x2000001c   Data           1  four_motor.o(.data)
    motor_cnt                                0x2000001d   Data           1  four_motor.o(.data)
    Encoder_cnt                              0x2000001e   Data           1  four_motor.o(.data)
    cnt                                      0x2000001f   Data           1  four_motor.o(.data)
    buff_finish_flag                         0x20000020   Data           2  four_motor.o(.data)
    .data                                    0x20000024   Section        4  tracks_gui.o(.data)
    dy                                       0x20000024   Data           4  tracks_gui.o(.data)
    .data                                    0x20000028   Section       40  bsp.o(.data)
    cnt                                      0x2000004c   Data           1  bsp.o(.data)
    led_hz                                   0x2000004e   Data           2  bsp.o(.data)
    .data                                    0x20000050   Section        2  delay.o(.data)
    .data                                    0x20000052   Section        4  usart1_imu.o(.data)
    ucRxCnt                                  0x20000054   Data           1  usart1_imu.o(.data)
    ucRxCnt                                  0x20000055   Data           1  usart1_imu.o(.data)
    .data                                    0x20000058   Section       52  can2_imu.o(.data)
    .data                                    0x2000008c   Section       16  stm32f4xx_rcc.o(.data)
    APBAHBPrescTable                         0x2000008c   Data          16  stm32f4xx_rcc.o(.data)
    .bss                                     0x2000009c   Section      384  main.o(.bss)
    .bss                                     0x2000021c   Section       36  four_motor.o(.bss)
    byte                                     0x20000234   Data          12  four_motor.o(.bss)
    .bss                                     0x20000240   Section       72  tracks_gui.o(.bss)
    Local                                    0x20000240   Data          12  tracks_gui.o(.bss)
    Speed                                    0x2000024c   Data          12  tracks_gui.o(.bss)
    Global                                   0x20000258   Data          12  tracks_gui.o(.bss)
    Speed                                    0x20000264   Data          12  tracks_gui.o(.bss)
    Robot                                    0x20000270   Data          12  tracks_gui.o(.bss)
    Speed                                    0x2000027c   Data          12  tracks_gui.o(.bss)
    .bss                                     0x20000288   Section       32  bsp.o(.bss)
    .bss                                     0x200002a8   Section      602  usart1_imu.o(.bss)
    .bss                                     0x20000504   Section       32  can2_imu.o(.bss)
    .bss                                     0x20000524   Section       96  libspace.o(.bss)
    HEAP                                     0x20000588   Section      512  startup_stm32f40_41xxx.o(HEAP)
    Heap_Mem                                 0x20000588   Data         512  startup_stm32f40_41xxx.o(HEAP)
    STACK                                    0x20000788   Section     1024  startup_stm32f40_41xxx.o(STACK)
    Stack_Mem                                0x20000788   Data        1024  startup_stm32f40_41xxx.o(STACK)
    __initial_sp                             0x20000b88   Data           0  startup_stm32f40_41xxx.o(STACK)

    Global Symbols

    Symbol Name                              Value     Ov Type        Size  Object(Section)

    BuildAttributes$$THM_ISAv4$E$P$D$K$B$S$7EM$VFPi3$EXTD16$VFPS$VFMA$PE$A:L22UL41UL21$X:L11$S22US41US21$IEEE1$IW$USESV6$~STKCKD$USESV7$~SHL$OTIME$ROPI$IEEEX$EBA8$UX$STANDARDLIB$REQ8$PRES8$EABIv2 0x00000000   Number         0  anon$$obj.o ABSOLUTE
    __ARM_use_no_argv                        0x00000000   Number         0  main.o ABSOLUTE
    __ARM_exceptions_init                     - Undefined Weak Reference
    __alloca_initialize                       - Undefined Weak Reference
    __cpp_initialize__aeabi_                  - Undefined Weak Reference
    __cxa_finalize                            - Undefined Weak Reference
    __rt_locale                               - Undefined Weak Reference
    __sigvec_lookup                           - Undefined Weak Reference
    _atexit_init                              - Undefined Weak Reference
    _call_atexit_fns                          - Undefined Weak Reference
    _clock_init                               - Undefined Weak Reference
    _fp_trap_init                             - Undefined Weak Reference
    _fp_trap_shutdown                         - Undefined Weak Reference
    _get_lc_collate                           - Undefined Weak Reference
    _get_lc_ctype                             - Undefined Weak Reference
    _get_lc_monetary                          - Undefined Weak Reference
    _get_lc_numeric                           - Undefined Weak Reference
    _get_lc_time                              - Undefined Weak Reference
    _getenv_init                              - Undefined Weak Reference
    _handle_redirection                       - Undefined Weak Reference
    _init_alloc                               - Undefined Weak Reference
    _init_user_alloc                          - Undefined Weak Reference
    _initio                                   - Undefined Weak Reference
    _rand_init                                - Undefined Weak Reference
    _signal_finish                            - Undefined Weak Reference
    _signal_init                              - Undefined Weak Reference
    _terminate_alloc                          - Undefined Weak Reference
    _terminate_user_alloc                     - Undefined Weak Reference
    _terminateio                              - Undefined Weak Reference
    __Vectors_Size                           0x00000188   Number         0  startup_stm32f40_41xxx.o ABSOLUTE
    __Vectors                                0x08000000   Data           4  startup_stm32f40_41xxx.o(RESET)
    __Vectors_End                            0x08000188   Data           0  startup_stm32f40_41xxx.o(RESET)
    __main                                   0x08000189   Thumb Code     8  __main.o(!!!main)
    __scatterload                            0x08000191   Thumb Code     0  __scatter.o(!!!scatter)
    __scatterload_rt2                        0x08000191   Thumb Code    44  __scatter.o(!!!scatter)
    __scatterload_rt2_thumb_only             0x08000191   Thumb Code     0  __scatter.o(!!!scatter)
    __scatterload_null                       0x0800019f   Thumb Code     0  __scatter.o(!!!scatter)
    __scatterload_copy                       0x080001c5   Thumb Code    26  __scatter_copy.o(!!handler_copy)
    __scatterload_zeroinit                   0x080001e1   Thumb Code    28  __scatter_zi.o(!!handler_zi)
    __rt_lib_init                            0x080001fd   Thumb Code     0  libinit.o(.ARM.Collect$$libinit$$00000000)
    __rt_lib_init_fp_1                       0x080001ff   Thumb Code     0  libinit2.o(.ARM.Collect$$libinit$$00000001)
    __rt_lib_init_alloca_1                   0x08000203   Thumb Code     0  libinit2.o(.ARM.Collect$$libinit$$0000002C)
    __rt_lib_init_argv_1                     0x08000203   Thumb Code     0  libinit2.o(.ARM.Collect$$libinit$$0000002A)
    __rt_lib_init_atexit_1                   0x08000203   Thumb Code     0  libinit2.o(.ARM.Collect$$libinit$$00000019)
    __rt_lib_init_clock_1                    0x08000203   Thumb Code     0  libinit2.o(.ARM.Collect$$libinit$$0000001F)
    __rt_lib_init_cpp_1                      0x08000203   Thumb Code     0  libinit2.o(.ARM.Collect$$libinit$$00000030)
    __rt_lib_init_exceptions_1               0x08000203   Thumb Code     0  libinit2.o(.ARM.Collect$$libinit$$0000002E)
    __rt_lib_init_fp_trap_1                  0x08000203   Thumb Code     0  libinit2.o(.ARM.Collect$$libinit$$0000001D)
    __rt_lib_init_getenv_1                   0x08000203   Thumb Code     0  libinit2.o(.ARM.Collect$$libinit$$00000021)
    __rt_lib_init_heap_1                     0x08000203   Thumb Code     0  libinit2.o(.ARM.Collect$$libinit$$00000008)
    __rt_lib_init_lc_collate_1               0x08000203   Thumb Code     0  libinit2.o(.ARM.Collect$$libinit$$0000000F)
    __rt_lib_init_lc_ctype_1                 0x08000203   Thumb Code     0  libinit2.o(.ARM.Collect$$libinit$$00000011)
    __rt_lib_init_lc_monetary_1              0x08000203   Thumb Code     0  libinit2.o(.ARM.Collect$$libinit$$00000013)
    __rt_lib_init_lc_numeric_1               0x08000203   Thumb Code     0  libinit2.o(.ARM.Collect$$libinit$$00000015)
    __rt_lib_init_lc_time_1                  0x08000203   Thumb Code     0  libinit2.o(.ARM.Collect$$libinit$$00000017)
    __rt_lib_init_rand_1                     0x08000203   Thumb Code     0  libinit2.o(.ARM.Collect$$libinit$$0000000C)
    __rt_lib_init_return                     0x08000203   Thumb Code     0  libinit2.o(.ARM.Collect$$libinit$$00000031)
    __rt_lib_init_signal_1                   0x08000203   Thumb Code     0  libinit2.o(.ARM.Collect$$libinit$$0000001B)
    __rt_lib_init_stdio_1                    0x08000203   Thumb Code     0  libinit2.o(.ARM.Collect$$libinit$$00000023)
    __rt_lib_init_user_alloc_1               0x08000203   Thumb Code     0  libinit2.o(.ARM.Collect$$libinit$$0000000A)
    __rt_lib_shutdown                        0x08000205   Thumb Code     0  libshutdown.o(.ARM.Collect$$libshutdown$$00000000)
    __rt_lib_shutdown_fp_trap_1              0x08000207   Thumb Code     0  libshutdown2.o(.ARM.Collect$$libshutdown$$00000006)
    __rt_lib_shutdown_heap_1                 0x08000207   Thumb Code     0  libshutdown2.o(.ARM.Collect$$libshutdown$$0000000E)
    __rt_lib_shutdown_return                 0x08000207   Thumb Code     0  libshutdown2.o(.ARM.Collect$$libshutdown$$0000000F)
    __rt_lib_shutdown_signal_1               0x08000207   Thumb Code     0  libshutdown2.o(.ARM.Collect$$libshutdown$$00000009)
    __rt_lib_shutdown_stdio_1                0x08000207   Thumb Code     0  libshutdown2.o(.ARM.Collect$$libshutdown$$00000003)
    __rt_lib_shutdown_user_alloc_1           0x08000207   Thumb Code     0  libshutdown2.o(.ARM.Collect$$libshutdown$$0000000B)
    __rt_entry                               0x08000209   Thumb Code     0  rtentry.o(.ARM.Collect$$rtentry$$00000000)
    __rt_entry_presh_1                       0x08000209   Thumb Code     0  rtentry2.o(.ARM.Collect$$rtentry$$00000002)
    __rt_entry_sh                            0x08000209   Thumb Code     0  rtentry4.o(.ARM.Collect$$rtentry$$00000004)
    __rt_entry_li                            0x0800020f   Thumb Code     0  rtentry2.o(.ARM.Collect$$rtentry$$0000000A)
    __rt_entry_postsh_1                      0x0800020f   Thumb Code     0  rtentry2.o(.ARM.Collect$$rtentry$$00000009)
    __rt_entry_main                          0x08000213   Thumb Code     0  rtentry2.o(.ARM.Collect$$rtentry$$0000000D)
    __rt_entry_postli_1                      0x08000213   Thumb Code     0  rtentry2.o(.ARM.Collect$$rtentry$$0000000C)
    __rt_exit                                0x0800021b   Thumb Code     0  rtexit.o(.ARM.Collect$$rtexit$$00000000)
    __rt_exit_ls                             0x0800021d   Thumb Code     0  rtexit2.o(.ARM.Collect$$rtexit$$00000003)
    __rt_exit_prels_1                        0x0800021d   Thumb Code     0  rtexit2.o(.ARM.Collect$$rtexit$$00000002)
    __rt_exit_exit                           0x08000221   Thumb Code     0  rtexit2.o(.ARM.Collect$$rtexit$$00000004)
    xianfu                                   0x08000229   Thumb Code    46  main.o(.text)
    start_dc_local                           0x08000257   Thumb Code    96  main.o(.text)
    clear                                    0x080002b7   Thumb Code   148  main.o(.text)
    start_dc                                 0x0800034b   Thumb Code    96  main.o(.text)
    send                                     0x080003ab   Thumb Code   358  main.o(.text)
    handle_data                              0x08000511   Thumb Code   120  main.o(.text)
    main                                     0x08000589   Thumb Code  1574  main.o(.text)
    NMI_Handler                              0x08000bb9   Thumb Code     2  stm32f4xx_it.o(.text)
    HardFault_Handler                        0x08000bbb   Thumb Code     4  stm32f4xx_it.o(.text)
    MemManage_Handler                        0x08000bbf   Thumb Code     4  stm32f4xx_it.o(.text)
    BusFault_Handler                         0x08000bc3   Thumb Code     4  stm32f4xx_it.o(.text)
    UsageFault_Handler                       0x08000bc7   Thumb Code     4  stm32f4xx_it.o(.text)
    SVC_Handler                              0x08000bcb   Thumb Code     2  stm32f4xx_it.o(.text)
    DebugMon_Handler                         0x08000bcd   Thumb Code     2  stm32f4xx_it.o(.text)
    PendSV_Handler                           0x08000bcf   Thumb Code     2  stm32f4xx_it.o(.text)
    SysTick_Handler                          0x08000bd1   Thumb Code     2  stm32f4xx_it.o(.text)
    SystemInit                               0x08000cb1   Thumb Code    88  system_stm32f4xx.o(.text)
    SystemCoreClockUpdate                    0x08000d09   Thumb Code   174  system_stm32f4xx.o(.text)
    CAN1_Mode_Init                           0x08000de5   Thumb Code   244  can.o(.text)
    CAN1_Send_Msg                            0x08000ed9   Thumb Code   114  can.o(.text)
    CAN1_Receive_Msg                         0x08000f4b   Thumb Code    60  can.o(.text)
    LED_Init                                 0x08000f91   Thumb Code    54  led.o(.text)
    queue_init                               0x08000fcd   Thumb Code    14  queue.o(.text)
    queue_get                                0x08000fdb   Thumb Code    32  queue.o(.text)
    queue_put                                0x08000ffb   Thumb Code    30  queue.o(.text)
    queue_empty                              0x08001019   Thumb Code    20  queue.o(.text)
    queue_full                               0x0800102d   Thumb Code    32  queue.o(.text)
    itoh                                     0x0800104d   Thumb Code    98  four_motor.o(.text)
    Can_send_motorx                          0x080010af   Thumb Code   182  four_motor.o(.text)
    Chassis_control                          0x08001165   Thumb Code   320  four_motor.o(.text)
    Can_get_encoder                          0x080012a5   Thumb Code   100  four_motor.o(.text)
    Encoder_analysis                         0x08001309   Thumb Code   794  four_motor.o(.text)
    CAN1_TX_IRQHandler                       0x08001623   Thumb Code    22  four_motor.o(.text)
    CAN1_RX0_IRQHandler                      0x08001639   Thumb Code   258  four_motor.o(.text)
    Local_Speed_Set                          0x08001755   Thumb Code   136  tracks_gui.o(.text)
    Global_Speed_Set                         0x080017dd   Thumb Code   148  tracks_gui.o(.text)
    Robot_Speed_Set                          0x08001871   Thumb Code   128  tracks_gui.o(.text)
    R_Round_Motion_Set                       0x080018f1   Thumb Code    44  tracks_gui.o(.text)
    G_Round_Motion_Set                       0x0800191d   Thumb Code    56  tracks_gui.o(.text)
    Sin_Motion_Set                           0x08001955   Thumb Code   424  tracks_gui.o(.text)
    PSin_Motion_Set                          0x08001afd   Thumb Code     2  tracks_gui.o(.text)
    Robot_To_Motor_tf                        0x08001b45   Thumb Code   122  tf.o(.text)
    Motor_To_Robot_tf                        0x08001bbf   Thumb Code   114  tf.o(.text)
    Global_To_Robot_tf                       0x08001c31   Thumb Code   472  tf.o(.text)
    Robot_To_Global_tf                       0x08001e09   Thumb Code   498  tf.o(.text)
    Global_To_Motor_tf                       0x08001ffb   Thumb Code   676  tf.o(.text)
    Motor_To_Global_tf                       0x0800229f   Thumb Code   962  tf.o(.text)
    RCC_Init                                 0x0800266d   Thumb Code    60  bsp.o(.text)
    TIM6_Configuration                       0x080026a9   Thumb Code    54  bsp.o(.text)
    TIM6_DAC_IRQHandler                      0x080026df   Thumb Code   150  bsp.o(.text)
    NVIC_Configuration                       0x08002775   Thumb Code    82  bsp.o(.text)
    BSP_Init                                 0x080027c7   Thumb Code    52  bsp.o(.text)
    USART3_Configuration                     0x08002825   Thumb Code   142  usart3.o(.text)
    USART3_SendChar                          0x080028b3   Thumb Code    28  usart3.o(.text)
    fputc                                    0x080028cf   Thumb Code    32  usart3.o(.text)
    USART3_IRQHandler                        0x080028ef   Thumb Code    88  usart3.o(.text)
    delay_ms                                 0x08002959   Thumb Code    28  delay.o(.text)
    delay_us                                 0x08002975   Thumb Code    26  delay.o(.text)
    Init_System_Timer                        0x0800298f   Thumb Code   120  delay.o(.text)
    GET_Nowtime                              0x08002a07   Thumb Code    42  delay.o(.text)
    GET_microstime                           0x08002a31   Thumb Code    52  delay.o(.text)
    TIM4_IRQHandler                          0x08002a65   Thumb Code    50  delay.o(.text)
    USART1_SendChar                          0x08002aa9   Thumb Code    28  usart1_imu.o(.text)
    USART1_IMU_Init                          0x08002ac5   Thumb Code   164  usart1_imu.o(.text)
    CopeSerialData                           0x08002b69   Thumb Code   716  usart1_imu.o(.text)
    Dajiang_CopeSerialData                   0x08002e35   Thumb Code    68  usart1_imu.o(.text)
    USART1_IRQHandler                        0x08002e79   Thumb Code   132  usart1_imu.o(.text)
    USART1_Put_String                        0x08002efd   Thumb Code    98  usart1_imu.o(.text)
    CAN2_Mode_Init                           0x08002f65   Thumb Code   248  can2_imu.o(.text)
    CAN2_RX1_IRQHandler                      0x0800305d   Thumb Code   468  can2_imu.o(.text)
    CAN2_Send_Msg                            0x08003231   Thumb Code   104  can2_imu.o(.text)
    Reset_Handler                            0x080032e5   Thumb Code     8  startup_stm32f40_41xxx.o(.text)
    ADC_IRQHandler                           0x080032ff   Thumb Code     0  startup_stm32f40_41xxx.o(.text)
    CAN1_RX1_IRQHandler                      0x080032ff   Thumb Code     0  startup_stm32f40_41xxx.o(.text)
    CAN1_SCE_IRQHandler                      0x080032ff   Thumb Code     0  startup_stm32f40_41xxx.o(.text)
    CAN2_RX0_IRQHandler                      0x080032ff   Thumb Code     0  startup_stm32f40_41xxx.o(.text)
    CAN2_SCE_IRQHandler                      0x080032ff   Thumb Code     0  startup_stm32f40_41xxx.o(.text)
    CAN2_TX_IRQHandler                       0x080032ff   Thumb Code     0  startup_stm32f40_41xxx.o(.text)
    CRYP_IRQHandler                          0x080032ff   Thumb Code     0  startup_stm32f40_41xxx.o(.text)
    DCMI_IRQHandler                          0x080032ff   Thumb Code     0  startup_stm32f40_41xxx.o(.text)
    DMA1_Stream0_IRQHandler                  0x080032ff   Thumb Code     0  startup_stm32f40_41xxx.o(.text)
    DMA1_Stream1_IRQHandler                  0x080032ff   Thumb Code     0  startup_stm32f40_41xxx.o(.text)
    DMA1_Stream2_IRQHandler                  0x080032ff   Thumb Code     0  startup_stm32f40_41xxx.o(.text)
    DMA1_Stream3_IRQHandler                  0x080032ff   Thumb Code     0  startup_stm32f40_41xxx.o(.text)
    DMA1_Stream4_IRQHandler                  0x080032ff   Thumb Code     0  startup_stm32f40_41xxx.o(.text)
    DMA1_Stream5_IRQHandler                  0x080032ff   Thumb Code     0  startup_stm32f40_41xxx.o(.text)
    DMA1_Stream6_IRQHandler                  0x080032ff   Thumb Code     0  startup_stm32f40_41xxx.o(.text)
    DMA1_Stream7_IRQHandler                  0x080032ff   Thumb Code     0  startup_stm32f40_41xxx.o(.text)
    DMA2_Stream0_IRQHandler                  0x080032ff   Thumb Code     0  startup_stm32f40_41xxx.o(.text)
    DMA2_Stream1_IRQHandler                  0x080032ff   Thumb Code     0  startup_stm32f40_41xxx.o(.text)
    DMA2_Stream2_IRQHandler                  0x080032ff   Thumb Code     0  startup_stm32f40_41xxx.o(.text)
    DMA2_Stream3_IRQHandler                  0x080032ff   Thumb Code     0  startup_stm32f40_41xxx.o(.text)
    DMA2_Stream4_IRQHandler                  0x080032ff   Thumb Code     0  startup_stm32f40_41xxx.o(.text)
    DMA2_Stream5_IRQHandler                  0x080032ff   Thumb Code     0  startup_stm32f40_41xxx.o(.text)
    DMA2_Stream6_IRQHandler                  0x080032ff   Thumb Code     0  startup_stm32f40_41xxx.o(.text)
    DMA2_Stream7_IRQHandler                  0x080032ff   Thumb Code     0  startup_stm32f40_41xxx.o(.text)
    ETH_IRQHandler                           0x080032ff   Thumb Code     0  startup_stm32f40_41xxx.o(.text)
    ETH_WKUP_IRQHandler                      0x080032ff   Thumb Code     0  startup_stm32f40_41xxx.o(.text)
    EXTI0_IRQHandler                         0x080032ff   Thumb Code     0  startup_stm32f40_41xxx.o(.text)
    EXTI15_10_IRQHandler                     0x080032ff   Thumb Code     0  startup_stm32f40_41xxx.o(.text)
    EXTI1_IRQHandler                         0x080032ff   Thumb Code     0  startup_stm32f40_41xxx.o(.text)
    EXTI2_IRQHandler                         0x080032ff   Thumb Code     0  startup_stm32f40_41xxx.o(.text)
    EXTI3_IRQHandler                         0x080032ff   Thumb Code     0  startup_stm32f40_41xxx.o(.text)
    EXTI4_IRQHandler                         0x080032ff   Thumb Code     0  startup_stm32f40_41xxx.o(.text)
    EXTI9_5_IRQHandler                       0x080032ff   Thumb Code     0  startup_stm32f40_41xxx.o(.text)
    FLASH_IRQHandler                         0x080032ff   Thumb Code     0  startup_stm32f40_41xxx.o(.text)
    FPU_IRQHandler                           0x080032ff   Thumb Code     0  startup_stm32f40_41xxx.o(.text)
    FSMC_IRQHandler                          0x080032ff   Thumb Code     0  startup_stm32f40_41xxx.o(.text)
    HASH_RNG_IRQHandler                      0x080032ff   Thumb Code     0  startup_stm32f40_41xxx.o(.text)
    I2C1_ER_IRQHandler                       0x080032ff   Thumb Code     0  startup_stm32f40_41xxx.o(.text)
    I2C1_EV_IRQHandler                       0x080032ff   Thumb Code     0  startup_stm32f40_41xxx.o(.text)
    I2C2_ER_IRQHandler                       0x080032ff   Thumb Code     0  startup_stm32f40_41xxx.o(.text)
    I2C2_EV_IRQHandler                       0x080032ff   Thumb Code     0  startup_stm32f40_41xxx.o(.text)
    I2C3_ER_IRQHandler                       0x080032ff   Thumb Code     0  startup_stm32f40_41xxx.o(.text)
    I2C3_EV_IRQHandler                       0x080032ff   Thumb Code     0  startup_stm32f40_41xxx.o(.text)
    OTG_FS_IRQHandler                        0x080032ff   Thumb Code     0  startup_stm32f40_41xxx.o(.text)
    OTG_FS_WKUP_IRQHandler                   0x080032ff   Thumb Code     0  startup_stm32f40_41xxx.o(.text)
    OTG_HS_EP1_IN_IRQHandler                 0x080032ff   Thumb Code     0  startup_stm32f40_41xxx.o(.text)
    OTG_HS_EP1_OUT_IRQHandler                0x080032ff   Thumb Code     0  startup_stm32f40_41xxx.o(.text)
    OTG_HS_IRQHandler                        0x080032ff   Thumb Code     0  startup_stm32f40_41xxx.o(.text)
    OTG_HS_WKUP_IRQHandler                   0x080032ff   Thumb Code     0  startup_stm32f40_41xxx.o(.text)
    PVD_IRQHandler                           0x080032ff   Thumb Code     0  startup_stm32f40_41xxx.o(.text)
    RCC_IRQHandler                           0x080032ff   Thumb Code     0  startup_stm32f40_41xxx.o(.text)
    RTC_Alarm_IRQHandler                     0x080032ff   Thumb Code     0  startup_stm32f40_41xxx.o(.text)
    RTC_WKUP_IRQHandler                      0x080032ff   Thumb Code     0  startup_stm32f40_41xxx.o(.text)
    SDIO_IRQHandler                          0x080032ff   Thumb Code     0  startup_stm32f40_41xxx.o(.text)
    SPI1_IRQHandler                          0x080032ff   Thumb Code     0  startup_stm32f40_41xxx.o(.text)
    SPI2_IRQHandler                          0x080032ff   Thumb Code     0  startup_stm32f40_41xxx.o(.text)
    SPI3_IRQHandler                          0x080032ff   Thumb Code     0  startup_stm32f40_41xxx.o(.text)
    TAMP_STAMP_IRQHandler                    0x080032ff   Thumb Code     0  startup_stm32f40_41xxx.o(.text)
    TIM1_BRK_TIM9_IRQHandler                 0x080032ff   Thumb Code     0  startup_stm32f40_41xxx.o(.text)
    TIM1_CC_IRQHandler                       0x080032ff   Thumb Code     0  startup_stm32f40_41xxx.o(.text)
    TIM1_TRG_COM_TIM11_IRQHandler            0x080032ff   Thumb Code     0  startup_stm32f40_41xxx.o(.text)
    TIM1_UP_TIM10_IRQHandler                 0x080032ff   Thumb Code     0  startup_stm32f40_41xxx.o(.text)
    TIM2_IRQHandler                          0x080032ff   Thumb Code     0  startup_stm32f40_41xxx.o(.text)
    TIM3_IRQHandler                          0x080032ff   Thumb Code     0  startup_stm32f40_41xxx.o(.text)
    TIM5_IRQHandler                          0x080032ff   Thumb Code     0  startup_stm32f40_41xxx.o(.text)
    TIM7_IRQHandler                          0x080032ff   Thumb Code     0  startup_stm32f40_41xxx.o(.text)
    TIM8_BRK_TIM12_IRQHandler                0x080032ff   Thumb Code     0  startup_stm32f40_41xxx.o(.text)
    TIM8_CC_IRQHandler                       0x080032ff   Thumb Code     0  startup_stm32f40_41xxx.o(.text)
    TIM8_TRG_COM_TIM14_IRQHandler            0x080032ff   Thumb Code     0  startup_stm32f40_41xxx.o(.text)
    TIM8_UP_TIM13_IRQHandler                 0x080032ff   Thumb Code     0  startup_stm32f40_41xxx.o(.text)
    UART4_IRQHandler                         0x080032ff   Thumb Code     0  startup_stm32f40_41xxx.o(.text)
    UART5_IRQHandler                         0x080032ff   Thumb Code     0  startup_stm32f40_41xxx.o(.text)
    USART2_IRQHandler                        0x080032ff   Thumb Code     0  startup_stm32f40_41xxx.o(.text)
    USART6_IRQHandler                        0x080032ff   Thumb Code     0  startup_stm32f40_41xxx.o(.text)
    WWDG_IRQHandler                          0x080032ff   Thumb Code     0  startup_stm32f40_41xxx.o(.text)
    __user_initial_stackheap                 0x08003301   Thumb Code     0  startup_stm32f40_41xxx.o(.text)
    NVIC_PriorityGroupConfig                 0x08003325   Thumb Code    10  misc.o(.text)
    NVIC_Init                                0x0800332f   Thumb Code   106  misc.o(.text)
    NVIC_SetVectorTable                      0x08003399   Thumb Code    14  misc.o(.text)
    NVIC_SystemLPConfig                      0x080033a7   Thumb Code    34  misc.o(.text)
    SysTick_CLKSourceConfig                  0x080033c9   Thumb Code    40  misc.o(.text)
    GPIO_DeInit                              0x08003405   Thumb Code   268  stm32f4xx_gpio.o(.text)
    GPIO_Init                                0x08003511   Thumb Code   144  stm32f4xx_gpio.o(.text)
    GPIO_StructInit                          0x080035a1   Thumb Code    18  stm32f4xx_gpio.o(.text)
    GPIO_PinLockConfig                       0x080035b3   Thumb Code    34  stm32f4xx_gpio.o(.text)
    GPIO_ReadInputDataBit                    0x080035d5   Thumb Code    18  stm32f4xx_gpio.o(.text)
    GPIO_ReadInputData                       0x080035e7   Thumb Code     8  stm32f4xx_gpio.o(.text)
    GPIO_ReadOutputDataBit                   0x080035ef   Thumb Code    18  stm32f4xx_gpio.o(.text)
    GPIO_ReadOutputData                      0x08003601   Thumb Code     8  stm32f4xx_gpio.o(.text)
    GPIO_SetBits                             0x08003609   Thumb Code     4  stm32f4xx_gpio.o(.text)
    GPIO_ResetBits                           0x0800360d   Thumb Code     4  stm32f4xx_gpio.o(.text)
    GPIO_WriteBit                            0x08003611   Thumb Code    10  stm32f4xx_gpio.o(.text)
    GPIO_Write                               0x0800361b   Thumb Code     4  stm32f4xx_gpio.o(.text)
    GPIO_ToggleBits                          0x0800361f   Thumb Code     8  stm32f4xx_gpio.o(.text)
    GPIO_PinAFConfig                         0x08003627   Thumb Code    70  stm32f4xx_gpio.o(.text)
    RCC_DeInit                               0x08003699   Thumb Code    82  stm32f4xx_rcc.o(.text)
    RCC_HSEConfig                            0x080036eb   Thumb Code    14  stm32f4xx_rcc.o(.text)
    RCC_GetFlagStatus                        0x080036f9   Thumb Code    60  stm32f4xx_rcc.o(.text)
    RCC_WaitForHSEStartUp                    0x08003735   Thumb Code    56  stm32f4xx_rcc.o(.text)
    RCC_AdjustHSICalibrationValue            0x0800376d   Thumb Code    20  stm32f4xx_rcc.o(.text)
    RCC_HSICmd                               0x08003781   Thumb Code     6  stm32f4xx_rcc.o(.text)
    RCC_LSEConfig                            0x08003787   Thumb Code    46  stm32f4xx_rcc.o(.text)
    RCC_LSICmd                               0x080037b5   Thumb Code     6  stm32f4xx_rcc.o(.text)
    RCC_PLLConfig                            0x080037bb   Thumb Code    32  stm32f4xx_rcc.o(.text)
    RCC_PLLCmd                               0x080037db   Thumb Code     6  stm32f4xx_rcc.o(.text)
    RCC_PLLI2SConfig                         0x080037e1   Thumb Code    14  stm32f4xx_rcc.o(.text)
    RCC_PLLI2SCmd                            0x080037ef   Thumb Code     6  stm32f4xx_rcc.o(.text)
    RCC_PLLSAIConfig                         0x080037f5   Thumb Code    20  stm32f4xx_rcc.o(.text)
    RCC_PLLSAICmd                            0x08003809   Thumb Code     6  stm32f4xx_rcc.o(.text)
    RCC_ClockSecuritySystemCmd               0x0800380f   Thumb Code     6  stm32f4xx_rcc.o(.text)
    RCC_MCO1Config                           0x08003815   Thumb Code    28  stm32f4xx_rcc.o(.text)
    RCC_MCO2Config                           0x08003831   Thumb Code    28  stm32f4xx_rcc.o(.text)
    RCC_SYSCLKConfig                         0x0800384d   Thumb Code    20  stm32f4xx_rcc.o(.text)
    RCC_GetSYSCLKSource                      0x08003861   Thumb Code    12  stm32f4xx_rcc.o(.text)
    RCC_HCLKConfig                           0x0800386d   Thumb Code    20  stm32f4xx_rcc.o(.text)
    RCC_PCLK1Config                          0x08003881   Thumb Code    20  stm32f4xx_rcc.o(.text)
    RCC_PCLK2Config                          0x08003895   Thumb Code    22  stm32f4xx_rcc.o(.text)
    RCC_GetClocksFreq                        0x080038ab   Thumb Code   222  stm32f4xx_rcc.o(.text)
    RCC_RTCCLKConfig                         0x08003989   Thumb Code    54  stm32f4xx_rcc.o(.text)
    RCC_RTCCLKCmd                            0x080039bf   Thumb Code     8  stm32f4xx_rcc.o(.text)
    RCC_BackupResetCmd                       0x080039c7   Thumb Code     8  stm32f4xx_rcc.o(.text)
    RCC_I2SCLKConfig                         0x080039cf   Thumb Code     6  stm32f4xx_rcc.o(.text)
    RCC_SAIPLLI2SClkDivConfig                0x080039d5   Thumb Code    26  stm32f4xx_rcc.o(.text)
    RCC_SAIPLLSAIClkDivConfig                0x080039ef   Thumb Code    28  stm32f4xx_rcc.o(.text)
    RCC_SAIBlockACLKConfig                   0x08003a0b   Thumb Code    20  stm32f4xx_rcc.o(.text)
    RCC_SAIBlockBCLKConfig                   0x08003a1f   Thumb Code    20  stm32f4xx_rcc.o(.text)
    RCC_LTDCCLKDivConfig                     0x08003a33   Thumb Code    20  stm32f4xx_rcc.o(.text)
    RCC_TIMCLKPresConfig                     0x08003a47   Thumb Code     6  stm32f4xx_rcc.o(.text)
    RCC_AHB1PeriphClockCmd                   0x08003a4d   Thumb Code    34  stm32f4xx_rcc.o(.text)
    RCC_AHB2PeriphClockCmd                   0x08003a6f   Thumb Code    78  stm32f4xx_rcc.o(.text)
    RCC_AHB3PeriphClockCmd                   0x08003abd   Thumb Code    34  stm32f4xx_rcc.o(.text)
    RCC_APB1PeriphClockCmd                   0x08003adf   Thumb Code    34  stm32f4xx_rcc.o(.text)
    RCC_APB2PeriphClockCmd                   0x08003b01   Thumb Code    34  stm32f4xx_rcc.o(.text)
    RCC_AHB1PeriphResetCmd                   0x08003b23   Thumb Code    34  stm32f4xx_rcc.o(.text)
    RCC_AHB2PeriphResetCmd                   0x08003b45   Thumb Code    34  stm32f4xx_rcc.o(.text)
    RCC_AHB3PeriphResetCmd                   0x08003b67   Thumb Code    34  stm32f4xx_rcc.o(.text)
    RCC_APB1PeriphResetCmd                   0x08003b89   Thumb Code    34  stm32f4xx_rcc.o(.text)
    RCC_APB2PeriphResetCmd                   0x08003bab   Thumb Code    34  stm32f4xx_rcc.o(.text)
    RCC_AHB1PeriphClockLPModeCmd             0x08003bcd   Thumb Code    34  stm32f4xx_rcc.o(.text)
    RCC_AHB2PeriphClockLPModeCmd             0x08003bef   Thumb Code    34  stm32f4xx_rcc.o(.text)
    RCC_AHB3PeriphClockLPModeCmd             0x08003c11   Thumb Code    34  stm32f4xx_rcc.o(.text)
    RCC_APB1PeriphClockLPModeCmd             0x08003c33   Thumb Code    34  stm32f4xx_rcc.o(.text)
    RCC_APB2PeriphClockLPModeCmd             0x08003c55   Thumb Code    34  stm32f4xx_rcc.o(.text)
    RCC_LSEModeConfig                        0x08003c77   Thumb Code    40  stm32f4xx_rcc.o(.text)
    RCC_ITConfig                             0x08003c9f   Thumb Code    34  stm32f4xx_rcc.o(.text)
    RCC_ClearFlag                            0x08003cc1   Thumb Code    18  stm32f4xx_rcc.o(.text)
    RCC_GetITStatus                          0x08003cd3   Thumb Code    22  stm32f4xx_rcc.o(.text)
    RCC_ClearITPendingBit                    0x08003ce9   Thumb Code     8  stm32f4xx_rcc.o(.text)
    USART_DeInit                             0x08003cf5   Thumb Code   206  stm32f4xx_usart.o(.text)
    USART_Init                               0x08003dc3   Thumb Code   204  stm32f4xx_usart.o(.text)
    USART_StructInit                         0x08003e8f   Thumb Code    24  stm32f4xx_usart.o(.text)
    USART_ClockInit                          0x08003ea7   Thumb Code    32  stm32f4xx_usart.o(.text)
    USART_ClockStructInit                    0x08003ec7   Thumb Code    12  stm32f4xx_usart.o(.text)
    USART_Cmd                                0x08003ed3   Thumb Code    24  stm32f4xx_usart.o(.text)
    USART_SetPrescaler                       0x08003eeb   Thumb Code    16  stm32f4xx_usart.o(.text)
    USART_OverSampling8Cmd                   0x08003efb   Thumb Code    22  stm32f4xx_usart.o(.text)
    USART_OneBitMethodCmd                    0x08003f11   Thumb Code    24  stm32f4xx_usart.o(.text)
    USART_SendData                           0x08003f29   Thumb Code     8  stm32f4xx_usart.o(.text)
    USART_ReceiveData                        0x08003f31   Thumb Code    10  stm32f4xx_usart.o(.text)
    USART_SetAddress                         0x08003f3b   Thumb Code    18  stm32f4xx_usart.o(.text)
    USART_ReceiverWakeUpCmd                  0x08003f4d   Thumb Code    24  stm32f4xx_usart.o(.text)
    USART_WakeUpConfig                       0x08003f65   Thumb Code    18  stm32f4xx_usart.o(.text)
    USART_LINBreakDetectLengthConfig         0x08003f77   Thumb Code    18  stm32f4xx_usart.o(.text)
    USART_LINCmd                             0x08003f89   Thumb Code    24  stm32f4xx_usart.o(.text)
    USART_SendBreak                          0x08003fa1   Thumb Code    10  stm32f4xx_usart.o(.text)
    USART_HalfDuplexCmd                      0x08003fab   Thumb Code    24  stm32f4xx_usart.o(.text)
    USART_SetGuardTime                       0x08003fc3   Thumb Code    16  stm32f4xx_usart.o(.text)
    USART_SmartCardCmd                       0x08003fd3   Thumb Code    24  stm32f4xx_usart.o(.text)
    USART_SmartCardNACKCmd                   0x08003feb   Thumb Code    24  stm32f4xx_usart.o(.text)
    USART_IrDAConfig                         0x08004003   Thumb Code    18  stm32f4xx_usart.o(.text)
    USART_IrDACmd                            0x08004015   Thumb Code    24  stm32f4xx_usart.o(.text)
    USART_DMACmd                             0x0800402d   Thumb Code    18  stm32f4xx_usart.o(.text)
    USART_ITConfig                           0x0800403f   Thumb Code    74  stm32f4xx_usart.o(.text)
    USART_GetFlagStatus                      0x08004089   Thumb Code    26  stm32f4xx_usart.o(.text)
    USART_ClearFlag                          0x080040a3   Thumb Code    18  stm32f4xx_usart.o(.text)
    USART_GetITStatus                        0x080040b5   Thumb Code   118  stm32f4xx_usart.o(.text)
    USART_ClearITPendingBit                  0x0800412b   Thumb Code    30  stm32f4xx_usart.o(.text)
    CAN_DeInit                               0x08004149   Thumb Code    50  stm32f4xx_can.o(.text)
    CAN_Init                                 0x0800417b   Thumb Code   276  stm32f4xx_can.o(.text)
    CAN_FilterInit                           0x0800428f   Thumb Code   258  stm32f4xx_can.o(.text)
    CAN_StructInit                           0x08004391   Thumb Code    32  stm32f4xx_can.o(.text)
    CAN_SlaveStartBank                       0x080043b1   Thumb Code    48  stm32f4xx_can.o(.text)
    CAN_DBGFreeze                            0x080043e1   Thumb Code    22  stm32f4xx_can.o(.text)
    CAN_TTComModeCmd                         0x080043f7   Thumb Code   118  stm32f4xx_can.o(.text)
    CAN_Transmit                             0x0800446d   Thumb Code   304  stm32f4xx_can.o(.text)
    CAN_TransmitStatus                       0x0800459d   Thumb Code   138  stm32f4xx_can.o(.text)
    CAN_CancelTransmit                       0x08004627   Thumb Code    48  stm32f4xx_can.o(.text)
    CAN_Receive                              0x08004657   Thumb Code   240  stm32f4xx_can.o(.text)
    CAN_FIFORelease                          0x08004747   Thumb Code    22  stm32f4xx_can.o(.text)
    CAN_MessagePending                       0x0800475d   Thumb Code    30  stm32f4xx_can.o(.text)
    CAN_OperatingModeRequest                 0x0800477b   Thumb Code   162  stm32f4xx_can.o(.text)
    CAN_Sleep                                0x0800481d   Thumb Code    30  stm32f4xx_can.o(.text)
    CAN_WakeUp                               0x0800483b   Thumb Code    48  stm32f4xx_can.o(.text)
    CAN_GetLastErrorCode                     0x0800486b   Thumb Code    12  stm32f4xx_can.o(.text)
    CAN_GetReceiveErrorCounter               0x08004877   Thumb Code    10  stm32f4xx_can.o(.text)
    CAN_GetLSBTransmitErrorCounter           0x08004881   Thumb Code    12  stm32f4xx_can.o(.text)
    CAN_ITConfig                             0x0800488d   Thumb Code    18  stm32f4xx_can.o(.text)
    CAN_GetFlagStatus                        0x0800489f   Thumb Code   120  stm32f4xx_can.o(.text)
    CAN_ClearFlag                            0x08004917   Thumb Code    52  stm32f4xx_can.o(.text)
    CAN_GetITStatus                          0x0800495d   Thumb Code   310  stm32f4xx_can.o(.text)
    CAN_ClearITPendingBit                    0x08004a93   Thumb Code   162  stm32f4xx_can.o(.text)
    TIM_DeInit                               0x08004b39   Thumb Code   346  stm32f4xx_tim.o(.text)
    TIM_TimeBaseInit                         0x08004c93   Thumb Code   104  stm32f4xx_tim.o(.text)
    TIM_TimeBaseStructInit                   0x08004cfb   Thumb Code    18  stm32f4xx_tim.o(.text)
    TIM_PrescalerConfig                      0x08004d0d   Thumb Code     6  stm32f4xx_tim.o(.text)
    TIM_CounterModeConfig                    0x08004d13   Thumb Code    18  stm32f4xx_tim.o(.text)
    TIM_SetCounter                           0x08004d25   Thumb Code     4  stm32f4xx_tim.o(.text)
    TIM_SetAutoreload                        0x08004d29   Thumb Code     4  stm32f4xx_tim.o(.text)
    TIM_GetCounter                           0x08004d2d   Thumb Code     6  stm32f4xx_tim.o(.text)
    TIM_GetPrescaler                         0x08004d33   Thumb Code     6  stm32f4xx_tim.o(.text)
    TIM_UpdateDisableConfig                  0x08004d39   Thumb Code    24  stm32f4xx_tim.o(.text)
    TIM_UpdateRequestConfig                  0x08004d51   Thumb Code    24  stm32f4xx_tim.o(.text)
    TIM_ARRPreloadConfig                     0x08004d69   Thumb Code    24  stm32f4xx_tim.o(.text)
    TIM_SelectOnePulseMode                   0x08004d81   Thumb Code    18  stm32f4xx_tim.o(.text)
    TIM_SetClockDivision                     0x08004d93   Thumb Code    18  stm32f4xx_tim.o(.text)
    TIM_Cmd                                  0x08004da5   Thumb Code    24  stm32f4xx_tim.o(.text)
    TIM_OC1Init                              0x08004dbd   Thumb Code   114  stm32f4xx_tim.o(.text)
    TIM_OC2Init                              0x08004e2f   Thumb Code   154  stm32f4xx_tim.o(.text)
    TIM_OC3Init                              0x08004ec9   Thumb Code   204  stm32f4xx_tim.o(.text)
    TIM_OC4Init                              0x08004f95   Thumb Code   112  stm32f4xx_tim.o(.text)
    TIM_OCStructInit                         0x08005005   Thumb Code    20  stm32f4xx_tim.o(.text)
    TIM_SelectOCxM                           0x08005019   Thumb Code    86  stm32f4xx_tim.o(.text)
    TIM_SetCompare1                          0x0800506f   Thumb Code     4  stm32f4xx_tim.o(.text)
    TIM_SetCompare2                          0x08005073   Thumb Code     4  stm32f4xx_tim.o(.text)
    TIM_SetCompare3                          0x08005077   Thumb Code     4  stm32f4xx_tim.o(.text)
    TIM_SetCompare4                          0x0800507b   Thumb Code     4  stm32f4xx_tim.o(.text)
    TIM_ForcedOC1Config                      0x0800507f   Thumb Code    18  stm32f4xx_tim.o(.text)
    TIM_ForcedOC2Config                      0x08005091   Thumb Code    26  stm32f4xx_tim.o(.text)
    TIM_ForcedOC3Config                      0x080050ab   Thumb Code    18  stm32f4xx_tim.o(.text)
    TIM_ForcedOC4Config                      0x080050bd   Thumb Code    26  stm32f4xx_tim.o(.text)
    TIM_OC1PreloadConfig                     0x080050d7   Thumb Code    18  stm32f4xx_tim.o(.text)
    TIM_OC2PreloadConfig                     0x080050e9   Thumb Code    26  stm32f4xx_tim.o(.text)
    TIM_OC3PreloadConfig                     0x08005103   Thumb Code    18  stm32f4xx_tim.o(.text)
    TIM_OC4PreloadConfig                     0x08005115   Thumb Code    26  stm32f4xx_tim.o(.text)
    TIM_OC1FastConfig                        0x0800512f   Thumb Code    18  stm32f4xx_tim.o(.text)
    TIM_OC2FastConfig                        0x08005141   Thumb Code    26  stm32f4xx_tim.o(.text)
    TIM_OC3FastConfig                        0x0800515b   Thumb Code    18  stm32f4xx_tim.o(.text)
    TIM_OC4FastConfig                        0x0800516d   Thumb Code    26  stm32f4xx_tim.o(.text)
    TIM_ClearOC1Ref                          0x08005187   Thumb Code    18  stm32f4xx_tim.o(.text)
    TIM_ClearOC2Ref                          0x08005199   Thumb Code    24  stm32f4xx_tim.o(.text)
    TIM_ClearOC3Ref                          0x080051b1   Thumb Code    18  stm32f4xx_tim.o(.text)
    TIM_ClearOC4Ref                          0x080051c3   Thumb Code    24  stm32f4xx_tim.o(.text)
    TIM_OC1PolarityConfig                    0x080051db   Thumb Code    18  stm32f4xx_tim.o(.text)
    TIM_OC1NPolarityConfig                   0x080051ed   Thumb Code    18  stm32f4xx_tim.o(.text)
    TIM_OC2PolarityConfig                    0x080051ff   Thumb Code    26  stm32f4xx_tim.o(.text)
    TIM_OC2NPolarityConfig                   0x08005219   Thumb Code    26  stm32f4xx_tim.o(.text)
    TIM_OC3PolarityConfig                    0x08005233   Thumb Code    26  stm32f4xx_tim.o(.text)
    TIM_OC3NPolarityConfig                   0x0800524d   Thumb Code    26  stm32f4xx_tim.o(.text)
    TIM_OC4PolarityConfig                    0x08005267   Thumb Code    26  stm32f4xx_tim.o(.text)
    TIM_CCxCmd                               0x08005281   Thumb Code    30  stm32f4xx_tim.o(.text)
    TIM_CCxNCmd                              0x0800529f   Thumb Code    30  stm32f4xx_tim.o(.text)
    TIM_SetIC4Prescaler                      0x080052bd   Thumb Code    26  stm32f4xx_tim.o(.text)
    TIM_SetIC3Prescaler                      0x08005327   Thumb Code    18  stm32f4xx_tim.o(.text)
    TIM_SetIC2Prescaler                      0x08005381   Thumb Code    26  stm32f4xx_tim.o(.text)
    TIM_SetIC1Prescaler                      0x080053f5   Thumb Code    18  stm32f4xx_tim.o(.text)
    TIM_ICInit                               0x08005441   Thumb Code   110  stm32f4xx_tim.o(.text)
    TIM_ICStructInit                         0x080054af   Thumb Code    18  stm32f4xx_tim.o(.text)
    TIM_PWMIConfig                           0x080054c1   Thumb Code   124  stm32f4xx_tim.o(.text)
    TIM_GetCapture1                          0x0800553d   Thumb Code     6  stm32f4xx_tim.o(.text)
    TIM_GetCapture2                          0x08005543   Thumb Code     6  stm32f4xx_tim.o(.text)
    TIM_GetCapture3                          0x08005549   Thumb Code     6  stm32f4xx_tim.o(.text)
    TIM_GetCapture4                          0x0800554f   Thumb Code     6  stm32f4xx_tim.o(.text)
    TIM_BDTRConfig                           0x08005555   Thumb Code    32  stm32f4xx_tim.o(.text)
    TIM_BDTRStructInit                       0x08005575   Thumb Code    18  stm32f4xx_tim.o(.text)
    TIM_CtrlPWMOutputs                       0x08005587   Thumb Code    30  stm32f4xx_tim.o(.text)
    TIM_SelectCOM                            0x080055a5   Thumb Code    24  stm32f4xx_tim.o(.text)
    TIM_CCPreloadControl                     0x080055bd   Thumb Code    24  stm32f4xx_tim.o(.text)
    TIM_ITConfig                             0x080055d5   Thumb Code    18  stm32f4xx_tim.o(.text)
    TIM_GenerateEvent                        0x080055e7   Thumb Code     4  stm32f4xx_tim.o(.text)
    TIM_GetFlagStatus                        0x080055eb   Thumb Code    18  stm32f4xx_tim.o(.text)
    TIM_ClearFlag                            0x080055fd   Thumb Code     6  stm32f4xx_tim.o(.text)
    TIM_GetITStatus                          0x08005603   Thumb Code    34  stm32f4xx_tim.o(.text)
    TIM_ClearITPendingBit                    0x08005625   Thumb Code     6  stm32f4xx_tim.o(.text)
    TIM_DMAConfig                            0x0800562b   Thumb Code    10  stm32f4xx_tim.o(.text)
    TIM_DMACmd                               0x08005635   Thumb Code    18  stm32f4xx_tim.o(.text)
    TIM_SelectCCDMA                          0x08005647   Thumb Code    24  stm32f4xx_tim.o(.text)
    TIM_InternalClockConfig                  0x0800565f   Thumb Code    12  stm32f4xx_tim.o(.text)
    TIM_SelectInputTrigger                   0x0800566b   Thumb Code    18  stm32f4xx_tim.o(.text)
    TIM_ITRxExternalClockConfig              0x0800567d   Thumb Code    24  stm32f4xx_tim.o(.text)
    TIM_TIxExternalClockConfig               0x08005695   Thumb Code    62  stm32f4xx_tim.o(.text)
    TIM_ETRConfig                            0x080056d3   Thumb Code    28  stm32f4xx_tim.o(.text)
    TIM_ETRClockMode1Config                  0x080056ef   Thumb Code    54  stm32f4xx_tim.o(.text)
    TIM_ETRClockMode2Config                  0x08005725   Thumb Code    32  stm32f4xx_tim.o(.text)
    TIM_SelectOutputTrigger                  0x08005745   Thumb Code    18  stm32f4xx_tim.o(.text)
    TIM_SelectSlaveMode                      0x08005757   Thumb Code    18  stm32f4xx_tim.o(.text)
    TIM_SelectMasterSlaveMode                0x08005769   Thumb Code    18  stm32f4xx_tim.o(.text)
    TIM_EncoderInterfaceConfig               0x0800577b   Thumb Code    66  stm32f4xx_tim.o(.text)
    TIM_SelectHallSensor                     0x080057bd   Thumb Code    24  stm32f4xx_tim.o(.text)
    TIM_RemapConfig                          0x080057d5   Thumb Code     6  stm32f4xx_tim.o(.text)
    __aeabi_memcpy4                          0x080057db   Thumb Code     0  rt_memcpy_w.o(.text)
    __aeabi_memcpy8                          0x080057db   Thumb Code     0  rt_memcpy_w.o(.text)
    __rt_memcpy_w                            0x080057db   Thumb Code   100  rt_memcpy_w.o(.text)
    _memcpy_lastbytes_aligned                0x08005823   Thumb Code     0  rt_memcpy_w.o(.text)
    __aeabi_memclr4                          0x0800583f   Thumb Code     0  rt_memclr_w.o(.text)
    __aeabi_memclr8                          0x0800583f   Thumb Code     0  rt_memclr_w.o(.text)
    __rt_memclr_w                            0x0800583f   Thumb Code    78  rt_memclr_w.o(.text)
    _memset_w                                0x08005843   Thumb Code     0  rt_memclr_w.o(.text)
    __use_two_region_memory                  0x0800588d   Thumb Code     2  heapauxi.o(.text)
    __rt_heap_escrow$2region                 0x0800588f   Thumb Code     2  heapauxi.o(.text)
    __rt_heap_expand$2region                 0x08005891   Thumb Code     2  heapauxi.o(.text)
    __read_errno                             0x08005893   Thumb Code    10  _rserrno.o(.text)
    __set_errno                              0x0800589d   Thumb Code    12  _rserrno.o(.text)
    __aeabi_errno_addr                       0x080058a9   Thumb Code     8  rt_errno_addr_intlibspace.o(.text)
    __errno$intlibspace                      0x080058a9   Thumb Code     0  rt_errno_addr_intlibspace.o(.text)
    __rt_errno_addr$intlibspace              0x080058a9   Thumb Code     0  rt_errno_addr_intlibspace.o(.text)
    __user_libspace                          0x080058b1   Thumb Code     8  libspace.o(.text)
    __user_perproc_libspace                  0x080058b1   Thumb Code     0  libspace.o(.text)
    __user_perthread_libspace                0x080058b1   Thumb Code     0  libspace.o(.text)
    __user_setup_stackheap                   0x080058b9   Thumb Code    74  sys_stackheap_outer.o(.text)
    exit                                     0x08005903   Thumb Code    12  exit.o(.text)
    _sys_exit                                0x08005911   Thumb Code     8  sys_exit.o(.text)
    __I$use$semihosting                      0x0800591d   Thumb Code     0  use_no_semi.o(.text)
    __use_no_semihosting_swi                 0x0800591d   Thumb Code     2  use_no_semi.o(.text)
    __ARM_fpclassify                         0x0800591f   Thumb Code    48  fpclassify.o(i.__ARM_fpclassify)
    __semihosting_library_function           0x0800591f   Thumb Code     0  indicate_semi.o(.text)
    __hardfp_cos                             0x08005951   Thumb Code   200  cos.o(i.__hardfp_cos)
    __hardfp_pow                             0x08005a29   Thumb Code  3048  pow.o(i.__hardfp_pow)
    __hardfp_sin                             0x08006661   Thumb Code   200  sin.o(i.__hardfp_sin)
    __hardfp_sqrt                            0x08006739   Thumb Code   122  sqrt.o(i.__hardfp_sqrt)
    __ieee754_rem_pio2                       0x080067b9   Thumb Code   938  rred.o(i.__ieee754_rem_pio2)
    __kernel_cos                             0x08006bf1   Thumb Code   322  cos_i.o(i.__kernel_cos)
    __kernel_poly                            0x08006d61   Thumb Code   248  poly.o(i.__kernel_poly)
    __kernel_sin                             0x08006e59   Thumb Code   280  sin_i.o(i.__kernel_sin)
    __mathlib_dbl_underflow                  0x08006f89   Thumb Code    24  dunder.o(i.__mathlib_dbl_underflow)
    fabs                                     0x08006fa9   Thumb Code    24  fabs.o(i.fabs)
    sqrt                                     0x08006fc1   Thumb Code   110  sqrt.o(i.sqrt)
    __aeabi_dneg                             0x0800702f   Thumb Code     0  basic.o(x$fpl$basic)
    _dneg                                    0x0800702f   Thumb Code     6  basic.o(x$fpl$basic)
    __aeabi_fneg                             0x08007035   Thumb Code     0  basic.o(x$fpl$basic)
    _fneg                                    0x08007035   Thumb Code     6  basic.o(x$fpl$basic)
    _dabs                                    0x0800703b   Thumb Code     6  basic.o(x$fpl$basic)
    _fabs                                    0x08007041   Thumb Code     6  basic.o(x$fpl$basic)
    __aeabi_d2f                              0x08007049   Thumb Code     0  d2f.o(x$fpl$d2f)
    _d2f                                     0x08007049   Thumb Code    98  d2f.o(x$fpl$d2f)
    __aeabi_dadd                             0x080070ad   Thumb Code     0  daddsub_clz.o(x$fpl$dadd)
    _dadd                                    0x080070ad   Thumb Code   332  daddsub_clz.o(x$fpl$dadd)
    __fpl_dcheck_NaN1                        0x080071fd   Thumb Code    10  dcheck1.o(x$fpl$dcheck1)
    __fpl_dcmp_Inf                           0x0800720d   Thumb Code    24  dcmpi.o(x$fpl$dcmpinf)
    __aeabi_ddiv                             0x08007225   Thumb Code     0  ddiv.o(x$fpl$ddiv)
    _ddiv                                    0x08007225   Thumb Code   552  ddiv.o(x$fpl$ddiv)
    __aeabi_d2iz                             0x080074d5   Thumb Code     0  dfix.o(x$fpl$dfix)
    _dfix                                    0x080074d5   Thumb Code    94  dfix.o(x$fpl$dfix)
    __aeabi_i2d                              0x08007533   Thumb Code     0  dflt_clz.o(x$fpl$dflt)
    _dflt                                    0x08007533   Thumb Code    46  dflt_clz.o(x$fpl$dflt)
    __aeabi_ui2d                             0x08007561   Thumb Code     0  dflt_clz.o(x$fpl$dfltu)
    _dfltu                                   0x08007561   Thumb Code    38  dflt_clz.o(x$fpl$dfltu)
    __aeabi_cdcmple                          0x08007589   Thumb Code     0  dleqf.o(x$fpl$dleqf)
    _dcmple                                  0x08007589   Thumb Code   120  dleqf.o(x$fpl$dleqf)
    __fpl_dcmple_InfNaN                      0x080075eb   Thumb Code     0  dleqf.o(x$fpl$dleqf)
    __aeabi_dmul                             0x08007601   Thumb Code     0  dmul.o(x$fpl$dmul)
    _dmul                                    0x08007601   Thumb Code   332  dmul.o(x$fpl$dmul)
    __fpl_dnaninf                            0x08007755   Thumb Code   156  dnaninf.o(x$fpl$dnaninf)
    __fpl_dretinf                            0x080077f1   Thumb Code    12  dretinf.o(x$fpl$dretinf)
    __aeabi_cdrcmple                         0x080077fd   Thumb Code     0  drleqf.o(x$fpl$drleqf)
    _drcmple                                 0x080077fd   Thumb Code   108  drleqf.o(x$fpl$drleqf)
    __aeabi_drsub                            0x08007869   Thumb Code     0  daddsub_clz.o(x$fpl$drsb)
    _drsb                                    0x08007869   Thumb Code    22  daddsub_clz.o(x$fpl$drsb)
    _dsqrt                                   0x08007881   Thumb Code   404  dsqrt_umaal.o(x$fpl$dsqrt)
    __aeabi_dsub                             0x08007a19   Thumb Code     0  daddsub_clz.o(x$fpl$dsub)
    _dsub                                    0x08007a19   Thumb Code   464  daddsub_clz.o(x$fpl$dsub)
    __aeabi_f2d                              0x08007bed   Thumb Code     0  f2d.o(x$fpl$f2d)
    _f2d                                     0x08007bed   Thumb Code    86  f2d.o(x$fpl$f2d)
    __fpl_fnaninf                            0x08007c43   Thumb Code   140  fnaninf.o(x$fpl$fnaninf)
    _fp_init                                 0x08007ccf   Thumb Code    10  fpinit.o(x$fpl$fpinit)
    __fplib_config_fpu_vfp                   0x08007cd7   Thumb Code     0  fpinit.o(x$fpl$fpinit)
    __fplib_config_pureend_doubles           0x08007cd7   Thumb Code     0  fpinit.o(x$fpl$fpinit)
    __fpl_fretinf                            0x08007cd9   Thumb Code    10  fretinf.o(x$fpl$fretinf)
    __fpl_return_NaN                         0x08007ce3   Thumb Code   100  retnan.o(x$fpl$retnan)
    __ARM_scalbn                             0x08007d47   Thumb Code    92  scalbn.o(x$fpl$scalbn)
    __fpl_cmpreturn                          0x08007da3   Thumb Code    48  trapv.o(x$fpl$trapveneer)
    __I$use$fp                               0x08007dd2   Number         0  usenofp.o(x$fpl$usenofp)
    __mathlib_zero                           0x08007e90   Data           8  qnan.o(.constdata)
    Region$$Table$$Base                      0x08007f88   Number         0  anon$$obj.o(Region$$Table)
    Region$$Table$$Limit                     0x08007fa8   Number         0  anon$$obj.o(Region$$Table)
    noselect                                 0x20000000   Data           4  main.o(.data)
    SystemCoreClock                          0x20000008   Data           4  system_stm32f4xx.o(.data)
    AHBPrescTable                            0x2000000c   Data          16  system_stm32f4xx.o(.data)
    While1_Lasttime                          0x20000028   Data           4  bsp.o(.data)
    NOW_TIME                                 0x2000002c   Data           4  bsp.o(.data)
    IMU_CYCTIME1                             0x20000030   Data           4  bsp.o(.data)
    IMU_CYCTIME2                             0x20000034   Data           4  bsp.o(.data)
    gpio                                     0x20000038   Data           8  bsp.o(.data)
    exti                                     0x20000040   Data           8  bsp.o(.data)
    nvic                                     0x20000048   Data           4  bsp.o(.data)
    time                                     0x20000050   Data           2  delay.o(.data)
    TxCounter                                0x20000052   Data           1  usart1_imu.o(.data)
    count                                    0x20000053   Data           1  usart1_imu.o(.data)
    Flag1_CAN_Receive                        0x20000058   Data           1  can2_imu.o(.data)
    Flag2_CAN_Receive                        0x20000059   Data           1  can2_imu.o(.data)
    GYPOS_DATA                               0x2000005a   Data           4  can2_imu.o(.data)
    i                                        0x20000060   Data           4  can2_imu.o(.data)
    this_yaw_angle                           0x20000064   Data           4  can2_imu.o(.data)
    last_yaw_angle                           0x20000068   Data           4  can2_imu.o(.data)
    temp_yaw_angle                           0x2000006c   Data           4  can2_imu.o(.data)
    D_last_yaw_angle                         0x20000070   Data           4  can2_imu.o(.data)
    D_this_yaw_angle                         0x20000074   Data           4  can2_imu.o(.data)
    turn_cnt                                 0x20000078   Data           4  can2_imu.o(.data)
    Yaw_Angle_temp                           0x2000007c   Data           4  can2_imu.o(.data)
    Yaw_Angle_Last                           0x20000080   Data           4  can2_imu.o(.data)
    Gypo_Offset                              0x20000084   Data           4  can2_imu.o(.data)
    Yaw_Angle                                0x20000088   Data           4  can2_imu.o(.data)
    rx_queue                                 0x2000009c   Data         140  main.o(.bss)
    radBufferRS485                           0x20000128   Data          99  main.o(.bss)
    Ke                                       0x2000018c   Data         120  main.o(.bss)
    System                                   0x20000204   Data          24  main.o(.bss)
    Len_M                                    0x2000021c   Data          12  four_motor.o(.bss)
    Global_C                                 0x20000228   Data          12  four_motor.o(.bss)
    tim                                      0x20000288   Data          12  bsp.o(.bss)
    oc                                       0x20000294   Data          20  bsp.o(.bss)
    stcAcc                                   0x200002a8   Data          32  usart1_imu.o(.bss)
    stcGyro                                  0x200002c8   Data          32  usart1_imu.o(.bss)
    stcAngle                                 0x200002e8   Data          32  usart1_imu.o(.bss)
    ucRxBuffer                               0x20000308   Data         250  usart1_imu.o(.bss)
    TxBuffer                                 0x20000402   Data         256  usart1_imu.o(.bss)
    RxMessage                                0x20000504   Data          20  can2_imu.o(.bss)
    byte0                                    0x20000518   Data          12  can2_imu.o(.bss)
    __libspace_start                         0x20000524   Data          96  libspace.o(.bss)
    __temporary_stack_top$libspace           0x20000584   Data           0  libspace.o(.bss)



==============================================================================

Memory Map of the image

  Image Entry point : 0x08000189

  Load Region LR_IROM1 (Base: 0x08000000, Size: 0x00008044, Max: 0x00100000, ABSOLUTE)

    Execution Region ER_IROM1 (Base: 0x08000000, Size: 0x00007fa8, Max: 0x00100000, ABSOLUTE)

    Base Addr    Size         Type   Attr      Idx    E Section Name        Object

    0x08000000   0x00000188   Data   RO          526    RESET               startup_stm32f40_41xxx.o
    0x08000188   0x00000008   Code   RO          704  * !!!main             c_w.l(__main.o)
    0x08000190   0x00000034   Code   RO          995    !!!scatter          c_w.l(__scatter.o)
    0x080001c4   0x0000001a   Code   RO          997    !!handler_copy      c_w.l(__scatter_copy.o)
    0x080001de   0x00000002   PAD
    0x080001e0   0x0000001c   Code   RO          999    !!handler_zi        c_w.l(__scatter_zi.o)
    0x080001fc   0x00000002   Code   RO          867    .ARM.Collect$$libinit$$00000000  c_w.l(libinit.o)
    0x080001fe   0x00000004   Code   RO          872    .ARM.Collect$$libinit$$00000001  c_w.l(libinit2.o)
    0x08000202   0x00000000   Code   RO          876    .ARM.Collect$$libinit$$00000008  c_w.l(libinit2.o)
    0x08000202   0x00000000   Code   RO          878    .ARM.Collect$$libinit$$0000000A  c_w.l(libinit2.o)
    0x08000202   0x00000000   Code   RO          880    .ARM.Collect$$libinit$$0000000C  c_w.l(libinit2.o)
    0x08000202   0x00000000   Code   RO          883    .ARM.Collect$$libinit$$0000000F  c_w.l(libinit2.o)
    0x08000202   0x00000000   Code   RO          885    .ARM.Collect$$libinit$$00000011  c_w.l(libinit2.o)
    0x08000202   0x00000000   Code   RO          887    .ARM.Collect$$libinit$$00000013  c_w.l(libinit2.o)
    0x08000202   0x00000000   Code   RO          889    .ARM.Collect$$libinit$$00000015  c_w.l(libinit2.o)
    0x08000202   0x00000000   Code   RO          891    .ARM.Collect$$libinit$$00000017  c_w.l(libinit2.o)
    0x08000202   0x00000000   Code   RO          893    .ARM.Collect$$libinit$$00000019  c_w.l(libinit2.o)
    0x08000202   0x00000000   Code   RO          895    .ARM.Collect$$libinit$$0000001B  c_w.l(libinit2.o)
    0x08000202   0x00000000   Code   RO          897    .ARM.Collect$$libinit$$0000001D  c_w.l(libinit2.o)
    0x08000202   0x00000000   Code   RO          899    .ARM.Collect$$libinit$$0000001F  c_w.l(libinit2.o)
    0x08000202   0x00000000   Code   RO          901    .ARM.Collect$$libinit$$00000021  c_w.l(libinit2.o)
    0x08000202   0x00000000   Code   RO          903    .ARM.Collect$$libinit$$00000023  c_w.l(libinit2.o)
    0x08000202   0x00000000   Code   RO          907    .ARM.Collect$$libinit$$0000002A  c_w.l(libinit2.o)
    0x08000202   0x00000000   Code   RO          909    .ARM.Collect$$libinit$$0000002C  c_w.l(libinit2.o)
    0x08000202   0x00000000   Code   RO          911    .ARM.Collect$$libinit$$0000002E  c_w.l(libinit2.o)
    0x08000202   0x00000000   Code   RO          913    .ARM.Collect$$libinit$$00000030  c_w.l(libinit2.o)
    0x08000202   0x00000002   Code   RO          914    .ARM.Collect$$libinit$$00000031  c_w.l(libinit2.o)
    0x08000204   0x00000002   Code   RO          936    .ARM.Collect$$libshutdown$$00000000  c_w.l(libshutdown.o)
    0x08000206   0x00000000   Code   RO          950    .ARM.Collect$$libshutdown$$00000003  c_w.l(libshutdown2.o)
    0x08000206   0x00000000   Code   RO          953    .ARM.Collect$$libshutdown$$00000006  c_w.l(libshutdown2.o)
    0x08000206   0x00000000   Code   RO          956    .ARM.Collect$$libshutdown$$00000009  c_w.l(libshutdown2.o)
    0x08000206   0x00000000   Code   RO          958    .ARM.Collect$$libshutdown$$0000000B  c_w.l(libshutdown2.o)
    0x08000206   0x00000000   Code   RO          961    .ARM.Collect$$libshutdown$$0000000E  c_w.l(libshutdown2.o)
    0x08000206   0x00000002   Code   RO          962    .ARM.Collect$$libshutdown$$0000000F  c_w.l(libshutdown2.o)
    0x08000208   0x00000000   Code   RO          780    .ARM.Collect$$rtentry$$00000000  c_w.l(rtentry.o)
    0x08000208   0x00000000   Code   RO          828    .ARM.Collect$$rtentry$$00000002  c_w.l(rtentry2.o)
    0x08000208   0x00000006   Code   RO          840    .ARM.Collect$$rtentry$$00000004  c_w.l(rtentry4.o)
    0x0800020e   0x00000000   Code   RO          830    .ARM.Collect$$rtentry$$00000009  c_w.l(rtentry2.o)
    0x0800020e   0x00000004   Code   RO          831    .ARM.Collect$$rtentry$$0000000A  c_w.l(rtentry2.o)
    0x08000212   0x00000000   Code   RO          833    .ARM.Collect$$rtentry$$0000000C  c_w.l(rtentry2.o)
    0x08000212   0x00000008   Code   RO          834    .ARM.Collect$$rtentry$$0000000D  c_w.l(rtentry2.o)
    0x0800021a   0x00000002   Code   RO          870    .ARM.Collect$$rtexit$$00000000  c_w.l(rtexit.o)
    0x0800021c   0x00000000   Code   RO          918    .ARM.Collect$$rtexit$$00000002  c_w.l(rtexit2.o)
    0x0800021c   0x00000004   Code   RO          919    .ARM.Collect$$rtexit$$00000003  c_w.l(rtexit2.o)
    0x08000220   0x00000006   Code   RO          920    .ARM.Collect$$rtexit$$00000004  c_w.l(rtexit2.o)
    0x08000226   0x00000002   PAD
    0x08000228   0x00000990   Code   RO            3    .text               main.o
    0x08000bb8   0x0000001a   Code   RO          173    .text               stm32f4xx_it.o
    0x08000bd2   0x00000002   PAD
    0x08000bd4   0x00000210   Code   RO          222    .text               system_stm32f4xx.o
    0x08000de4   0x000001ac   Code   RO          248    .text               can.o
    0x08000f90   0x0000003c   Code   RO          268    .text               led.o
    0x08000fcc   0x00000080   Code   RO          286    .text               queue.o
    0x0800104c   0x00000708   Code   RO          303    .text               four_motor.o
    0x08001754   0x000003f0   Code   RO          337    .text               tracks_gui.o
    0x08001b44   0x00000b28   Code   RO          363    .text               tf.o
    0x0800266c   0x000001b8   Code   RO          383    .text               bsp.o
    0x08002824   0x00000134   Code   RO          411    .text               usart3.o
    0x08002958   0x00000150   Code   RO          432    .text               delay.o
    0x08002aa8   0x000004bc   Code   RO          455    .text               usart1_imu.o
    0x08002f64   0x00000380   Code   RO          480    .text               can2_imu.o
    0x080032e4   0x00000040   Code   RO          527    .text               startup_stm32f40_41xxx.o
    0x08003324   0x000000e0   Code   RO          533    .text               misc.o
    0x08003404   0x00000294   Code   RO          553    .text               stm32f4xx_gpio.o
    0x08003698   0x0000065c   Code   RO          596    .text               stm32f4xx_rcc.o
    0x08003cf4   0x00000454   Code   RO          638    .text               stm32f4xx_usart.o
    0x08004148   0x000009f0   Code   RO          658    .text               stm32f4xx_can.o
    0x08004b38   0x00000ca2   Code   RO          678    .text               stm32f4xx_tim.o
    0x080057da   0x00000064   Code   RO          698    .text               c_w.l(rt_memcpy_w.o)
    0x0800583e   0x0000004e   Code   RO          700    .text               c_w.l(rt_memclr_w.o)
    0x0800588c   0x00000006   Code   RO          702    .text               c_w.l(heapauxi.o)
    0x08005892   0x00000016   Code   RO          781    .text               c_w.l(_rserrno.o)
    0x080058a8   0x00000008   Code   RO          845    .text               c_w.l(rt_errno_addr_intlibspace.o)
    0x080058b0   0x00000008   Code   RO          855    .text               c_w.l(libspace.o)
    0x080058b8   0x0000004a   Code   RO          858    .text               c_w.l(sys_stackheap_outer.o)
    0x08005902   0x0000000c   Code   RO          860    .text               c_w.l(exit.o)
    0x0800590e   0x00000002   PAD
    0x08005910   0x0000000c   Code   RO          928    .text               c_w.l(sys_exit.o)
    0x0800591c   0x00000002   Code   RO          939    .text               c_w.l(use_no_semi.o)
    0x0800591e   0x00000000   Code   RO          941    .text               c_w.l(indicate_semi.o)
    0x0800591e   0x00000030   Code   RO          811    i.__ARM_fpclassify  m_wm.l(fpclassify.o)
    0x0800594e   0x00000002   PAD
    0x08005950   0x000000d8   Code   RO          730    i.__hardfp_cos      m_wm.l(cos.o)
    0x08005a28   0x00000c38   Code   RO          742    i.__hardfp_pow      m_wm.l(pow.o)
    0x08006660   0x000000d8   Code   RO          756    i.__hardfp_sin      m_wm.l(sin.o)
    0x08006738   0x0000007a   Code   RO          768    i.__hardfp_sqrt     m_wm.l(sqrt.o)
    0x080067b2   0x00000006   PAD
    0x080067b8   0x00000438   Code   RO          816    i.__ieee754_rem_pio2  m_wm.l(rred.o)
    0x08006bf0   0x00000170   Code   RO          800    i.__kernel_cos      m_wm.l(cos_i.o)
    0x08006d60   0x000000f8   Code   RO          813    i.__kernel_poly     m_wm.l(poly.o)
    0x08006e58   0x00000130   Code   RO          821    i.__kernel_sin      m_wm.l(sin_i.o)
    0x08006f88   0x00000020   Code   RO          803    i.__mathlib_dbl_underflow  m_wm.l(dunder.o)
    0x08006fa8   0x00000018   Code   RO          807    i.fabs              m_wm.l(fabs.o)
    0x08006fc0   0x0000006e   Code   RO          770    i.sqrt              m_wm.l(sqrt.o)
    0x0800702e   0x00000018   Code   RO          706    x$fpl$basic         fz_wm.l(basic.o)
    0x08007046   0x00000002   PAD
    0x08007048   0x00000062   Code   RO          708    x$fpl$d2f           fz_wm.l(d2f.o)
    0x080070aa   0x00000002   PAD
    0x080070ac   0x00000150   Code   RO          710    x$fpl$dadd          fz_wm.l(daddsub_clz.o)
    0x080071fc   0x00000010   Code   RO          847    x$fpl$dcheck1       fz_wm.l(dcheck1.o)
    0x0800720c   0x00000018   Code   RO          849    x$fpl$dcmpinf       fz_wm.l(dcmpi.o)
    0x08007224   0x000002b0   Code   RO          717    x$fpl$ddiv          fz_wm.l(ddiv.o)
    0x080074d4   0x0000005e   Code   RO          851    x$fpl$dfix          fz_wm.l(dfix.o)
    0x08007532   0x0000002e   Code   RO          721    x$fpl$dflt          fz_wm.l(dflt_clz.o)
    0x08007560   0x00000026   Code   RO          720    x$fpl$dfltu         fz_wm.l(dflt_clz.o)
    0x08007586   0x00000002   PAD
    0x08007588   0x00000078   Code   RO          783    x$fpl$dleqf         fz_wm.l(dleqf.o)
    0x08007600   0x00000154   Code   RO          726    x$fpl$dmul          fz_wm.l(dmul.o)
    0x08007754   0x0000009c   Code   RO          785    x$fpl$dnaninf       fz_wm.l(dnaninf.o)
    0x080077f0   0x0000000c   Code   RO          787    x$fpl$dretinf       fz_wm.l(dretinf.o)
    0x080077fc   0x0000006c   Code   RO          789    x$fpl$drleqf        fz_wm.l(drleqf.o)
    0x08007868   0x00000016   Code   RO          711    x$fpl$drsb          fz_wm.l(daddsub_clz.o)
    0x0800787e   0x00000002   PAD
    0x08007880   0x00000198   Code   RO          791    x$fpl$dsqrt         fz_wm.l(dsqrt_umaal.o)
    0x08007a18   0x000001d4   Code   RO          712    x$fpl$dsub          fz_wm.l(daddsub_clz.o)
    0x08007bec   0x00000056   Code   RO          728    x$fpl$f2d           fz_wm.l(f2d.o)
    0x08007c42   0x0000008c   Code   RO          793    x$fpl$fnaninf       fz_wm.l(fnaninf.o)
    0x08007cce   0x0000000a   Code   RO          926    x$fpl$fpinit        fz_wm.l(fpinit.o)
    0x08007cd8   0x0000000a   Code   RO          795    x$fpl$fretinf       fz_wm.l(fretinf.o)
    0x08007ce2   0x00000064   Code   RO          868    x$fpl$retnan        fz_wm.l(retnan.o)
    0x08007d46   0x0000005c   Code   RO          797    x$fpl$scalbn        fz_wm.l(scalbn.o)
    0x08007da2   0x00000030   Code   RO          915    x$fpl$trapveneer    fz_wm.l(trapv.o)
    0x08007dd2   0x00000000   Code   RO          799    x$fpl$usenofp       fz_wm.l(usenofp.o)
    0x08007dd2   0x00000006   PAD
    0x08007dd8   0x00000088   Data   RO          745    .constdata          m_wm.l(pow.o)
    0x08007e60   0x00000030   Data   RO          801    .constdata          m_wm.l(cos_i.o)
    0x08007e90   0x00000008   Data   RO          815    .constdata          m_wm.l(qnan.o)
    0x08007e98   0x000000c8   Data   RO          818    .constdata          m_wm.l(rred.o)
    0x08007f60   0x00000028   Data   RO          822    .constdata          m_wm.l(sin_i.o)
    0x08007f88   0x00000020   Data   RO          993    Region$$Table       anon$$obj.o


    Execution Region RW_IRAM1 (Base: 0x20000000, Size: 0x00000b88, Max: 0x00020000, ABSOLUTE)

    Base Addr    Size         Type   Attr      Idx    E Section Name        Object

    0x20000000   0x00000006   Data   RW            5    .data               main.o
    0x20000006   0x00000002   PAD
    0x20000008   0x00000014   Data   RW          223    .data               system_stm32f4xx.o
    0x2000001c   0x00000006   Data   RW          305    .data               four_motor.o
    0x20000022   0x00000002   PAD
    0x20000024   0x00000004   Data   RW          339    .data               tracks_gui.o
    0x20000028   0x00000028   Data   RW          385    .data               bsp.o
    0x20000050   0x00000002   Data   RW          433    .data               delay.o
    0x20000052   0x00000004   Data   RW          457    .data               usart1_imu.o
    0x20000056   0x00000002   PAD
    0x20000058   0x00000034   Data   RW          482    .data               can2_imu.o
    0x2000008c   0x00000010   Data   RW          597    .data               stm32f4xx_rcc.o
    0x2000009c   0x00000180   Zero   RW            4    .bss                main.o
    0x2000021c   0x00000024   Zero   RW          304    .bss                four_motor.o
    0x20000240   0x00000048   Zero   RW          338    .bss                tracks_gui.o
    0x20000288   0x00000020   Zero   RW          384    .bss                bsp.o
    0x200002a8   0x0000025a   Zero   RW          456    .bss                usart1_imu.o
    0x20000502   0x00000002   PAD
    0x20000504   0x00000020   Zero   RW          481    .bss                can2_imu.o
    0x20000524   0x00000060   Zero   RW          856    .bss                c_w.l(libspace.o)
    0x20000584   0x00000004   PAD
    0x20000588   0x00000200   Zero   RW          525    HEAP                startup_stm32f40_41xxx.o
    0x20000788   0x00000400   Zero   RW          524    STACK               startup_stm32f40_41xxx.o


==============================================================================

Image component sizes


      Code (inc. data)   RO Data    RW Data    ZI Data      Debug   Object Name

       440         42          0         40         32       1885   bsp.o
       428         10          0          0          0       2296   can.o
       896         76          0         52         32       3410   can2_imu.o
       336         18          0          2          0       2804   delay.o
      1800         94          0          6         36       5842   four_motor.o
        60          6          0          0          0        623   led.o
      2448         64          0          6        384     300170   main.o
       224         20          0          0          0       2013   misc.o
       128          0          0          0          0       1900   queue.o
        64         26        392          0       1536        932   startup_stm32f40_41xxx.o
      2544         38          0          0          0       8164   stm32f4xx_can.o
       660         44          0          0          0       4289   stm32f4xx_gpio.o
        26          0          0          0          0       1318   stm32f4xx_it.o
      1628         52          0         16          0      13176   stm32f4xx_rcc.o
      3234         60          0          0          0      22492   stm32f4xx_tim.o
      1108         34          0          0          0       7988   stm32f4xx_usart.o
       528         46          0         20          0       2071   system_stm32f4xx.o
      2856         96          0          0          0       2466   tf.o
      1008         70          0          4         72       2972   tracks_gui.o
      1212         92          0          4        602       3250   usart1_imu.o
       308         18          0          0          0       1355   usart3.o

    ----------------------------------------------------------------------
     21938        906        424        156       2696     391416   Object Totals
         0          0         32          0          0          0   (incl. Generated)
         2          0          0          6          2          0   (incl. Padding)

    ----------------------------------------------------------------------

      Code (inc. data)   RO Data    RW Data    ZI Data      Debug   Library Member Name

         8          0          0          0          0         68   __main.o
        52          8          0          0          0          0   __scatter.o
        26          0          0          0          0          0   __scatter_copy.o
        28          0          0          0          0          0   __scatter_zi.o
        22          0          0          0          0        100   _rserrno.o
        12          0          0          0          0         72   exit.o
         6          0          0          0          0        152   heapauxi.o
         0          0          0          0          0          0   indicate_semi.o
         2          0          0          0          0          0   libinit.o
         6          0          0          0          0          0   libinit2.o
         2          0          0          0          0          0   libshutdown.o
         2          0          0          0          0          0   libshutdown2.o
         8          4          0          0         96         68   libspace.o
         8          4          0          0          0         68   rt_errno_addr_intlibspace.o
        78          0          0          0          0         80   rt_memclr_w.o
       100          0          0          0          0         80   rt_memcpy_w.o
         0          0          0          0          0          0   rtentry.o
        12          0          0          0          0          0   rtentry2.o
         6          0          0          0          0          0   rtentry4.o
         2          0          0          0          0          0   rtexit.o
        10          0          0          0          0          0   rtexit2.o
        12          4          0          0          0         68   sys_exit.o
        74          0          0          0          0         80   sys_stackheap_outer.o
         2          0          0          0          0         68   use_no_semi.o
        24          0          0          0          0        164   basic.o
        98          4          0          0          0        140   d2f.o
       826         16          0          0          0        492   daddsub_clz.o
        16          4          0          0          0        116   dcheck1.o
        24          0          0          0          0        116   dcmpi.o
       688        140          0          0          0        256   ddiv.o
        94          4          0          0          0        140   dfix.o
        84          0          0          0          0        232   dflt_clz.o
       120          4          0          0          0        140   dleqf.o
       340         12          0          0          0        152   dmul.o
       156          4          0          0          0        140   dnaninf.o
        12          0          0          0          0        116   dretinf.o
       108          0          0          0          0        128   drleqf.o
       408         56          0          0          0        168   dsqrt_umaal.o
        86          4          0          0          0        132   f2d.o
       140          4          0          0          0        132   fnaninf.o
        10          0          0          0          0        116   fpinit.o
        10          0          0          0          0        116   fretinf.o
       100          0          0          0          0        116   retnan.o
        92          0          0          0          0        116   scalbn.o
        48          0          0          0          0        116   trapv.o
         0          0          0          0          0          0   usenofp.o
       216         16          0          0          0        152   cos.o
       368         46         48          0          0        200   cos_i.o
        32          8          0          0          0        124   dunder.o
        24          0          0          0          0        124   fabs.o
        48          0          0          0          0        124   fpclassify.o
       248          0          0          0          0        152   poly.o
      3128        304        136          0          0        216   pow.o
         0          0          8          0          0          0   qnan.o
      1080        142        200          0          0        188   rred.o
       216         16          0          0          0        152   sin.o
       304         24         40          0          0        208   sin_i.o
       232          0          0          0          0        296   sqrt.o

    ----------------------------------------------------------------------
      9886        828        432          0        100       6184   Library Totals
        28          0          0          0          4          0   (incl. Padding)

    ----------------------------------------------------------------------

      Code (inc. data)   RO Data    RW Data    ZI Data      Debug   Library Name

       478         20          0          0         96        904   c_w.l
      3484        252          0          0          0       3344   fz_wm.l
      5896        556        432          0          0       1936   m_wm.l

    ----------------------------------------------------------------------
      9886        828        432          0        100       6184   Library Totals

    ----------------------------------------------------------------------

==============================================================================


      Code (inc. data)   RO Data    RW Data    ZI Data      Debug   

     31824       1734        856        156       2796     390136   Grand Totals
     31824       1734        856        156       2796     390136   ELF Image Totals
     31824       1734        856        156          0          0   ROM Totals

==============================================================================

    Total RO  Size (Code + RO Data)                32680 (  31.91kB)
    Total RW  Size (RW Data + ZI Data)              2952 (   2.88kB)
    Total ROM Size (Code + RO Data + RW Data)      32836 (  32.07kB)

==============================================================================

