Product: MDK-ARM Professional 5.10
Component: ARM Compiler 5.04 update 1 (build 49)
Tool: armlink [5040049]

==============================================================================

Section Cross References

    main.o(.text) refers to stm32f4xx_usart.o(.text) for USART_GetFlagStatus
    main.o(.text) refers to usart3.o(.text) for USART3_SendChar
    main.o(.text) refers to rt_memclr_w.o(.text) for __aeabi_memclr4
    main.o(.text) refers to bsp.o(.text) for BSP_Init
    main.o(.text) refers to queue.o(.text) for queue_init
    main.o(.text) refers to main.o(.data) for noselect
    main.o(.text) refers to main.o(.bss) for System
    main.o(.text) refers to rt_memcpy_w.o(.text) for __aeabi_memcpy4
    system_stm32f4xx.o(.text) refers to system_stm32f4xx.o(.data) for SystemCoreClock
    can.o(.text) refers to stm32f4xx_rcc.o(.text) for RCC_AHB1PeriphClockCmd
    can.o(.text) refers to stm32f4xx_gpio.o(.text) for GPIO_Init
    can.o(.text) refers to stm32f4xx_can.o(.text) for CAN_Init
    can.o(.text) refers to misc.o(.text) for NVIC_Init
    led.o(.text) refers to stm32f4xx_rcc.o(.text) for RCC_AHB1PeriphClockCmd
    led.o(.text) refers to stm32f4xx_gpio.o(.text) for GPIO_Init
    queue.o(.text) refers to rt_memclr_w.o(.text) for __aeabi_memclr4
    four_motor.o(.text) refers to stm32f4xx_can.o(.text) for CAN_Transmit
    four_motor.o(.text) refers to tracks_gui.o(.text) for Robot_Speed_Set
    four_motor.o(.text) refers to delay.o(.text) for delay_us
    four_motor.o(.text) refers to tf.o(.text) for Motor_To_Global_tf
    four_motor.o(.text) refers to four_motor.o(.data) for motor_cnt
    four_motor.o(.text) refers to main.o(.bss) for System
    four_motor.o(.text) refers to four_motor.o(.bss) for Len_M
    four_motor.o(.text) refers to usart1_imu.o(.data) for Yaw_Angle
    tracks_gui.o(.text) refers to tf.o(.text) for Robot_To_Motor_tf
    tracks_gui.o(.text) refers to f2d.o(x$fpl$f2d) for __aeabi_f2d
    tracks_gui.o(.text) refers to cos.o(i.__hardfp_cos) for __hardfp_cos
    tracks_gui.o(.text) refers to dmul.o(x$fpl$dmul) for __aeabi_dmul
    tracks_gui.o(.text) refers to d2f.o(x$fpl$d2f) for __aeabi_d2f
    tracks_gui.o(.text) refers to pow.o(i.__hardfp_pow) for __hardfp_pow
    tracks_gui.o(.text) refers to daddsub_clz.o(x$fpl$dadd) for __aeabi_dadd
    tracks_gui.o(.text) refers to sqrt.o(i.__hardfp_sqrt) for __hardfp_sqrt
    tracks_gui.o(.text) refers to ddiv.o(x$fpl$ddiv) for __aeabi_ddiv
    tracks_gui.o(.text) refers to tracks_gui.o(.bss) for Local
    tracks_gui.o(.text) refers to main.o(.bss) for Ke
    tracks_gui.o(.text) refers to tracks_gui.o(.data) for dy
    tf.o(.text) refers to f2d.o(x$fpl$f2d) for __aeabi_f2d
    tf.o(.text) refers to sin.o(i.__hardfp_sin) for __hardfp_sin
    tf.o(.text) refers to dmul.o(x$fpl$dmul) for __aeabi_dmul
    tf.o(.text) refers to cos.o(i.__hardfp_cos) for __hardfp_cos
    tf.o(.text) refers to daddsub_clz.o(x$fpl$dadd) for __aeabi_dadd
    tf.o(.text) refers to d2f.o(x$fpl$d2f) for __aeabi_d2f
    tf.o(.text) refers to basic.o(x$fpl$basic) for __aeabi_dneg
    tf.o(.text) refers to daddsub_clz.o(x$fpl$dsub) for __aeabi_dsub
    bsp.o(.text) refers to stm32f4xx_rcc.o(.text) for RCC_AHB1PeriphClockCmd
    bsp.o(.text) refers to stm32f4xx_tim.o(.text) for TIM_TimeBaseInit
    bsp.o(.text) refers to delay.o(.text) for GET_microstime
    bsp.o(.text) refers to four_motor.o(.text) for Chassis_control
    bsp.o(.text) refers to misc.o(.text) for NVIC_PriorityGroupConfig
    bsp.o(.text) refers to led.o(.text) for LED_Init
    bsp.o(.text) refers to usart3.o(.text) for USART3_Configuration
    bsp.o(.text) refers to can.o(.text) for CAN1_Mode_Init
    bsp.o(.text) refers to usart1_imu.o(.text) for USART1_IMU_Init
    bsp.o(.text) refers to bsp.o(.bss) for tim
    bsp.o(.text) refers to main.o(.bss) for System
    bsp.o(.text) refers to bsp.o(.data) for led_hz
    usart3.o(.text) refers to stm32f4xx_rcc.o(.text) for RCC_AHB1PeriphClockCmd
    usart3.o(.text) refers to stm32f4xx_gpio.o(.text) for GPIO_PinAFConfig
    usart3.o(.text) refers to stm32f4xx_usart.o(.text) for USART_Init
    usart3.o(.text) refers to rt_memcpy_w.o(.text) for __aeabi_memcpy4
    usart3.o(.text) refers to queue.o(.text) for queue_full
    usart3.o(.text) refers to main.o(.bss) for rx_queue
    delay.o(.text) refers to misc.o(.text) for NVIC_PriorityGroupConfig
    delay.o(.text) refers to stm32f4xx_rcc.o(.text) for RCC_APB1PeriphClockCmd
    delay.o(.text) refers to stm32f4xx_tim.o(.text) for TIM_DeInit
    delay.o(.text) refers to delay.o(.data) for time
    usart1_imu.o(.text) refers to stm32f4xx_usart.o(.text) for USART_GetFlagStatus
    usart1_imu.o(.text) refers to stm32f4xx_rcc.o(.text) for RCC_AHB1PeriphClockCmd
    usart1_imu.o(.text) refers to stm32f4xx_gpio.o(.text) for GPIO_PinAFConfig
    usart1_imu.o(.text) refers to delay.o(.text) for delay_ms
[...]
    .ARM.Collect$$rtentry$$00000004          0x08000208   Section        6  rtentry4.o(.ARM.Collect$$rtentry$$00000004)
    .ARM.Collect$$rtentry$$00000009          0x0800020e   Section        0  rtentry2.o(.ARM.Collect$$rtentry$$00000009)
    .ARM.Collect$$rtentry$$0000000A          0x0800020e   Section        4  rtentry2.o(.ARM.Collect$$rtentry$$0000000A)
    .ARM.Collect$$rtentry$$0000000C          0x08000212   Section        0  rtentry2.o(.ARM.Collect$$rtentry$$0000000C)
    .ARM.Collect$$rtentry$$0000000D          0x08000212   Section        8  rtentry2.o(.ARM.Collect$$rtentry$$0000000D)
    .ARM.Collect$$rtexit$$00000000           0x0800021a   Section        2  rtexit.o(.ARM.Collect$$rtexit$$00000000)
    .ARM.Collect$$rtexit$$00000002           0x0800021c   Section        0  rtexit2.o(.ARM.Collect$$rtexit$$00000002)
    .ARM.Collect$$rtexit$$00000003           0x0800021c   Section        4  rtexit2.o(.ARM.Collect$$rtexit$$00000003)
    .ARM.Collect$$rtexit$$00000004           0x08000220   Section        6  rtexit2.o(.ARM.Collect$$rtexit$$00000004)
    .text                                    0x08000228   Section        0  main.o(.text)
    .text                                    0x08000b68   Section        0  stm32f4xx_it.o(.text)
    .text                                    0x08000b84   Section        0  system_stm32f4xx.o(.text)
    SetSysClock                              0x08000b85   Thumb Code   220  system_stm32f4xx.o(.text)
    .text                                    0x08000d94   Section        0  can.o(.text)
    .text                                    0x08000f40   Section        0  led.o(.text)
    .text                                    0x08000f7c   Section        0  queue.o(.text)
    .text                                    0x08000ffc   Section        0  four_motor.o(.text)
    .text                                    0x080016e4   Section        0  tracks_gui.o(.text)
    .text                                    0x08001ad4   Section        0  tf.o(.text)
    .text                                    0x080025fc   Section        0  bsp.o(.text)
    .text                                    0x080027a4   Section        0  usart3.o(.text)
    .text                                    0x080028d8   Section        0  delay.o(.text)
    .text                                    0x08002a28   Section        0  usart1_imu.o(.text)
    .text                                    0x08002ee4   Section       64  startup_stm32f40_41xxx.o(.text)
    $v0                                      0x08002ee4   Number         0  startup_stm32f40_41xxx.o(.text)
    .text                                    0x08002f24   Section        0  misc.o(.text)
    .text                                    0x08003004   Section        0  stm32f4xx_gpio.o(.text)
    .text                                    0x08003298   Section        0  stm32f4xx_rcc.o(.text)
    .text                                    0x080038f4   Section        0  stm32f4xx_usart.o(.text)
    .text                                    0x08003d48   Section        0  stm32f4xx_can.o(.text)
    CheckITStatus                            0x0800454b   Thumb Code    18  stm32f4xx_can.o(.text)
    .text                                    0x08004738   Section        0  stm32f4xx_tim.o(.text)
    TI4_Config                               0x08004ed7   Thumb Code    80  stm32f4xx_tim.o(.text)
    TI3_Config                               0x08004f39   Thumb Code    72  stm32f4xx_tim.o(.text)
    TI2_Config                               0x08004f9b   Thumb Code    90  stm32f4xx_tim.o(.text)
    TI1_Config                               0x08005007   Thumb Code    58  stm32f4xx_tim.o(.text)
    .text                                    0x080053da   Section      100  rt_memcpy_w.o(.text)
    .text                                    0x0800543e   Section       78  rt_memclr_w.o(.text)
    .text                                    0x0800548c   Section        0  heapauxi.o(.text)
    .text                                    0x08005492   Section        0  _rserrno.o(.text)
    .text                                    0x080054a8   Section        8  rt_errno_addr_intlibspace.o(.text)
    .text                                    0x080054b0   Section        8  libspace.o(.text)
    .text                                    0x080054b8   Section       74  sys_stackheap_outer.o(.text)
    .text                                    0x08005502   Section        0  exit.o(.text)
    .text                                    0x08005510   Section        0  sys_exit.o(.text)
    .text                                    0x0800551c   Section        2  use_no_semi.o(.text)
    .text                                    0x0800551e   Section        0  indicate_semi.o(.text)
    i.__ARM_fpclassify                       0x0800551e   Section        0  fpclassify.o(i.__ARM_fpclassify)
    i.__hardfp_cos                           0x08005550   Section        0  cos.o(i.__hardfp_cos)
    i.__hardfp_pow                           0x08005628   Section        0  pow.o(i.__hardfp_pow)
    i.__hardfp_sin                           0x08006260   Section        0  sin.o(i.__hardfp_sin)
    i.__hardfp_sqrt                          0x08006338   Section        0  sqrt.o(i.__hardfp_sqrt)
    i.__ieee754_rem_pio2                     0x080063b8   Section        0  rred.o(i.__ieee754_rem_pio2)
    i.__kernel_cos                           0x080067f0   Section        0  cos_i.o(i.__kernel_cos)
    i.__kernel_poly                          0x08006960   Section        0  poly.o(i.__kernel_poly)
    i.__kernel_sin                           0x08006a58   Section        0  sin_i.o(i.__kernel_sin)
    i.__mathlib_dbl_underflow                0x08006b88   Section        0  dunder.o(i.__mathlib_dbl_underflow)
    i.fabs                                   0x08006ba8   Section        0  fabs.o(i.fabs)
    i.sqrt                                   0x08006bc0   Section        0  sqrt.o(i.sqrt)
    x$fpl$basic                              0x08006c2e   Section       24  basic.o(x$fpl$basic)
    $v0                                      0x08006c2e   Number         0  basic.o(x$fpl$basic)
    x$fpl$d2f                                0x08006c48   Section       98  d2f.o(x$fpl$d2f)
    $v0                                      0x08006c48   Number         0  d2f.o(x$fpl$d2f)
    x$fpl$dadd                               0x08006cac   Section      336  daddsub_clz.o(x$fpl$dadd)
    $v0                                      0x08006cac   Number         0  daddsub_clz.o(x$fpl$dadd)
    _dadd1                                   0x08006cbd   Thumb Code     0  daddsub_clz.o(x$fpl$dadd)
    x$fpl$dcheck1                            0x08006dfc   Section       16  dcheck1.o(x$fpl$dcheck1)
    $v0                                      0x08006dfc   Number         0  dcheck1.o(x$fpl$dcheck1)
    x$fpl$dcmpinf                            0x08006e0c   Section       24  dcmpi.o(x$fpl$dcmpinf)
    $v0                                      0x08006e0c   Number         0  dcmpi.o(x$fpl$dcmpinf)
    x$fpl$ddiv                               0x08006e24   Section      688  ddiv.o(x$fpl$ddiv)
    $v0                                      0x08006e24   Number         0  ddiv.o(x$fpl$ddiv)
    ddiv_entry                               0x08006e2b   Thumb Code     0  ddiv.o(x$fpl$ddiv)
    x$fpl$dfix                               0x080070d4   Section       94  dfix.o(x$fpl$dfix)
    $v0                                      0x080070d4   Number         0  dfix.o(x$fpl$dfix)
    x$fpl$dflt                               0x08007132   Section       46  dflt_clz.o(x$fpl$dflt)
    $v0                                      0x08007132   Number         0  dflt_clz.o(x$fpl$dflt)
    x$fpl$dfltu                              0x08007160   Section       38  dflt_clz.o(x$fpl$dfltu)
    $v0                                      0x08007160   Number         0  dflt_clz.o(x$fpl$dfltu)
    x$fpl$dleqf                              0x08007188   Section      120  dleqf.o(x$fpl$dleqf)
    $v0                                      0x08007188   Number         0  dleqf.o(x$fpl$dleqf)
    x$fpl$dmul                               0x08007200   Section      340  dmul.o(x$fpl$dmul)
    $v0                                      0x08007200   Number         0  dmul.o(x$fpl$dmul)
    x$fpl$dnaninf                            0x08007354   Section      156  dnaninf.o(x$fpl$dnaninf)
    $v0                                      0x08007354   Number         0  dnaninf.o(x$fpl$dnaninf)
    x$fpl$dretinf                            0x080073f0   Section       12  dretinf.o(x$fpl$dretinf)
    $v0                                      0x080073f0   Number         0  dretinf.o(x$fpl$dretinf)
    x$fpl$drleqf                             0x080073fc   Section      108  drleqf.o(x$fpl$drleqf)
    $v0                                      0x080073fc   Number         0  drleqf.o(x$fpl$drleqf)
    x$fpl$drsb                               0x08007468   Section       22  daddsub_clz.o(x$fpl$drsb)
    $v0                                      0x08007468   Number         0  daddsub_clz.o(x$fpl$drsb)
    x$fpl$dsqrt                              0x08007480   Section      408  dsqrt_umaal.o(x$fpl$dsqrt)
    $v0                                      0x08007480   Number         0  dsqrt_umaal.o(x$fpl$dsqrt)
    x$fpl$dsub                               0x08007618   Section      468  daddsub_clz.o(x$fpl$dsub)
    $v0                                      0x08007618   Number         0  daddsub_clz.o(x$fpl$dsub)
    _dsub1                                   0x08007629   Thumb Code     0  daddsub_clz.o(x$fpl$dsub)
    x$fpl$f2d                                0x080077ec   Section       86  f2d.o(x$fpl$f2d)
    $v0                                      0x080077ec   Number         0  f2d.o(x$fpl$f2d)
    x$fpl$fnaninf                            0x08007842   Section      140  fnaninf.o(x$fpl$fnaninf)
    $v0                                      0x08007842   Number         0  fnaninf.o(x$fpl$fnaninf)
    x$fpl$fpinit                             0x080078ce   Section       10  fpinit.o(x$fpl$fpinit)
    $v0                                      0x080078ce   Number         0  fpinit.o(x$fpl$fpinit)
    x$fpl$fretinf                            0x080078d8   Section       10  fretinf.o(x$fpl$fretinf)
    $v0                                      0x080078d8   Number         0  fretinf.o(x$fpl$fretinf)
    x$fpl$retnan                             0x080078e2   Section      100  retnan.o(x$fpl$retnan)
    $v0                                      0x080078e2   Number         0  retnan.o(x$fpl$retnan)
    x$fpl$scalbn                             0x08007946   Section       92  scalbn.o(x$fpl$scalbn)
    $v0                                      0x08007946   Number         0  scalbn.o(x$fpl$scalbn)
    x$fpl$trapveneer                         0x080079a2   Section       48  trapv.o(x$fpl$trapveneer)
    $v0                                      0x080079a2   Number         0  trapv.o(x$fpl$trapveneer)
    x$fpl$usenofp                            0x080079d2   Section        0  usenofp.o(x$fpl$usenofp)
    .constdata                               0x080079d8   Section      136  pow.o(.constdata)
    bp                                       0x080079d8   Data          16  pow.o(.constdata)
    dp_h                                     0x080079e8   Data          16  pow.o(.constdata)
    dp_l                                     0x080079f8   Data          16  pow.o(.constdata)
    L                                        0x08007a08   Data          48  pow.o(.constdata)
    P                                        0x08007a38   Data          40  pow.o(.constdata)
    .constdata                               0x08007a60   Section       48  cos_i.o(.constdata)
    C                                        0x08007a60   Data          48  cos_i.o(.constdata)
    .constdata                               0x08007a90   Section        8  qnan.o(.constdata)
    .constdata                               0x08007a98   Section      200  rred.o(.constdata)
    pio2s                                    0x08007a98   Data          48  rred.o(.constdata)
    twooverpi                                0x08007ac8   Data         152  rred.o(.constdata)
    .constdata                               0x08007b60   Section       40  sin_i.o(.constdata)
    S                                        0x08007b60   Data          40  sin_i.o(.constdata)
    .data                                    0x20000000   Section        6  main.o(.data)
    checksum                                 0x20000004   Data           2  main.o(.data)
    .data                                    0x20000008   Section       20  system_stm32f4xx.o(.data)
    .data                                    0x2000001c   Section        6  four_motor.o(.data)
    Motor_cnt                                0x2000001c   Data           1  four_motor.o(.data)
    motor_cnt                                0x2000001d   Data           1  four_motor.o(.data)
    Encoder_cnt                              0x2000001e   Data           1  four_motor.o(.data)
    cnt                                      0x2000001f   Data           1  four_motor.o(.data)
    buff_finish_flag                         0x20000020   Data           2  four_motor.o(.data)
    .data                                    0x20000024   Section        4  tracks_gui.o(.data)
    dy                                       0x20000024   Data           4  tracks_gui.o(.data)
    .data                                    0x20000028   Section       40  bsp.o(.data)
    cnt                                      0x2000004c   Data           1  bsp.o(.data)
    led_hz                                   0x2000004e   Data           2  bsp.o(.data)
    .data                                    0x20000050   Section        2  delay.o(.data)
    .data                                    0x20000054   Section        9  usart1_imu.o(.data)
    ucRxCnt                                  0x2000005a   Data           1  usart1_imu.o(.data)
    first_angle                              0x2000005b   Data           1  usart1_imu.o(.data)
    ucRxCnt                                  0x2000005c   Data           1  usart1_imu.o(.data)
    .data                                    0x2000005d   Section       16  stm32f4xx_rcc.o(.data)
    APBAHBPrescTable                         0x2000005d   Data          16  stm32f4xx_rcc.o(.data)
    .bss                                     0x20000070   Section      384  main.o(.bss)
    .bss                                     0x200001f0   Section       36  four_motor.o(.bss)
    byte                                     0x20000208   Data          12  four_motor.o(.bss)
    .bss                                     0x20000214   Section       72  tracks_gui.o(.bss)
    Local                                    0x20000214   Data          12  tracks_gui.o(.bss)
    Speed                                    0x20000220   Data          12  tracks_gui.o(.bss)
    Global                                   0x2000022c   Data          12  tracks_gui.o(.bss)
    Speed                                    0x20000238   Data          12  tracks_gui.o(.bss)
    Robot                                    0x20000244   Data          12  tracks_gui.o(.bss)
    Speed                                    0x20000250   Data          12  tracks_gui.o(.bss)
    .bss                                     0x2000025c   Section       32  bsp.o(.bss)
    .bss                                     0x20000280   Section      602  usart1_imu.o(.bss)
    .bss                                     0x200004dc   Section       96  libspace.o(.bss)
    HEAP                                     0x20000540   Section      512  startup_stm32f40_41xxx.o(HEAP)
    Heap_Mem                                 0x20000540   Data         512  startup_stm32f40_41xxx.o(HEAP)
    STACK                                    0x20000740   Section     1024  startup_stm32f40_41xxx.o(STACK)
    Stack_Mem                                0x20000740   Data        1024  startup_stm32f40_41xxx.o(STACK)
    __initial_sp                             0x20000b40   Data           0  startup_stm32f40_41xxx.o(STACK)

    Global Symbols

    Symbol Name                              Value     Ov Type        Size  Object(Section)

    BuildAttributes$$THM_ISAv4$E$P$D$K$B$S$7EM$VFPi3$EXTD16$VFPS$VFMA$PE$A:L22UL41UL21$X:L11$S22US41US21$IEEE1$IW$USESV6$~STKCKD$USESV7$~SHL$OTIME$ROPI$IEEEX$EBA8$UX$STANDARDLIB$REQ8$PRES8$EABIv2 0x00000000   Number         0  anon$$obj.o ABSOLUTE
    __ARM_use_no_argv                        0x00000000   Number         0  main.o ABSOLUTE
    __ARM_exceptions_init                     - Undefined Weak Reference
    __alloca_initialize                       - Undefined Weak Reference
    __cpp_initialize__aeabi_                  - Undefined Weak Reference
    __cxa_finalize                            - Undefined Weak Reference
    __rt_locale                               - Undefined Weak Reference
    __sigvec_lookup                           - Undefined Weak Reference
    _atexit_init                              - Undefined Weak Reference
    _call_atexit_fns                          - Undefined Weak Reference
    _clock_init                               - Undefined Weak Reference
    _fp_trap_init                             - Undefined Weak Reference
    _fp_trap_shutdown                         - Undefined Weak Reference
    _get_lc_collate                           - Undefined Weak Reference
    _get_lc_ctype                             - Undefined Weak Reference
    _get_lc_monetary                          - Undefined Weak Reference
    _get_lc_numeric                           - Undefined Weak Reference
    _get_lc_time                              - Undefined Weak Reference
    _getenv_init                              - Undefined Weak Reference
    _handle_redirection                       - Undefined Weak Reference
    _init_alloc                               - Undefined Weak Reference
    _init_user_alloc                          - Undefined Weak Reference
    _initio                                   - Undefined Weak Reference
    _rand_init                                - Undefined Weak Reference
    _signal_finish                            - Undefined Weak Reference
    _signal_init                              - Undefined Weak Reference
    _terminate_alloc                          - Undefined Weak Reference
    _terminate_user_alloc                     - Undefined Weak Reference
    _terminateio                              - Undefined Weak Reference
    __Vectors_Size                           0x00000188   Number         0  startup_stm32f40_41xxx.o ABSOLUTE
    __Vectors                                0x08000000   Data           4  startup_stm32f40_41xxx.o(RESET)
    __Vectors_End                            0x08000188   Data           0  startup_stm32f40_41xxx.o(RESET)
    __main                                   0x08000189   Thumb Code     8  __main.o(!!!main)
    __scatterload                            0x08000191   Thumb Code     0  __scatter.o(!!!scatter)
    __scatterload_rt2                        0x08000191   Thumb Code    44  __scatter.o(!!!scatter)
    __scatterload_rt2_thumb_only             0x08000191   Thumb Code     0  __scatter.o(!!!scatter)
    __scatterload_null                       0x0800019f   Thumb Code     0  __scatter.o(!!!scatter)
    __scatterload_copy                       0x080001c5   Thumb Code    26  __scatter_copy.o(!!handler_copy)
    __scatterload_zeroinit                   0x080001e1   Thumb Code    28  __scatter_zi.o(!!handler_zi)
    __rt_lib_init                            0x080001fd   Thumb Code     0  libinit.o(.ARM.Collect$$libinit$$00000000)
    __rt_lib_init_fp_1                       0x080001ff   Thumb Code     0  libinit2.o(.ARM.Collect$$libinit$$00000001)
    __rt_lib_init_alloca_1                   0x08000203   Thumb Code     0  libinit2.o(.ARM.Collect$$libinit$$0000002C)
    __rt_lib_init_argv_1                     0x08000203   Thumb Code     0  libinit2.o(.ARM.Collect$$libinit$$0000002A)
    __rt_lib_init_atexit_1                   0x08000203   Thumb Code     0  libinit2.o(.ARM.Collect$$libinit$$00000019)
    __rt_lib_init_clock_1                    0x08000203   Thumb Code     0  libinit2.o(.ARM.Collect$$libinit$$0000001F)
    __rt_lib_init_cpp_1                      0x08000203   Thumb Code     0  libinit2.o(.ARM.Collect$$libinit$$00000030)
    __rt_lib_init_exceptions_1               0x08000203   Thumb Code     0  libinit2.o(.ARM.Collect$$libinit$$0000002E)
    __rt_lib_init_fp_trap_1                  0x08000203   Thumb Code     0  libinit2.o(.ARM.Collect$$libinit$$0000001D)
    __rt_lib_init_getenv_1                   0x08000203   Thumb Code     0  libinit2.o(.ARM.Collect$$libinit$$00000021)
    __rt_lib_init_heap_1                     0x08000203   Thumb Code     0  libinit2.o(.ARM.Collect$$libinit$$00000008)
    __rt_lib_init_lc_collate_1               0x08000203   Thumb Code     0  libinit2.o(.ARM.Collect$$libinit$$0000000F)
    __rt_lib_init_lc_ctype_1                 0x08000203   Thumb Code     0  libinit2.o(.ARM.Collect$$libinit$$00000011)
    __rt_lib_init_lc_monetary_1              0x08000203   Thumb Code     0  libinit2.o(.ARM.Collect$$libinit$$00000013)
    __rt_lib_init_lc_numeric_1               0x08000203   Thumb Code     0  libinit2.o(.ARM.Collect$$libinit$$00000015)
    __rt_lib_init_lc_time_1                  0x08000203   Thumb Code     0  libinit2.o(.ARM.Collect$$libinit$$00000017)
    __rt_lib_init_rand_1                     0x08000203   Thumb Code     0  libinit2.o(.ARM.Collect$$libinit$$0000000C)
    __rt_lib_init_return                     0x08000203   Thumb Code     0  libinit2.o(.ARM.Collect$$libinit$$00000031)
    __rt_lib_init_signal_1                   0x08000203   Thumb Code     0  libinit2.o(.ARM.Collect$$libinit$$0000001B)
    __rt_lib_init_stdio_1                    0x08000203   Thumb Code     0  libinit2.o(.ARM.Collect$$libinit$$00000023)
    __rt_lib_init_user_alloc_1               0x08000203   Thumb Code     0  libinit2.o(.ARM.Collect$$libinit$$0000000A)
    __rt_lib_shutdown                        0x08000205   Thumb Code     0  libshutdown.o(.ARM.Collect$$libshutdown$$00000000)
    __rt_lib_shutdown_fp_trap_1              0x08000207   Thumb Code     0  libshutdown2.o(.ARM.Collect$$libshutdown$$00000006)
    __rt_lib_shutdown_heap_1                 0x08000207   Thumb Code     0  libshutdown2.o(.ARM.Collect$$libshutdown$$0000000E)
    __rt_lib_shutdown_return                 0x08000207   Thumb Code     0  libshutdown2.o(.ARM.Collect$$libshutdown$$0000000F)
    __rt_lib_shutdown_signal_1               0x08000207   Thumb Code     0  libshutdown2.o(.ARM.Collect$$libshutdown$$00000009)
    __rt_lib_shutdown_stdio_1                0x08000207   Thumb Code     0  libshutdown2.o(.ARM.Collect$$libshutdown$$00000003)
    __rt_lib_shutdown_user_alloc_1           0x08000207   Thumb Code     0  libshutdown2.o(.ARM.Collect$$libshutdown$$0000000B)
    __rt_entry                               0x08000209   Thumb Code     0  rtentry.o(.ARM.Collect$$rtentry$$00000000)
    __rt_entry_presh_1                       0x08000209   Thumb Code     0  rtentry2.o(.ARM.Collect$$rtentry$$00000002)
    __rt_entry_sh                            0x08000209   Thumb Code     0  rtentry4.o(.ARM.Collect$$rtentry$$00000004)
    __rt_entry_li                            0x0800020f   Thumb Code     0  rtentry2.o(.ARM.Collect$$rtentry$$0000000A)
    __rt_entry_postsh_1                      0x0800020f   Thumb Code     0  rtentry2.o(.ARM.Collect$$rtentry$$00000009)
    __rt_entry_main                          0x08000213   Thumb Code     0  rtentry2.o(.ARM.Collect$$rtentry$$0000000D)
    __rt_entry_postli_1                      0x08000213   Thumb Code     0  rtentry2.o(.ARM.Collect$$rtentry$$0000000C)
    __rt_exit                                0x0800021b   Thumb Code     0  rtexit.o(.ARM.Collect$$rtexit$$00000000)
    __rt_exit_ls                             0x0800021d   Thumb Code     0  rtexit2.o(.ARM.Collect$$rtexit$$00000003)
    __rt_exit_prels_1                        0x0800021d   Thumb Code     0  rtexit2.o(.ARM.Collect$$rtexit$$00000002)
    __rt_exit_exit                           0x08000221   Thumb Code     0  rtexit2.o(.ARM.Collect$$rtexit$$00000004)
    xianfu                                   0x08000229   Thumb Code    46  main.o(.text)
    start_dc_local                           0x08000257   Thumb Code    96  main.o(.text)
    clear                                    0x080002b7   Thumb Code    76  main.o(.text)
    start_dc                                 0x08000303   Thumb Code    96  main.o(.text)
    send                                     0x08000363   Thumb Code   358  main.o(.text)
    handle_data                              0x080004c9   Thumb Code   120  main.o(.text)
    main                                     0x08000541   Thumb Code  1568  main.o(.text)
    NMI_Handler                              0x08000b69   Thumb Code     2  stm32f4xx_it.o(.text)
    HardFault_Handler                        0x08000b6b   Thumb Code     4  stm32f4xx_it.o(.text)
    MemManage_Handler                        0x08000b6f   Thumb Code     4  stm32f4xx_it.o(.text)
    BusFault_Handler                         0x08000b73   Thumb Code     4  stm32f4xx_it.o(.text)
    UsageFault_Handler                       0x08000b77   Thumb Code     4  stm32f4xx_it.o(.text)
    SVC_Handler                              0x08000b7b   Thumb Code     2  stm32f4xx_it.o(.text)
    DebugMon_Handler                         0x08000b7d   Thumb Code     2  stm32f4xx_it.o(.text)
    PendSV_Handler                           0x08000b7f   Thumb Code     2  stm32f4xx_it.o(.text)
    SysTick_Handler                          0x08000b81   Thumb Code     2  stm32f4xx_it.o(.text)
    SystemInit                               0x08000c61   Thumb Code    88  system_stm32f4xx.o(.text)
    SystemCoreClockUpdate                    0x08000cb9   Thumb Code   174  system_stm32f4xx.o(.text)
    CAN1_Mode_Init                           0x08000d95   Thumb Code   244  can.o(.text)
    CAN1_Send_Msg                            0x08000e89   Thumb Code   114  can.o(.text)
    CAN1_Receive_Msg                         0x08000efb   Thumb Code    60  can.o(.text)
    LED_Init                                 0x08000f41   Thumb Code    54  led.o(.text)
    queue_init                               0x08000f7d   Thumb Code    14  queue.o(.text)
    queue_get                                0x08000f8b   Thumb Code    32  queue.o(.text)
    queue_put                                0x08000fab   Thumb Code    30  queue.o(.text)
    queue_empty                              0x08000fc9   Thumb Code    20  queue.o(.text)
    queue_full                               0x08000fdd   Thumb Code    32  queue.o(.text)
    itoh                                     0x08000ffd   Thumb Code    98  four_motor.o(.text)
    Can_send_motorx                          0x0800105f   Thumb Code   182  four_motor.o(.text)
    Chassis_control                          0x08001115   Thumb Code   320  four_motor.o(.text)
    Can_get_encoder                          0x08001255   Thumb Code   100  four_motor.o(.text)
    Encoder_analysis                         0x080012b9   Thumb Code   768  four_motor.o(.text)
    CAN1_TX_IRQHandler                       0x080015b9   Thumb Code    22  four_motor.o(.text)
    CAN1_RX0_IRQHandler                      0x080015cf   Thumb Code   258  four_motor.o(.text)
    Local_Speed_Set                          0x080016e5   Thumb Code   136  tracks_gui.o(.text)
    Global_Speed_Set                         0x0800176d   Thumb Code   148  tracks_gui.o(.text)
    Robot_Speed_Set                          0x08001801   Thumb Code   128  tracks_gui.o(.text)
    R_Round_Motion_Set                       0x08001881   Thumb Code    44  tracks_gui.o(.text)
    G_Round_Motion_Set                       0x080018ad   Thumb Code    56  tracks_gui.o(.text)
    Sin_Motion_Set                           0x080018e5   Thumb Code   424  tracks_gui.o(.text)
    PSin_Motion_Set                          0x08001a8d   Thumb Code     2  tracks_gui.o(.text)
    Robot_To_Motor_tf                        0x08001ad5   Thumb Code   122  tf.o(.text)
    Motor_To_Robot_tf                        0x08001b4f   Thumb Code   114  tf.o(.text)
    Global_To_Robot_tf                       0x08001bc1   Thumb Code   472  tf.o(.text)
    Robot_To_Global_tf                       0x08001d99   Thumb Code   498  tf.o(.text)
    Global_To_Motor_tf                       0x08001f8b   Thumb Code   676  tf.o(.text)
    Motor_To_Global_tf                       0x0800222f   Thumb Code   962  tf.o(.text)
    RCC_Init                                 0x080025fd   Thumb Code    52  bsp.o(.text)
    TIM6_Configuration                       0x08002631   Thumb Code    54  bsp.o(.text)
    TIM6_DAC_IRQHandler                      0x08002667   Thumb Code   150  bsp.o(.text)
    NVIC_Configuration                       0x080026fd   Thumb Code    82  bsp.o(.text)
    BSP_Init                                 0x0800274f   Thumb Code    46  bsp.o(.text)
    USART3_Configuration                     0x080027a5   Thumb Code   142  usart3.o(.text)
    USART3_SendChar                          0x08002833   Thumb Code    28  usart3.o(.text)
    fputc                                    0x0800284f   Thumb Code    32  usart3.o(.text)
    USART3_IRQHandler                        0x0800286f   Thumb Code    88  usart3.o(.text)
    delay_ms                                 0x080028d9   Thumb Code    28  delay.o(.text)
    delay_us                                 0x080028f5   Thumb Code    26  delay.o(.text)
    Init_System_Timer                        0x0800290f   Thumb Code   120  delay.o(.text)
    GET_Nowtime                              0x08002987   Thumb Code    42  delay.o(.text)
    GET_microstime                           0x080029b1   Thumb Code    52  delay.o(.text)
    TIM4_IRQHandler                          0x080029e5   Thumb Code    50  delay.o(.text)
    USART1_SendChar                          0x08002a29   Thumb Code    28  usart1_imu.o(.text)
    USART1_IMU_Init                          0x08002a45   Thumb Code   164  usart1_imu.o(.text)
    CopeSerialData                           0x08002ae9   Thumb Code   716  usart1_imu.o(.text)
    Dajiang_CopeSerialData                   0x08002db5   Thumb Code    68  usart1_imu.o(.text)
    USART1_IRQHandler                        0x08002df9   Thumb Code   132  usart1_imu.o(.text)
    USART1_Put_String                        0x08002e7d   Thumb Code    98  usart1_imu.o(.text)
    Reset_Handler                            0x08002ee5   Thumb Code     8  startup_stm32f40_41xxx.o(.text)
    ADC_IRQHandler                           0x08002eff   Thumb Code     0  startup_stm32f40_41xxx.o(.text)
    CAN1_RX1_IRQHandler                      0x08002eff   Thumb Code     0  startup_stm32f40_41xxx.o(.text)
    CAN1_SCE_IRQHandler                      0x08002eff   Thumb Code     0  startup_stm32f40_41xxx.o(.text)
    CAN2_RX0_IRQHandler                      0x08002eff   Thumb Code     0  startup_stm32f40_41xxx.o(.text)
    CAN2_RX1_IRQHandler                      0x08002eff   Thumb Code     0  startup_stm32f40_41xxx.o(.text)
    CAN2_SCE_IRQHandler                      0x08002eff   Thumb Code     0  startup_stm32f40_41xxx.o(.text)
    CAN2_TX_IRQHandler                       0x08002eff   Thumb Code     0  startup_stm32f40_41xxx.o(.text)
    CRYP_IRQHandler                          0x08002eff   Thumb Code     0  startup_stm32f40_41xxx.o(.text)
    DCMI_IRQHandler                          0x08002eff   Thumb Code     0  startup_stm32f40_41xxx.o(.text)
    DMA1_Stream0_IRQHandler                  0x08002eff   Thumb Code     0  startup_stm32f40_41xxx.o(.text)
    DMA1_Stream1_IRQHandler                  0x08002eff   Thumb Code     0  startup_stm32f40_41xxx.o(.text)
    DMA1_Stream2_IRQHandler                  0x08002eff   Thumb Code     0  startup_stm32f40_41xxx.o(.text)
    DMA1_Stream3_IRQHandler                  0x08002eff   Thumb Code     0  startup_stm32f40_41xxx.o(.text)
    DMA1_Stream4_IRQHandler                  0x08002eff   Thumb Code     0  startup_stm32f40_41xxx.o(.text)
    DMA1_Stream5_IRQHandler                  0x08002eff   Thumb Code     0  startup_stm32f40_41xxx.o(.text)
    DMA1_Stream6_IRQHandler                  0x08002eff   Thumb Code     0  startup_stm32f40_41xxx.o(.text)
    DMA1_Stream7_IRQHandler                  0x08002eff   Thumb Code     0  startup_stm32f40_41xxx.o(.text)
    DMA2_Stream0_IRQHandler                  0x08002eff   Thumb Code     0  startup_stm32f40_41xxx.o(.text)
    DMA2_Stream1_IRQHandler                  0x08002eff   Thumb Code     0  startup_stm32f40_41xxx.o(.text)
    DMA2_Stream2_IRQHandler                  0x08002eff   Thumb Code     0  startup_stm32f40_41xxx.o(.text)
    DMA2_Stream3_IRQHandler                  0x08002eff   Thumb Code     0  startup_stm32f40_41xxx.o(.text)
    DMA2_Stream4_IRQHandler                  0x08002eff   Thumb Code     0  startup_stm32f40_41xxx.o(.text)
    DMA2_Stream5_IRQHandler                  0x08002eff   Thumb Code     0  startup_stm32f40_41xxx.o(.text)
    DMA2_Stream6_IRQHandler                  0x08002eff   Thumb Code     0  startup_stm32f40_41xxx.o(.text)
    DMA2_Stream7_IRQHandler                  0x08002eff   Thumb Code     0  startup_stm32f40_41xxx.o(.text)
    ETH_IRQHandler                           0x08002eff   Thumb Code     0  startup_stm32f40_41xxx.o(.text)
    ETH_WKUP_IRQHandler                      0x08002eff   Thumb Code     0  startup_stm32f40_41xxx.o(.text)
    EXTI0_IRQHandler                         0x08002eff   Thumb Code     0  startup_stm32f40_41xxx.o(.text)
    EXTI15_10_IRQHandler                     0x08002eff   Thumb Code     0  startup_stm32f40_41xxx.o(.text)
    EXTI1_IRQHandler                         0x08002eff   Thumb Code     0  startup_stm32f40_41xxx.o(.text)
    EXTI2_IRQHandler                         0x08002eff   Thumb Code     0  startup_stm32f40_41xxx.o(.text)
    EXTI3_IRQHandler                         0x08002eff   Thumb Code     0  startup_stm32f40_41xxx.o(.text)
    EXTI4_IRQHandler                         0x08002eff   Thumb Code     0  startup_stm32f40_41xxx.o(.text)
    EXTI9_5_IRQHandler                       0x08002eff   Thumb Code     0  startup_stm32f40_41xxx.o(.text)
    FLASH_IRQHandler                         0x08002eff   Thumb Code     0  startup_stm32f40_41xxx.o(.text)
    FPU_IRQHandler                           0x08002eff   Thumb Code     0  startup_stm32f40_41xxx.o(.text)
    FSMC_IRQHandler                          0x08002eff   Thumb Code     0  startup_stm32f40_41xxx.o(.text)
    HASH_RNG_IRQHandler                      0x08002eff   Thumb Code     0  startup_stm32f40_41xxx.o(.text)
    I2C1_ER_IRQHandler                       0x08002eff   Thumb Code     0  startup_stm32f40_41xxx.o(.text)
    I2C1_EV_IRQHandler                       0x08002eff   Thumb Code     0  startup_stm32f40_41xxx.o(.text)
    I2C2_ER_IRQHandler                       0x08002eff   Thumb Code     0  startup_stm32f40_41xxx.o(.text)
    I2C2_EV_IRQHandler                       0x08002eff   Thumb Code     0  startup_stm32f40_41xxx.o(.text)
    I2C3_ER_IRQHandler                       0x08002eff   Thumb Code     0  startup_stm32f40_41xxx.o(.text)
    I2C3_EV_IRQHandler                       0x08002eff   Thumb Code     0  startup_stm32f40_41xxx.o(.text)
    OTG_FS_IRQHandler                        0x08002eff   Thumb Code     0  startup_stm32f40_41xxx.o(.text)
    OTG_FS_WKUP_IRQHandler                   0x08002eff   Thumb Code     0  startup_stm32f40_41xxx.o(.text)
    OTG_HS_EP1_IN_IRQHandler                 0x08002eff   Thumb Code     0  startup_stm32f40_41xxx.o(.text)
    OTG_HS_EP1_OUT_IRQHandler                0x08002eff   Thumb Code     0  startup_stm32f40_41xxx.o(.text)
    OTG_HS_IRQHandler                        0x08002eff   Thumb Code     0  startup_stm32f40_41xxx.o(.text)
    OTG_HS_WKUP_IRQHandler                   0x08002eff   Thumb Code     0  startup_stm32f40_41xxx.o(.text)
    PVD_IRQHandler                           0x08002eff   Thumb Code     0  startup_stm32f40_41xxx.o(.text)
    RCC_IRQHandler                           0x08002eff   Thumb Code     0  startup_stm32f40_41xxx.o(.text)
    RTC_Alarm_IRQHandler                     0x08002eff   Thumb Code     0  startup_stm32f40_41xxx.o(.text)
    RTC_WKUP_IRQHandler                      0x08002eff   Thumb Code     0  startup_stm32f40_41xxx.o(.text)
    SDIO_IRQHandler                          0x08002eff   Thumb Code     0  startup_stm32f40_41xxx.o(.text)
    SPI1_IRQHandler                          0x08002eff   Thumb Code     0  startup_stm32f40_41xxx.o(.text)
    SPI2_IRQHandler                          0x08002eff   Thumb Code     0  startup_stm32f40_41xxx.o(.text)
    SPI3_IRQHandler                          0x08002eff   Thumb Code     0  startup_stm32f40_41xxx.o(.text)
    TAMP_STAMP_IRQHandler                    0x08002eff   Thumb Code     0  startup_stm32f40_41xxx.o(.text)
    TIM1_BRK_TIM9_IRQHandler                 0x08002eff   Thumb Code     0  startup_stm32f40_41xxx.o(.text)
    TIM1_CC_IRQHandler                       0x08002eff   Thumb Code     0  startup_stm32f40_41xxx.o(.text)
    TIM1_TRG_COM_TIM11_IRQHandler            0x08002eff   Thumb Code     0  startup_stm32f40_41xxx.o(.text)
    TIM1_UP_TIM10_IRQHandler                 0x08002eff   Thumb Code     0  startup_stm32f40_41xxx.o(.text)
    TIM2_IRQHandler                          0x08002eff   Thumb Code     0  startup_stm32f40_41xxx.o(.text)
    TIM3_IRQHandler                          0x08002eff   Thumb Code     0  startup_stm32f40_41xxx.o(.text)
    TIM5_IRQHandler                          0x08002eff   Thumb Code     0  startup_stm32f40_41xxx.o(.text)
    TIM7_IRQHandler                          0x08002eff   Thumb Code     0  startup_stm32f40_41xxx.o(.text)
    TIM8_BRK_TIM12_IRQHandler                0x08002eff   Thumb Code     0  startup_stm32f40_41xxx.o(.text)
    TIM8_CC_IRQHandler                       0x08002eff   Thumb Code     0  startup_stm32f40_41xxx.o(.text)
    TIM8_TRG_COM_TIM14_IRQHandler            0x08002eff   Thumb Code     0  startup_stm32f40_41xxx.o(.text)
    TIM8_UP_TIM13_IRQHandler                 0x08002eff   Thumb Code     0  startup_stm32f40_41xxx.o(.text)
    UART4_IRQHandler                         0x08002eff   Thumb Code     0  startup_stm32f40_41xxx.o(.text)
    UART5_IRQHandler                         0x08002eff   Thumb Code     0  startup_stm32f40_41xxx.o(.text)
    USART2_IRQHandler                        0x08002eff   Thumb Code     0  startup_stm32f40_41xxx.o(.text)
    USART6_IRQHandler                        0x08002eff   Thumb Code     0  startup_stm32f40_41xxx.o(.text)
    WWDG_IRQHandler                          0x08002eff   Thumb Code     0  startup_stm32f40_41xxx.o(.text)
    __user_initial_stackheap                 0x08002f01   Thumb Code     0  startup_stm32f40_41xxx.o(.text)
    NVIC_PriorityGroupConfig                 0x08002f25   Thumb Code    10  misc.o(.text)
    NVIC_Init                                0x08002f2f   Thumb Code   106  misc.o(.text)
    NVIC_SetVectorTable                      0x08002f99   Thumb Code    14  misc.o(.text)
    NVIC_SystemLPConfig                      0x08002fa7   Thumb Code    34  misc.o(.text)
    SysTick_CLKSourceConfig                  0x08002fc9   Thumb Code    40  misc.o(.text)
    GPIO_DeInit                              0x08003005   Thumb Code   268  stm32f4xx_gpio.o(.text)
    GPIO_Init                                0x08003111   Thumb Code   144  stm32f4xx_gpio.o(.text)
    GPIO_StructInit                          0x080031a1   Thumb Code    18  stm32f4xx_gpio.o(.text)
    GPIO_PinLockConfig                       0x080031b3   Thumb Code    34  stm32f4xx_gpio.o(.text)
    GPIO_ReadInputDataBit                    0x080031d5   Thumb Code    18  stm32f4xx_gpio.o(.text)
    GPIO_ReadInputData                       0x080031e7   Thumb Code     8  stm32f4xx_gpio.o(.text)
    GPIO_ReadOutputDataBit                   0x080031ef   Thumb Code    18  stm32f4xx_gpio.o(.text)
    GPIO_ReadOutputData                      0x08003201   Thumb Code     8  stm32f4xx_gpio.o(.text)
    GPIO_SetBits                             0x08003209   Thumb Code     4  stm32f4xx_gpio.o(.text)
    GPIO_ResetBits                           0x0800320d   Thumb Code     4  stm32f4xx_gpio.o(.text)
    GPIO_WriteBit                            0x08003211   Thumb Code    10  stm32f4xx_gpio.o(.text)
    GPIO_Write                               0x0800321b   Thumb Code     4  stm32f4xx_gpio.o(.text)
    GPIO_ToggleBits                          0x0800321f   Thumb Code     8  stm32f4xx_gpio.o(.text)
    GPIO_PinAFConfig                         0x08003227   Thumb Code    70  stm32f4xx_gpio.o(.text)
    RCC_DeInit                               0x08003299   Thumb Code    82  stm32f4xx_rcc.o(.text)
    RCC_HSEConfig                            0x080032eb   Thumb Code    14  stm32f4xx_rcc.o(.text)
    RCC_GetFlagStatus                        0x080032f9   Thumb Code    60  stm32f4xx_rcc.o(.text)
    RCC_WaitForHSEStartUp                    0x08003335   Thumb Code    56  stm32f4xx_rcc.o(.text)
    RCC_AdjustHSICalibrationValue            0x0800336d   Thumb Code    20  stm32f4xx_rcc.o(.text)
    RCC_HSICmd                               0x08003381   Thumb Code     6  stm32f4xx_rcc.o(.text)
    RCC_LSEConfig                            0x08003387   Thumb Code    46  stm32f4xx_rcc.o(.text)
    RCC_LSICmd                               0x080033b5   Thumb Code     6  stm32f4xx_rcc.o(.text)
    RCC_PLLConfig                            0x080033bb   Thumb Code    32  stm32f4xx_rcc.o(.text)
    RCC_PLLCmd                               0x080033db   Thumb Code     6  stm32f4xx_rcc.o(.text)
    RCC_PLLI2SConfig                         0x080033e1   Thumb Code    14  stm32f4xx_rcc.o(.text)
    RCC_PLLI2SCmd                            0x080033ef   Thumb Code     6  stm32f4xx_rcc.o(.text)
    RCC_PLLSAIConfig                         0x080033f5   Thumb Code    20  stm32f4xx_rcc.o(.text)
    RCC_PLLSAICmd                            0x08003409   Thumb Code     6  stm32f4xx_rcc.o(.text)
    RCC_ClockSecuritySystemCmd               0x0800340f   Thumb Code     6  stm32f4xx_rcc.o(.text)
    RCC_MCO1Config                           0x08003415   Thumb Code    28  stm32f4xx_rcc.o(.text)
    RCC_MCO2Config                           0x08003431   Thumb Code    28  stm32f4xx_rcc.o(.text)
    RCC_SYSCLKConfig                         0x0800344d   Thumb Code    20  stm32f4xx_rcc.o(.text)
    RCC_GetSYSCLKSource                      0x08003461   Thumb Code    12  stm32f4xx_rcc.o(.text)
    RCC_HCLKConfig                           0x0800346d   Thumb Code    20  stm32f4xx_rcc.o(.text)
    RCC_PCLK1Config                          0x08003481   Thumb Code    20  stm32f4xx_rcc.o(.text)
    RCC_PCLK2Config                          0x08003495   Thumb Code    22  stm32f4xx_rcc.o(.text)
    RCC_GetClocksFreq                        0x080034ab   Thumb Code   222  stm32f4xx_rcc.o(.text)
    RCC_RTCCLKConfig                         0x08003589   Thumb Code    54  stm32f4xx_rcc.o(.text)
    RCC_RTCCLKCmd                            0x080035bf   Thumb Code     8  stm32f4xx_rcc.o(.text)
    RCC_BackupResetCmd                       0x080035c7   Thumb Code     8  stm32f4xx_rcc.o(.text)
    RCC_I2SCLKConfig                         0x080035cf   Thumb Code     6  stm32f4xx_rcc.o(.text)
    RCC_SAIPLLI2SClkDivConfig                0x080035d5   Thumb Code    26  stm32f4xx_rcc.o(.text)
    RCC_SAIPLLSAIClkDivConfig                0x080035ef   Thumb Code    28  stm32f4xx_rcc.o(.text)
    RCC_SAIBlockACLKConfig                   0x0800360b   Thumb Code    20  stm32f4xx_rcc.o(.text)
    RCC_SAIBlockBCLKConfig                   0x0800361f   Thumb Code    20  stm32f4xx_rcc.o(.text)
    RCC_LTDCCLKDivConfig                     0x08003633   Thumb Code    20  stm32f4xx_rcc.o(.text)
    RCC_TIMCLKPresConfig                     0x08003647   Thumb Code     6  stm32f4xx_rcc.o(.text)
    RCC_AHB1PeriphClockCmd                   0x0800364d   Thumb Code    34  stm32f4xx_rcc.o(.text)
    RCC_AHB2PeriphClockCmd                   0x0800366f   Thumb Code    78  stm32f4xx_rcc.o(.text)
    RCC_AHB3PeriphClockCmd                   0x080036bd   Thumb Code    34  stm32f4xx_rcc.o(.text)
    RCC_APB1PeriphClockCmd                   0x080036df   Thumb Code    34  stm32f4xx_rcc.o(.text)
    RCC_APB2PeriphClockCmd                   0x08003701   Thumb Code    34  stm32f4xx_rcc.o(.text)
    RCC_AHB1PeriphResetCmd                   0x08003723   Thumb Code    34  stm32f4xx_rcc.o(.text)
    RCC_AHB2PeriphResetCmd                   0x08003745   Thumb Code    34  stm32f4xx_rcc.o(.text)
    RCC_AHB3PeriphResetCmd                   0x08003767   Thumb Code    34  stm32f4xx_rcc.o(.text)
    RCC_APB1PeriphResetCmd                   0x08003789   Thumb Code    34  stm32f4xx_rcc.o(.text)
    RCC_APB2PeriphResetCmd                   0x080037ab   Thumb Code    34  stm32f4xx_rcc.o(.text)
    RCC_AHB1PeriphClockLPModeCmd             0x080037cd   Thumb Code    34  stm32f4xx_rcc.o(.text)
    RCC_AHB2PeriphClockLPModeCmd             0x080037ef   Thumb Code    34  stm32f4xx_rcc.o(.text)
    RCC_AHB3PeriphClockLPModeCmd             0x08003811   Thumb Code    34  stm32f4xx_rcc.o(.text)
    RCC_APB1PeriphClockLPModeCmd             0x08003833   Thumb Code    34  stm32f4xx_rcc.o(.text)
    RCC_APB2PeriphClockLPModeCmd             0x08003855   Thumb Code    34  stm32f4xx_rcc.o(.text)
    RCC_LSEModeConfig                        0x08003877   Thumb Code    40  stm32f4xx_rcc.o(.text)
    RCC_ITConfig                             0x0800389f   Thumb Code    34  stm32f4xx_rcc.o(.text)
    RCC_ClearFlag                            0x080038c1   Thumb Code    18  stm32f4xx_rcc.o(.text)
    RCC_GetITStatus                          0x080038d3   Thumb Code    22  stm32f4xx_rcc.o(.text)
    RCC_ClearITPendingBit                    0x080038e9   Thumb Code     8  stm32f4xx_rcc.o(.text)
    USART_DeInit                             0x080038f5   Thumb Code   206  stm32f4xx_usart.o(.text)
    USART_Init                               0x080039c3   Thumb Code   204  stm32f4xx_usart.o(.text)
    USART_StructInit                         0x08003a8f   Thumb Code    24  stm32f4xx_usart.o(.text)
    USART_ClockInit                          0x08003aa7   Thumb Code    32  stm32f4xx_usart.o(.text)
    USART_ClockStructInit                    0x08003ac7   Thumb Code    12  stm32f4xx_usart.o(.text)
    USART_Cmd                                0x08003ad3   Thumb Code    24  stm32f4xx_usart.o(.text)
    USART_SetPrescaler                       0x08003aeb   Thumb Code    16  stm32f4xx_usart.o(.text)
    USART_OverSampling8Cmd                   0x08003afb   Thumb Code    22  stm32f4xx_usart.o(.text)
    USART_OneBitMethodCmd                    0x08003b11   Thumb Code    24  stm32f4xx_usart.o(.text)
    USART_SendData                           0x08003b29   Thumb Code     8  stm32f4xx_usart.o(.text)
    USART_ReceiveData                        0x08003b31   Thumb Code    10  stm32f4xx_usart.o(.text)
    USART_SetAddress                         0x08003b3b   Thumb Code    18  stm32f4xx_usart.o(.text)
    USART_ReceiverWakeUpCmd                  0x08003b4d   Thumb Code    24  stm32f4xx_usart.o(.text)
    USART_WakeUpConfig                       0x08003b65   Thumb Code    18  stm32f4xx_usart.o(.text)
    USART_LINBreakDetectLengthConfig         0x08003b77   Thumb Code    18  stm32f4xx_usart.o(.text)
    USART_LINCmd                             0x08003b89   Thumb Code    24  stm32f4xx_usart.o(.text)
    USART_SendBreak                          0x08003ba1   Thumb Code    10  stm32f4xx_usart.o(.text)
    USART_HalfDuplexCmd                      0x08003bab   Thumb Code    24  stm32f4xx_usart.o(.text)
    USART_SetGuardTime                       0x08003bc3   Thumb Code    16  stm32f4xx_usart.o(.text)
    USART_SmartCardCmd                       0x08003bd3   Thumb Code    24  stm32f4xx_usart.o(.text)
    USART_SmartCardNACKCmd                   0x08003beb   Thumb Code    24  stm32f4xx_usart.o(.text)
    USART_IrDAConfig                         0x08003c03   Thumb Code    18  stm32f4xx_usart.o(.text)
    USART_IrDACmd                            0x08003c15   Thumb Code    24  stm32f4xx_usart.o(.text)
    USART_DMACmd                             0x08003c2d   Thumb Code    18  stm32f4xx_usart.o(.text)
    USART_ITConfig                           0x08003c3f   Thumb Code    74  stm32f4xx_usart.o(.text)
    USART_GetFlagStatus                      0x08003c89   Thumb Code    26  stm32f4xx_usart.o(.text)
    USART_ClearFlag                          0x08003ca3   Thumb Code    18  stm32f4xx_usart.o(.text)
    USART_GetITStatus                        0x08003cb5   Thumb Code   118  stm32f4xx_usart.o(.text)
    USART_ClearITPendingBit                  0x08003d2b   Thumb Code    30  stm32f4xx_usart.o(.text)
    CAN_DeInit                               0x08003d49   Thumb Code    50  stm32f4xx_can.o(.text)
    CAN_Init                                 0x08003d7b   Thumb Code   276  stm32f4xx_can.o(.text)
    CAN_FilterInit                           0x08003e8f   Thumb Code   258  stm32f4xx_can.o(.text)
    CAN_StructInit                           0x08003f91   Thumb Code    32  stm32f4xx_can.o(.text)
    CAN_SlaveStartBank                       0x08003fb1   Thumb Code    48  stm32f4xx_can.o(.text)
    CAN_DBGFreeze                            0x08003fe1   Thumb Code    22  stm32f4xx_can.o(.text)
    CAN_TTComModeCmd                         0x08003ff7   Thumb Code   118  stm32f4xx_can.o(.text)
    CAN_Transmit                             0x0800406d   Thumb Code   304  stm32f4xx_can.o(.text)
    CAN_TransmitStatus                       0x0800419d   Thumb Code   138  stm32f4xx_can.o(.text)
    CAN_CancelTransmit                       0x08004227   Thumb Code    48  stm32f4xx_can.o(.text)
    CAN_Receive                              0x08004257   Thumb Code   240  stm32f4xx_can.o(.text)
    CAN_FIFORelease                          0x08004347   Thumb Code    22  stm32f4xx_can.o(.text)
    CAN_MessagePending                       0x0800435d   Thumb Code    30  stm32f4xx_can.o(.text)
    CAN_OperatingModeRequest                 0x0800437b   Thumb Code   162  stm32f4xx_can.o(.text)
    CAN_Sleep                                0x0800441d   Thumb Code    30  stm32f4xx_can.o(.text)
    CAN_WakeUp                               0x0800443b   Thumb Code    48  stm32f4xx_can.o(.text)
    CAN_GetLastErrorCode                     0x0800446b   Thumb Code    12  stm32f4xx_can.o(.text)
    CAN_GetReceiveErrorCounter               0x08004477   Thumb Code    10  stm32f4xx_can.o(.text)
    CAN_GetLSBTransmitErrorCounter           0x08004481   Thumb Code    12  stm32f4xx_can.o(.text)
    CAN_ITConfig                             0x0800448d   Thumb Code    18  stm32f4xx_can.o(.text)
    CAN_GetFlagStatus                        0x0800449f   Thumb Code   120  stm32f4xx_can.o(.text)
    CAN_ClearFlag                            0x08004517   Thumb Code    52  stm32f4xx_can.o(.text)
    CAN_GetITStatus                          0x0800455d   Thumb Code   310  stm32f4xx_can.o(.text)
    CAN_ClearITPendingBit                    0x08004693   Thumb Code   162  stm32f4xx_can.o(.text)
    TIM_DeInit                               0x08004739   Thumb Code   346  stm32f4xx_tim.o(.text)
    TIM_TimeBaseInit                         0x08004893   Thumb Code   104  stm32f4xx_tim.o(.text)
    TIM_TimeBaseStructInit                   0x080048fb   Thumb Code    18  stm32f4xx_tim.o(.text)
    TIM_PrescalerConfig                      0x0800490d   Thumb Code     6  stm32f4xx_tim.o(.text)
    TIM_CounterModeConfig                    0x08004913   Thumb Code    18  stm32f4xx_tim.o(.text)
    TIM_SetCounter                           0x08004925   Thumb Code     4  stm32f4xx_tim.o(.text)
    TIM_SetAutoreload                        0x08004929   Thumb Code     4  stm32f4xx_tim.o(.text)
    TIM_GetCounter                           0x0800492d   Thumb Code     6  stm32f4xx_tim.o(.text)
    TIM_GetPrescaler                         0x08004933   Thumb Code     6  stm32f4xx_tim.o(.text)
    TIM_UpdateDisableConfig                  0x08004939   Thumb Code    24  stm32f4xx_tim.o(.text)
    TIM_UpdateRequestConfig                  0x08004951   Thumb Code    24  stm32f4xx_tim.o(.text)
    TIM_ARRPreloadConfig                     0x08004969   Thumb Code    24  stm32f4xx_tim.o(.text)
    TIM_SelectOnePulseMode                   0x08004981   Thumb Code    18  stm32f4xx_tim.o(.text)
    TIM_SetClockDivision                     0x08004993   Thumb Code    18  stm32f4xx_tim.o(.text)
    TIM_Cmd                                  0x080049a5   Thumb Code    24  stm32f4xx_tim.o(.text)
    TIM_OC1Init                              0x080049bd   Thumb Code   114  stm32f4xx_tim.o(.text)
    TIM_OC2Init                              0x08004a2f   Thumb Code   154  stm32f4xx_tim.o(.text)
    TIM_OC3Init                              0x08004ac9   Thumb Code   204  stm32f4xx_tim.o(.text)
    TIM_OC4Init                              0x08004b95   Thumb Code   112  stm32f4xx_tim.o(.text)
    TIM_OCStructInit                         0x08004c05   Thumb Code    20  stm32f4xx_tim.o(.text)
    TIM_SelectOCxM                           0x08004c19   Thumb Code    86  stm32f4xx_tim.o(.text)
    TIM_SetCompare1                          0x08004c6f   Thumb Code     4  stm32f4xx_tim.o(.text)
    TIM_SetCompare2                          0x08004c73   Thumb Code     4  stm32f4xx_tim.o(.text)
    TIM_SetCompare3                          0x08004c77   Thumb Code     4  stm32f4xx_tim.o(.text)
    TIM_SetCompare4                          0x08004c7b   Thumb Code     4  stm32f4xx_tim.o(.text)
    TIM_ForcedOC1Config                      0x08004c7f   Thumb Code    18  stm32f4xx_tim.o(.text)
    TIM_ForcedOC2Config                      0x08004c91   Thumb Code    26  stm32f4xx_tim.o(.text)
    TIM_ForcedOC3Config                      0x08004cab   Thumb Code    18  stm32f4xx_tim.o(.text)
    TIM_ForcedOC4Config                      0x08004cbd   Thumb Code    26  stm32f4xx_tim.o(.text)
    TIM_OC1PreloadConfig                     0x08004cd7   Thumb Code    18  stm32f4xx_tim.o(.text)
    TIM_OC2PreloadConfig                     0x08004ce9   Thumb Code    26  stm32f4xx_tim.o(.text)
    TIM_OC3PreloadConfig                     0x08004d03   Thumb Code    18  stm32f4xx_tim.o(.text)
    TIM_OC4PreloadConfig                     0x08004d15   Thumb Code    26  stm32f4xx_tim.o(.text)
    TIM_OC1FastConfig                        0x08004d2f   Thumb Code    18  stm32f4xx_tim.o(.text)
    TIM_OC2FastConfig                        0x08004d41   Thumb Code    26  stm32f4xx_tim.o(.text)
    TIM_OC3FastConfig                        0x08004d5b   Thumb Code    18  stm32f4xx_tim.o(.text)
    TIM_OC4FastConfig                        0x08004d6d   Thumb Code    26  stm32f4xx_tim.o(.text)
    TIM_ClearOC1Ref                          0x08004d87   Thumb Code    18  stm32f4xx_tim.o(.text)
    TIM_ClearOC2Ref                          0x08004d99   Thumb Code    24  stm32f4xx_tim.o(.text)
    TIM_ClearOC3Ref                          0x08004db1   Thumb Code    18  stm32f4xx_tim.o(.text)
    TIM_ClearOC4Ref                          0x08004dc3   Thumb Code    24  stm32f4xx_tim.o(.text)
    TIM_OC1PolarityConfig                    0x08004ddb   Thumb Code    18  stm32f4xx_tim.o(.text)
    TIM_OC1NPolarityConfig                   0x08004ded   Thumb Code    18  stm32f4xx_tim.o(.text)
    TIM_OC2PolarityConfig                    0x08004dff   Thumb Code    26  stm32f4xx_tim.o(.text)
    TIM_OC2NPolarityConfig                   0x08004e19   Thumb Code    26  stm32f4xx_tim.o(.text)
    TIM_OC3PolarityConfig                    0x08004e33   Thumb Code    26  stm32f4xx_tim.o(.text)
    TIM_OC3NPolarityConfig                   0x08004e4d   Thumb Code    26  stm32f4xx_tim.o(.text)
    TIM_OC4PolarityConfig                    0x08004e67   Thumb Code    26  stm32f4xx_tim.o(.text)
    TIM_CCxCmd                               0x08004e81   Thumb Code    30  stm32f4xx_tim.o(.text)
    TIM_CCxNCmd                              0x08004e9f   Thumb Code    30  stm32f4xx_tim.o(.text)
    TIM_SetIC4Prescaler                      0x08004ebd   Thumb Code    26  stm32f4xx_tim.o(.text)
    TIM_SetIC3Prescaler                      0x08004f27   Thumb Code    18  stm32f4xx_tim.o(.text)
    TIM_SetIC2Prescaler                      0x08004f81   Thumb Code    26  stm32f4xx_tim.o(.text)
    TIM_SetIC1Prescaler                      0x08004ff5   Thumb Code    18  stm32f4xx_tim.o(.text)
    TIM_ICInit                               0x08005041   Thumb Code   110  stm32f4xx_tim.o(.text)
    TIM_ICStructInit                         0x080050af   Thumb Code    18  stm32f4xx_tim.o(.text)
    TIM_PWMIConfig                           0x080050c1   Thumb Code   124  stm32f4xx_tim.o(.text)
    TIM_GetCapture1                          0x0800513d   Thumb Code     6  stm32f4xx_tim.o(.text)
    TIM_GetCapture2                          0x08005143   Thumb Code     6  stm32f4xx_tim.o(.text)
    TIM_GetCapture3                          0x08005149   Thumb Code     6  stm32f4xx_tim.o(.text)
    TIM_GetCapture4                          0x0800514f   Thumb Code     6  stm32f4xx_tim.o(.text)
    TIM_BDTRConfig                           0x08005155   Thumb Code    32  stm32f4xx_tim.o(.text)
    TIM_BDTRStructInit                       0x08005175   Thumb Code    18  stm32f4xx_tim.o(.text)
    TIM_CtrlPWMOutputs                       0x08005187   Thumb Code    30  stm32f4xx_tim.o(.text)
    TIM_SelectCOM                            0x080051a5   Thumb Code    24  stm32f4xx_tim.o(.text)
    TIM_CCPreloadControl                     0x080051bd   Thumb Code    24  stm32f4xx_tim.o(.text)
    TIM_ITConfig                             0x080051d5   Thumb Code    18  stm32f4xx_tim.o(.text)
    TIM_GenerateEvent                        0x080051e7   Thumb Code     4  stm32f4xx_tim.o(.text)
    TIM_GetFlagStatus                        0x080051eb   Thumb Code    18  stm32f4xx_tim.o(.text)
    TIM_ClearFlag                            0x080051fd   Thumb Code     6  stm32f4xx_tim.o(.text)
    TIM_GetITStatus                          0x08005203   Thumb Code    34  stm32f4xx_tim.o(.text)
    TIM_ClearITPendingBit                    0x08005225   Thumb Code     6  stm32f4xx_tim.o(.text)
    TIM_DMAConfig                            0x0800522b   Thumb Code    10  stm32f4xx_tim.o(.text)
    TIM_DMACmd                               0x08005235   Thumb Code    18  stm32f4xx_tim.o(.text)
    TIM_SelectCCDMA                          0x08005247   Thumb Code    24  stm32f4xx_tim.o(.text)
    TIM_InternalClockConfig                  0x0800525f   Thumb Code    12  stm32f4xx_tim.o(.text)
    TIM_SelectInputTrigger                   0x0800526b   Thumb Code    18  stm32f4xx_tim.o(.text)
    TIM_ITRxExternalClockConfig              0x0800527d   Thumb Code    24  stm32f4xx_tim.o(.text)
    TIM_TIxExternalClockConfig               0x08005295   Thumb Code    62  stm32f4xx_tim.o(.text)
    TIM_ETRConfig                            0x080052d3   Thumb Code    28  stm32f4xx_tim.o(.text)
    TIM_ETRClockMode1Config                  0x080052ef   Thumb Code    54  stm32f4xx_tim.o(.text)
    TIM_ETRClockMode2Config                  0x08005325   Thumb Code    32  stm32f4xx_tim.o(.text)
    TIM_SelectOutputTrigger                  0x08005345   Thumb Code    18  stm32f4xx_tim.o(.text)
    TIM_SelectSlaveMode                      0x08005357   Thumb Code    18  stm32f4xx_tim.o(.text)
    TIM_SelectMasterSlaveMode                0x08005369   Thumb Code    18  stm32f4xx_tim.o(.text)
    TIM_EncoderInterfaceConfig               0x0800537b   Thumb Code    66  stm32f4xx_tim.o(.text)
    TIM_SelectHallSensor                     0x080053bd   Thumb Code    24  stm32f4xx_tim.o(.text)
    TIM_RemapConfig                          0x080053d5   Thumb Code     6  stm32f4xx_tim.o(.text)
    __aeabi_memcpy4                          0x080053db   Thumb Code     0  rt_memcpy_w.o(.text)
    __aeabi_memcpy8                          0x080053db   Thumb Code     0  rt_memcpy_w.o(.text)
    __rt_memcpy_w                            0x080053db   Thumb Code   100  rt_memcpy_w.o(.text)
    _memcpy_lastbytes_aligned                0x08005423   Thumb Code     0  rt_memcpy_w.o(.text)
    __aeabi_memclr4                          0x0800543f   Thumb Code     0  rt_memclr_w.o(.text)
    __aeabi_memclr8                          0x0800543f   Thumb Code     0  rt_memclr_w.o(.text)
    __rt_memclr_w                            0x0800543f   Thumb Code    78  rt_memclr_w.o(.text)
    _memset_w                                0x08005443   Thumb Code     0  rt_memclr_w.o(.text)
    __use_two_region_memory                  0x0800548d   Thumb Code     2  heapauxi.o(.text)
    __rt_heap_escrow$2region                 0x0800548f   Thumb Code     2  heapauxi.o(.text)
    __rt_heap_expand$2region                 0x08005491   Thumb Code     2  heapauxi.o(.text)
    __read_errno                             0x08005493   Thumb Code    10  _rserrno.o(.text)
    __set_errno                              0x0800549d   Thumb Code    12  _rserrno.o(.text)
    __aeabi_errno_addr                       0x080054a9   Thumb Code     8  rt_errno_addr_intlibspace.o(.text)
    __errno$intlibspace                      0x080054a9   Thumb Code     0  rt_errno_addr_intlibspace.o(.text)
    __rt_errno_addr$intlibspace              0x080054a9   Thumb Code     0  rt_errno_addr_intlibspace.o(.text)
    __user_libspace                          0x080054b1   Thumb Code     8  libspace.o(.text)
    __user_perproc_libspace                  0x080054b1   Thumb Code     0  libspace.o(.text)
    __user_perthread_libspace                0x080054b1   Thumb Code     0  libspace.o(.text)
    __user_setup_stackheap                   0x080054b9   Thumb Code    74  sys_stackheap_outer.o(.text)
    exit                                     0x08005503   Thumb Code    12  exit.o(.text)
    _sys_exit                                0x08005511   Thumb Code     8  sys_exit.o(.text)
    __I$use$semihosting                      0x0800551d   Thumb Code     0  use_no_semi.o(.text)
    __use_no_semihosting_swi                 0x0800551d   Thumb Code     2  use_no_semi.o(.text)
    __ARM_fpclassify                         0x0800551f   Thumb Code    48  fpclassify.o(i.__ARM_fpclassify)
    __semihosting_library_function           0x0800551f   Thumb Code     0  indicate_semi.o(.text)
    __hardfp_cos                             0x08005551   Thumb Code   200  cos.o(i.__hardfp_cos)
    __hardfp_pow                             0x08005629   Thumb Code  3048  pow.o(i.__hardfp_pow)
    __hardfp_sin                             0x08006261   Thumb Code   200  sin.o(i.__hardfp_sin)
    __hardfp_sqrt                            0x08006339   Thumb Code   122  sqrt.o(i.__hardfp_sqrt)
    __ieee754_rem_pio2                       0x080063b9   Thumb Code   938  rred.o(i.__ieee754_rem_pio2)
    __kernel_cos                             0x080067f1   Thumb Code   322  cos_i.o(i.__kernel_cos)
    __kernel_poly                            0x08006961   Thumb Code   248  poly.o(i.__kernel_poly)
    __kernel_sin                             0x08006a59   Thumb Code   280  sin_i.o(i.__kernel_sin)
    __mathlib_dbl_underflow                  0x08006b89   Thumb Code    24  dunder.o(i.__mathlib_dbl_underflow)
    fabs                                     0x08006ba9   Thumb Code    24  fabs.o(i.fabs)
    sqrt                                     0x08006bc1   Thumb Code   110  sqrt.o(i.sqrt)
    __aeabi_dneg                             0x08006c2f   Thumb Code     0  basic.o(x$fpl$basic)
    _dneg                                    0x08006c2f   Thumb Code     6  basic.o(x$fpl$basic)
    __aeabi_fneg                             0x08006c35   Thumb Code     0  basic.o(x$fpl$basic)
    _fneg                                    0x08006c35   Thumb Code     6  basic.o(x$fpl$basic)
    _dabs                                    0x08006c3b   Thumb Code     6  basic.o(x$fpl$basic)
    _fabs                                    0x08006c41   Thumb Code     6  basic.o(x$fpl$basic)
    __aeabi_d2f                              0x08006c49   Thumb Code     0  d2f.o(x$fpl$d2f)
    _d2f                                     0x08006c49   Thumb Code    98  d2f.o(x$fpl$d2f)
    __aeabi_dadd                             0x08006cad   Thumb Code     0  daddsub_clz.o(x$fpl$dadd)
    _dadd                                    0x08006cad   Thumb Code   332  daddsub_clz.o(x$fpl$dadd)
    __fpl_dcheck_NaN1                        0x08006dfd   Thumb Code    10  dcheck1.o(x$fpl$dcheck1)
    __fpl_dcmp_Inf                           0x08006e0d   Thumb Code    24  dcmpi.o(x$fpl$dcmpinf)
    __aeabi_ddiv                             0x08006e25   Thumb Code     0  ddiv.o(x$fpl$ddiv)
    _ddiv                                    0x08006e25   Thumb Code   552  ddiv.o(x$fpl$ddiv)
    __aeabi_d2iz                             0x080070d5   Thumb Code     0  dfix.o(x$fpl$dfix)
    _dfix                                    0x080070d5   Thumb Code    94  dfix.o(x$fpl$dfix)
    __aeabi_i2d                              0x08007133   Thumb Code     0  dflt_clz.o(x$fpl$dflt)
    _dflt                                    0x08007133   Thumb Code    46  dflt_clz.o(x$fpl$dflt)
    __aeabi_ui2d                             0x08007161   Thumb Code     0  dflt_clz.o(x$fpl$dfltu)
    _dfltu                                   0x08007161   Thumb Code    38  dflt_clz.o(x$fpl$dfltu)
    __aeabi_cdcmple                          0x08007189   Thumb Code     0  dleqf.o(x$fpl$dleqf)
    _dcmple                                  0x08007189   Thumb Code   120  dleqf.o(x$fpl$dleqf)
    __fpl_dcmple_InfNaN                      0x080071eb   Thumb Code     0  dleqf.o(x$fpl$dleqf)
    __aeabi_dmul                             0x08007201   Thumb Code     0  dmul.o(x$fpl$dmul)
    _dmul                                    0x08007201   Thumb Code   332  dmul.o(x$fpl$dmul)
    __fpl_dnaninf                            0x08007355   Thumb Code   156  dnaninf.o(x$fpl$dnaninf)
    __fpl_dretinf                            0x080073f1   Thumb Code    12  dretinf.o(x$fpl$dretinf)
    __aeabi_cdrcmple                         0x080073fd   Thumb Code     0  drleqf.o(x$fpl$drleqf)
    _drcmple                                 0x080073fd   Thumb Code   108  drleqf.o(x$fpl$drleqf)
    __aeabi_drsub                            0x08007469   Thumb Code     0  daddsub_clz.o(x$fpl$drsb)
    _drsb                                    0x08007469   Thumb Code    22  daddsub_clz.o(x$fpl$drsb)
    _dsqrt                                   0x08007481   Thumb Code   404  dsqrt_umaal.o(x$fpl$dsqrt)
    __aeabi_dsub                             0x08007619   Thumb Code     0  daddsub_clz.o(x$fpl$dsub)
    _dsub                                    0x08007619   Thumb Code   464  daddsub_clz.o(x$fpl$dsub)
    __aeabi_f2d                              0x080077ed   Thumb Code     0  f2d.o(x$fpl$f2d)
    _f2d                                     0x080077ed   Thumb Code    86  f2d.o(x$fpl$f2d)
    __fpl_fnaninf                            0x08007843   Thumb Code   140  fnaninf.o(x$fpl$fnaninf)
    _fp_init                                 0x080078cf   Thumb Code    10  fpinit.o(x$fpl$fpinit)
    __fplib_config_fpu_vfp                   0x080078d7   Thumb Code     0  fpinit.o(x$fpl$fpinit)
    __fplib_config_pureend_doubles           0x080078d7   Thumb Code     0  fpinit.o(x$fpl$fpinit)
    __fpl_fretinf                            0x080078d9   Thumb Code    10  fretinf.o(x$fpl$fretinf)
    __fpl_return_NaN                         0x080078e3   Thumb Code   100  retnan.o(x$fpl$retnan)
    __ARM_scalbn                             0x08007947   Thumb Code    92  scalbn.o(x$fpl$scalbn)
    __fpl_cmpreturn                          0x080079a3   Thumb Code    48  trapv.o(x$fpl$trapveneer)
    __I$use$fp                               0x080079d2   Number         0  usenofp.o(x$fpl$usenofp)
    __mathlib_zero                           0x08007a90   Data           8  qnan.o(.constdata)
    Region$$Table$$Base                      0x08007b88   Number         0  anon$$obj.o(Region$$Table)
    Region$$Table$$Limit                     0x08007ba8   Number         0  anon$$obj.o(Region$$Table)
    noselect                                 0x20000000   Data           4  main.o(.data)
    SystemCoreClock                          0x20000008   Data           4  system_stm32f4xx.o(.data)
    AHBPrescTable                            0x2000000c   Data          16  system_stm32f4xx.o(.data)
    While1_Lasttime                          0x20000028   Data           4  bsp.o(.data)
    NOW_TIME                                 0x2000002c   Data           4  bsp.o(.data)
    IMU_CYCTIME1                             0x20000030   Data           4  bsp.o(.data)
    IMU_CYCTIME2                             0x20000034   Data           4  bsp.o(.data)
    gpio                                     0x20000038   Data           8  bsp.o(.data)
    exti                                     0x20000040   Data           8  bsp.o(.data)
    nvic                                     0x20000048   Data           4  bsp.o(.data)
    time                                     0x20000050   Data           2  delay.o(.data)
    Yaw_Angle                                0x20000054   Data           4  usart1_imu.o(.data)
    TxCounter                                0x20000058   Data           1  usart1_imu.o(.data)
    count                                    0x20000059   Data           1  usart1_imu.o(.data)
    rx_queue                                 0x20000070   Data         140  main.o(.bss)
    radBufferRS485                           0x200000fc   Data          99  main.o(.bss)
    Ke                                       0x20000160   Data         120  main.o(.bss)
    System                                   0x200001d8   Data          24  main.o(.bss)
    Len_M                                    0x200001f0   Data          12  four_motor.o(.bss)
    Global_C                                 0x200001fc   Data          12  four_motor.o(.bss)
    tim                                      0x2000025c   Data          12  bsp.o(.bss)
    oc                                       0x20000268   Data          20  bsp.o(.bss)
    stcAcc                                   0x20000280   Data          32  usart1_imu.o(.bss)
    stcGyro                                  0x200002a0   Data          32  usart1_imu.o(.bss)
    stcAngle                                 0x200002c0   Data          32  usart1_imu.o(.bss)
    ucRxBuffer                               0x200002e0   Data         250  usart1_imu.o(.bss)
    TxBuffer                                 0x200003da   Data         256  usart1_imu.o(.bss)
    __libspace_start                         0x200004dc   Data          96  libspace.o(.bss)
    __temporary_stack_top$libspace           0x2000053c   Data           0  libspace.o(.bss)



==============================================================================

Memory Map of the image

  Image Entry point : 0x08000189

  Load Region LR_IROM1 (Base: 0x08000000, Size: 0x00007c18, Max: 0x00100000, ABSOLUTE)

    Execution Region ER_IROM1 (Base: 0x08000000, Size: 0x00007ba8, Max: 0x00100000, ABSOLUTE)

    Base Addr    Size         Type   Attr      Idx    E Section Name        Object

    0x08000000   0x00000188   Data   RO          496    RESET               startup_stm32f40_41xxx.o
    0x08000188   0x00000008   Code   RO          674  * !!!main             c_w.l(__main.o)
    0x08000190   0x00000034   Code   RO          965    !!!scatter          c_w.l(__scatter.o)
    0x080001c4   0x0000001a   Code   RO          967    !!handler_copy      c_w.l(__scatter_copy.o)
    0x080001de   0x00000002   PAD
    0x080001e0   0x0000001c   Code   RO          969    !!handler_zi        c_w.l(__scatter_zi.o)
    0x080001fc   0x00000002   Code   RO          837    .ARM.Collect$$libinit$$00000000  c_w.l(libinit.o)
    0x080001fe   0x00000004   Code   RO          842    .ARM.Collect$$libinit$$00000001  c_w.l(libinit2.o)
    0x08000202   0x00000000   Code   RO          846    .ARM.Collect$$libinit$$00000008  c_w.l(libinit2.o)
    0x08000202   0x00000000   Code   RO          848    .ARM.Collect$$libinit$$0000000A  c_w.l(libinit2.o)
    0x08000202   0x00000000   Code   RO          850    .ARM.Collect$$libinit$$0000000C  c_w.l(libinit2.o)
    0x08000202   0x00000000   Code   RO          853    .ARM.Collect$$libinit$$0000000F  c_w.l(libinit2.o)
    0x08000202   0x00000000   Code   RO          855    .ARM.Collect$$libinit$$00000011  c_w.l(libinit2.o)
    0x08000202   0x00000000   Code   RO          857    .ARM.Collect$$libinit$$00000013  c_w.l(libinit2.o)
    0x08000202   0x00000000   Code   RO          859    .ARM.Collect$$libinit$$00000015  c_w.l(libinit2.o)
    0x08000202   0x00000000   Code   RO          861    .ARM.Collect$$libinit$$00000017  c_w.l(libinit2.o)
    0x08000202   0x00000000   Code   RO          863    .ARM.Collect$$libinit$$00000019  c_w.l(libinit2.o)
    0x08000202   0x00000000   Code   RO          865    .ARM.Collect$$libinit$$0000001B  c_w.l(libinit2.o)
    0x08000202   0x00000000   Code   RO          867    .ARM.Collect$$libinit$$0000001D  c_w.l(libinit2.o)
    0x08000202   0x00000000   Code   RO          869    .ARM.Collect$$libinit$$0000001F  c_w.l(libinit2.o)
    0x08000202   0x00000000   Code   RO          871    .ARM.Collect$$libinit$$00000021  c_w.l(libinit2.o)
    0x08000202   0x00000000   Code   RO          873    .ARM.Collect$$libinit$$00000023  c_w.l(libinit2.o)
    0x08000202   0x00000000   Code   RO          877    .ARM.Collect$$libinit$$0000002A  c_w.l(libinit2.o)
    0x08000202   0x00000000   Code   RO          879    .ARM.Collect$$libinit$$0000002C  c_w.l(libinit2.o)
    0x08000202   0x00000000   Code   RO          881    .ARM.Collect$$libinit$$0000002E  c_w.l(libinit2.o)
    0x08000202   0x00000000   Code   RO          883    .ARM.Collect$$libinit$$00000030  c_w.l(libinit2.o)
    0x08000202   0x00000002   Code   RO          884    .ARM.Collect$$libinit$$00000031  c_w.l(libinit2.o)
    0x08000204   0x00000002   Code   RO          906    .ARM.Collect$$libshutdown$$00000000  c_w.l(libshutdown.o)
    0x08000206   0x00000000   Code   RO          920    .ARM.Collect$$libshutdown$$00000003  c_w.l(libshutdown2.o)
    0x08000206   0x00000000   Code   RO          923    .ARM.Collect$$libshutdown$$00000006  c_w.l(libshutdown2.o)
    0x08000206   0x00000000   Code   RO          926    .ARM.Collect$$libshutdown$$00000009  c_w.l(libshutdown2.o)
    0x08000206   0x00000000   Code   RO          928    .ARM.Collect$$libshutdown$$0000000B  c_w.l(libshutdown2.o)
    0x08000206   0x00000000   Code   RO          931    .ARM.Collect$$libshutdown$$0000000E  c_w.l(libshutdown2.o)
    0x08000206   0x00000002   Code   RO          932    .ARM.Collect$$libshutdown$$0000000F  c_w.l(libshutdown2.o)
    0x08000208   0x00000000   Code   RO          750    .ARM.Collect$$rtentry$$00000000  c_w.l(rtentry.o)
    0x08000208   0x00000000   Code   RO          798    .ARM.Collect$$rtentry$$00000002  c_w.l(rtentry2.o)
    0x08000208   0x00000006   Code   RO          810    .ARM.Collect$$rtentry$$00000004  c_w.l(rtentry4.o)
    0x0800020e   0x00000000   Code   RO          800    .ARM.Collect$$rtentry$$00000009  c_w.l(rtentry2.o)
    0x0800020e   0x00000004   Code   RO          801    .ARM.Collect$$rtentry$$0000000A  c_w.l(rtentry2.o)
    0x08000212   0x00000000   Code   RO          803    .ARM.Collect$$rtentry$$0000000C  c_w.l(rtentry2.o)
    0x08000212   0x00000008   Code   RO          804    .ARM.Collect$$rtentry$$0000000D  c_w.l(rtentry2.o)
    0x0800021a   0x00000002   Code   RO          840    .ARM.Collect$$rtexit$$00000000  c_w.l(rtexit.o)
    0x0800021c   0x00000000   Code   RO          888    .ARM.Collect$$rtexit$$00000002  c_w.l(rtexit2.o)
    0x0800021c   0x00000004   Code   RO          889    .ARM.Collect$$rtexit$$00000003  c_w.l(rtexit2.o)
    0x08000220   0x00000006   Code   RO          890    .ARM.Collect$$rtexit$$00000004  c_w.l(rtexit2.o)
    0x08000226   0x00000002   PAD
    0x08000228   0x00000940   Code   RO            3    .text               main.o
    0x08000b68   0x0000001a   Code   RO          166    .text               stm32f4xx_it.o
    0x08000b82   0x00000002   PAD
    0x08000b84   0x00000210   Code   RO          215    .text               system_stm32f4xx.o
    0x08000d94   0x000001ac   Code   RO          241    .text               can.o
    0x08000f40   0x0000003c   Code   RO          264    .text               led.o
    0x08000f7c   0x00000080   Code   RO          282    .text               queue.o
    0x08000ffc   0x000006e8   Code   RO          299    .text               four_motor.o
    0x080016e4   0x000003f0   Code   RO          336    .text               tracks_gui.o
    0x08001ad4   0x00000b28   Code   RO          362    .text               tf.o
    0x080025fc   0x000001a8   Code   RO          382    .text               bsp.o
    0x080027a4   0x00000134   Code   RO          410    .text               usart3.o
    0x080028d8   0x00000150   Code   RO          431    .text               delay.o
    0x08002a28   0x000004bc   Code   RO          454    .text               usart1_imu.o
    0x08002ee4   0x00000040   Code   RO          497    .text               startup_stm32f40_41xxx.o
    0x08002f24   0x000000e0   Code   RO          503    .text               misc.o
    0x08003004   0x00000294   Code   RO          523    .text               stm32f4xx_gpio.o
    0x08003298   0x0000065c   Code   RO          566    .text               stm32f4xx_rcc.o
    0x080038f4   0x00000454   Code   RO          608    .text               stm32f4xx_usart.o
    0x08003d48   0x000009f0   Code   RO          628    .text               stm32f4xx_can.o
    0x08004738   0x00000ca2   Code   RO          648    .text               stm32f4xx_tim.o
    0x080053da   0x00000064   Code   RO          668    .text               c_w.l(rt_memcpy_w.o)
    0x0800543e   0x0000004e   Code   RO          670    .text               c_w.l(rt_memclr_w.o)
    0x0800548c   0x00000006   Code   RO          672    .text               c_w.l(heapauxi.o)
    0x08005492   0x00000016   Code   RO          751    .text               c_w.l(_rserrno.o)
    0x080054a8   0x00000008   Code   RO          815    .text               c_w.l(rt_errno_addr_intlibspace.o)
    0x080054b0   0x00000008   Code   RO          825    .text               c_w.l(libspace.o)
    0x080054b8   0x0000004a   Code   RO          828    .text               c_w.l(sys_stackheap_outer.o)
    0x08005502   0x0000000c   Code   RO          830    .text               c_w.l(exit.o)
    0x0800550e   0x00000002   PAD
    0x08005510   0x0000000c   Code   RO          898    .text               c_w.l(sys_exit.o)
    0x0800551c   0x00000002   Code   RO          909    .text               c_w.l(use_no_semi.o)
    0x0800551e   0x00000000   Code   RO          911    .text               c_w.l(indicate_semi.o)
    0x0800551e   0x00000030   Code   RO          781    i.__ARM_fpclassify  m_wm.l(fpclassify.o)
    0x0800554e   0x00000002   PAD
    0x08005550   0x000000d8   Code   RO          700    i.__hardfp_cos      m_wm.l(cos.o)
    0x08005628   0x00000c38   Code   RO          712    i.__hardfp_pow      m_wm.l(pow.o)
    0x08006260   0x000000d8   Code   RO          726    i.__hardfp_sin      m_wm.l(sin.o)
    0x08006338   0x0000007a   Code   RO          738    i.__hardfp_sqrt     m_wm.l(sqrt.o)
    0x080063b2   0x00000006   PAD
    0x080063b8   0x00000438   Code   RO          786    i.__ieee754_rem_pio2  m_wm.l(rred.o)
    0x080067f0   0x00000170   Code   RO          770    i.__kernel_cos      m_wm.l(cos_i.o)
    0x08006960   0x000000f8   Code   RO          783    i.__kernel_poly     m_wm.l(poly.o)
    0x08006a58   0x00000130   Code   RO          791    i.__kernel_sin      m_wm.l(sin_i.o)
    0x08006b88   0x00000020   Code   RO          773    i.__mathlib_dbl_underflow  m_wm.l(dunder.o)
    0x08006ba8   0x00000018   Code   RO          777    i.fabs              m_wm.l(fabs.o)
    0x08006bc0   0x0000006e   Code   RO          740    i.sqrt              m_wm.l(sqrt.o)
    0x08006c2e   0x00000018   Code   RO          676    x$fpl$basic         fz_wm.l(basic.o)
    0x08006c46   0x00000002   PAD
    0x08006c48   0x00000062   Code   RO          678    x$fpl$d2f           fz_wm.l(d2f.o)
    0x08006caa   0x00000002   PAD
    0x08006cac   0x00000150   Code   RO          680    x$fpl$dadd          fz_wm.l(daddsub_clz.o)
    0x08006dfc   0x00000010   Code   RO          817    x$fpl$dcheck1       fz_wm.l(dcheck1.o)
    0x08006e0c   0x00000018   Code   RO          819    x$fpl$dcmpinf       fz_wm.l(dcmpi.o)
    0x08006e24   0x000002b0   Code   RO          687    x$fpl$ddiv          fz_wm.l(ddiv.o)
    0x080070d4   0x0000005e   Code   RO          821    x$fpl$dfix          fz_wm.l(dfix.o)
    0x08007132   0x0000002e   Code   RO          691    x$fpl$dflt          fz_wm.l(dflt_clz.o)
    0x08007160   0x00000026   Code   RO          690    x$fpl$dfltu         fz_wm.l(dflt_clz.o)
    0x08007186   0x00000002   PAD
    0x08007188   0x00000078   Code   RO          753    x$fpl$dleqf         fz_wm.l(dleqf.o)
    0x08007200   0x00000154   Code   RO          696    x$fpl$dmul          fz_wm.l(dmul.o)
    0x08007354   0x0000009c   Code   RO          755    x$fpl$dnaninf       fz_wm.l(dnaninf.o)
    0x080073f0   0x0000000c   Code   RO          757    x$fpl$dretinf       fz_wm.l(dretinf.o)
    0x080073fc   0x0000006c   Code   RO          759    x$fpl$drleqf        fz_wm.l(drleqf.o)
    0x08007468   0x00000016   Code   RO          681    x$fpl$drsb          fz_wm.l(daddsub_clz.o)
    0x0800747e   0x00000002   PAD
    0x08007480   0x00000198   Code   RO          761    x$fpl$dsqrt         fz_wm.l(dsqrt_umaal.o)
    0x08007618   0x000001d4   Code   RO          682    x$fpl$dsub          fz_wm.l(daddsub_clz.o)
    0x080077ec   0x00000056   Code   RO          698    x$fpl$f2d           fz_wm.l(f2d.o)
    0x08007842   0x0000008c   Code   RO          763    x$fpl$fnaninf       fz_wm.l(fnaninf.o)
    0x080078ce   0x0000000a   Code   RO          896    x$fpl$fpinit        fz_wm.l(fpinit.o)
    0x080078d8   0x0000000a   Code   RO          765    x$fpl$fretinf       fz_wm.l(fretinf.o)
    0x080078e2   0x00000064   Code   RO          838    x$fpl$retnan        fz_wm.l(retnan.o)
    0x08007946   0x0000005c   Code   RO          767    x$fpl$scalbn        fz_wm.l(scalbn.o)
    0x080079a2   0x00000030   Code   RO          885    x$fpl$trapveneer    fz_wm.l(trapv.o)
    0x080079d2   0x00000000   Code   RO          769    x$fpl$usenofp       fz_wm.l(usenofp.o)
    0x080079d2   0x00000006   PAD
    0x080079d8   0x00000088   Data   RO          715    .constdata          m_wm.l(pow.o)
    0x08007a60   0x00000030   Data   RO          771    .constdata          m_wm.l(cos_i.o)
    0x08007a90   0x00000008   Data   RO          785    .constdata          m_wm.l(qnan.o)
    0x08007a98   0x000000c8   Data   RO          788    .constdata          m_wm.l(rred.o)
    0x08007b60   0x00000028   Data   RO          792    .constdata          m_wm.l(sin_i.o)
    0x08007b88   0x00000020   Data   RO          963    Region$$Table       anon$$obj.o


    Execution Region RW_IRAM1 (Base: 0x20000000, Size: 0x00000b40, Max: 0x00020000, ABSOLUTE)

    Base Addr    Size         Type   Attr      Idx    E Section Name        Object

    0x20000000   0x00000006   Data   RW            5    .data               main.o
    0x20000006   0x00000002   PAD
    0x20000008   0x00000014   Data   RW          216    .data               system_stm32f4xx.o
    0x2000001c   0x00000006   Data   RW          301    .data               four_motor.o
    0x20000022   0x00000002   PAD
    0x20000024   0x00000004   Data   RW          338    .data               tracks_gui.o
    0x20000028   0x00000028   Data   RW          384    .data               bsp.o
    0x20000050   0x00000002   Data   RW          432    .data               delay.o
    0x20000052   0x00000002   PAD
    0x20000054   0x00000009   Data   RW          456    .data               usart1_imu.o
    0x2000005d   0x00000010   Data   RW          567    .data               stm32f4xx_rcc.o
    0x2000006d   0x00000003   PAD
    0x20000070   0x00000180   Zero   RW            4    .bss                main.o
    0x200001f0   0x00000024   Zero   RW          300    .bss                four_motor.o
    0x20000214   0x00000048   Zero   RW          337    .bss                tracks_gui.o
    0x2000025c   0x00000020   Zero   RW          383    .bss                bsp.o
    0x2000027c   0x00000004   PAD
    0x20000280   0x0000025a   Zero   RW          455    .bss                usart1_imu.o
    0x200004da   0x00000002   PAD
    0x200004dc   0x00000060   Zero   RW          826    .bss                c_w.l(libspace.o)
    0x2000053c   0x00000004   PAD
    0x20000540   0x00000200   Zero   RW          495    HEAP                startup_stm32f40_41xxx.o
    0x20000740   0x00000400   Zero   RW          494    STACK               startup_stm32f40_41xxx.o


==============================================================================

Image component sizes


      Code (inc. data)   RO Data    RW Data    ZI Data      Debug   Object Name

       424         40          0         40         32       1881   bsp.o
       428         10          0          0          0       2296   can.o
       336         18          0          2          0       2804   delay.o
      1768         84          0          6         36       5806   four_motor.o
        60          6          0          0          0        623   led.o
      2368         56          0          6        384     300098   main.o
       224         20          0          0          0       2013   misc.o
       128          0          0          0          0       1900   queue.o
        64         26        392          0       1536        932   startup_stm32f40_41xxx.o
      2544         38          0          0          0       8164   stm32f4xx_can.o
       660         44          0          0          0       4289   stm32f4xx_gpio.o
        26          0          0          0          0       1318   stm32f4xx_it.o
      1628         52          0         16          0      13176   stm32f4xx_rcc.o
      3234         60          0          0          0      22492   stm32f4xx_tim.o
      1108         34          0          0          0       7988   stm32f4xx_usart.o
       528         46          0         20          0       2071   system_stm32f4xx.o
      2856         96          0          0          0       2466   tf.o
      1008         70          0          4         72       2972   tracks_gui.o
      1212         92          0          9        602       3284   usart1_imu.o
       308         18          0          0          0       1355   usart3.o

    ----------------------------------------------------------------------
     20914        810        424        112       2668     387928   Object Totals
         0          0         32          0          0          0   (incl. Generated)
         2          0          0          9          6          0   (incl. Padding)

    ----------------------------------------------------------------------

      Code (inc. data)   RO Data    RW Data    ZI Data      Debug   Library Member Name

         8          0          0          0          0         68   __main.o
        52          8          0          0          0          0   __scatter.o
        26          0          0          0          0          0   __scatter_copy.o
        28          0          0          0          0          0   __scatter_zi.o
        22          0          0          0          0        100   _rserrno.o
        12          0          0          0          0         72   exit.o
         6          0          0          0          0        152   heapauxi.o
         0          0          0          0          0          0   indicate_semi.o
         2          0          0          0          0          0   libinit.o
         6          0          0          0          0          0   libinit2.o
         2          0          0          0          0          0   libshutdown.o
         2          0          0          0          0          0   libshutdown2.o
         8          4          0          0         96         68   libspace.o
         8          4          0          0          0         68   rt_errno_addr_intlibspace.o
        78          0          0          0          0         80   rt_memclr_w.o
       100          0          0          0          0         80   rt_memcpy_w.o
         0          0          0          0          0          0   rtentry.o
        12          0          0          0          0          0   rtentry2.o
         6          0          0          0          0          0   rtentry4.o
         2          0          0          0          0          0   rtexit.o
        10          0          0          0          0          0   rtexit2.o
        12          4          0          0          0         68   sys_exit.o
        74          0          0          0          0         80   sys_stackheap_outer.o
         2          0          0          0          0         68   use_no_semi.o
        24          0          0          0          0        164   basic.o
        98          4          0          0          0        140   d2f.o
       826         16          0          0          0        492   daddsub_clz.o
        16          4          0          0          0        116   dcheck1.o
        24          0          0          0          0        116   dcmpi.o
       688        140          0          0          0        256   ddiv.o
        94          4          0          0          0        140   dfix.o
        84          0          0          0          0        232   dflt_clz.o
       120          4          0          0          0        140   dleqf.o
       340         12          0          0          0        152   dmul.o
       156          4          0          0          0        140   dnaninf.o
        12          0          0          0          0        116   dretinf.o
       108          0          0          0          0        128   drleqf.o
       408         56          0          0          0        168   dsqrt_umaal.o
        86          4          0          0          0        132   f2d.o
       140          4          0          0          0        132   fnaninf.o
        10          0          0          0          0        116   fpinit.o
        10          0          0          0          0        116   fretinf.o
       100          0          0          0          0        116   retnan.o
        92          0          0          0          0        116   scalbn.o
        48          0          0          0          0        116   trapv.o
         0          0          0          0          0          0   usenofp.o
       216         16          0          0          0        152   cos.o
       368         46         48          0          0        200   cos_i.o
        32          8          0          0          0        124   dunder.o
        24          0          0          0          0        124   fabs.o
        48          0          0          0          0        124   fpclassify.o
       248          0          0          0          0        152   poly.o
      3128        304        136          0          0        216   pow.o
         0          0          8          0          0          0   qnan.o
      1080        142        200          0          0        188   rred.o
       216         16          0          0          0        152   sin.o
       304         24         40          0          0        208   sin_i.o
       232          0          0          0          0        296   sqrt.o

    ----------------------------------------------------------------------
      9886        828        432          0        100       6184   Library Totals
        28          0          0          0          4          0   (incl. Padding)

    ----------------------------------------------------------------------

      Code (inc. data)   RO Data    RW Data    ZI Data      Debug   Library Name

       478         20          0          0         96        904   c_w.l
      3484        252          0          0          0       3344   fz_wm.l
      5896        556        432          0          0       1936   m_wm.l

    ----------------------------------------------------------------------
      9886        828        432          0        100       6184   Library Totals

    ----------------------------------------------------------------------

==============================================================================


      Code (inc. data)   RO Data    RW Data    ZI Data      Debug   

     30800       1638        856        112       2768     386748   Grand Totals
     30800       1638        856        112       2768     386748   ELF Image Totals
     30800       1638        856        112          0          0   ROM Totals

==============================================================================

    Total RO  Size (Code + RO Data)                31656 (  30.91kB)
    Total RW  Size (RW Data + ZI Data)              2880 (   2.81kB)
    Total ROM Size (Code + RO Data + RW Data)      31768 (  31.02kB)

==============================================================================

